Java HotSpot(TM) 64-Bit Server VM (25.161-b12) for bsd-amd64 JRE (1.8.0_161-b12), built on Dec 19 2017 16:22:20 by "java_re" with gcc 4.2.1 (Based on Apple Inc. build 5658) (LLVM build 2336.11.00)
Memory: 4k page, physical 8388608k(48448k free)

/proc/meminfo:

CommandLine flags: -XX:+ExplicitGCInvokesConcurrent -XX:GCLogFileSize=104857600 -XX:InitialHeapSize=1073741824 -XX:InitiatingHeapOccupancyPercent=35 -XX:+ManagementServer -XX:MaxGCPauseMillis=20 -XX:MaxHeapSize=1073741824 -XX:NumberOfGCLogFiles=10 -XX:+PrintGC -XX:+PrintGCDateStamps -XX:+PrintGCDetails -XX:+PrintGCTimeStamps -XX:+UseCompressedClassPointers -XX:+UseCompressedOops -XX:+UseG1GC -XX:+UseGCLogFileRotation 
2019-11-21T11:36:31.880+0600: 1.578: [GC pause (G1 Evacuation Pause) (young), 0.0109152 secs]
   [Parallel Time: 5.2 ms, GC Workers: 4]
      [GC Worker Start (ms): Min: 1578.7, Avg: 1578.8, Max: 1579.0, Diff: 0.4]
      [Ext Root Scanning (ms): Min: 0.4, Avg: 1.0, Max: 2.0, Diff: 1.6, Sum: 4.0]
      [Update RS (ms): Min: 0.0, Avg: 0.0, Max: 0.0, Diff: 0.0, Sum: 0.0]
         [Processed Buffers: Min: 0, Avg: 0.0, Max: 0, Diff: 0, Sum: 0]
      [Scan RS (ms): Min: 0.0, Avg: 0.0, Max: 0.0, Diff: 0.0, Sum: 0.0]
      [Code Root Scanning (ms): Min: 0.0, Avg: 0.2, Max: 0.4, Diff: 0.4, Sum: 1.0]
      [Object Copy (ms): Min: 3.2, Avg: 3.8, Max: 4.2, Diff: 1.0, Sum: 15.1]
      [Termination (ms): Min: 0.0, Avg: 0.0, Max: 0.0, Diff: 0.0, Sum: 0.0]
         [Termination Attempts: Min: 1, Avg: 4.5, Max: 8, Diff: 7, Sum: 18]
      [GC Worker Other (ms): Min: 0.0, Avg: 0.0, Max: 0.0, Diff: 0.0, Sum: 0.1]
      [GC Worker Total (ms): Min: 4.8, Avg: 5.1, Max: 5.2, Diff: 0.4, Sum: 20.3]
      [GC Worker End (ms): Min: 1583.8, Avg: 1583.8, Max: 1583.8, Diff: 0.0]
   [Code Root Fixup: 0.0 ms]
   [Code Root Purge: 0.1 ms]
   [Clear CT: 0.1 ms]
   [Other: 5.5 ms]
      [Choose CSet: 0.0 ms]
      [Ref Proc: 4.9 ms]
      [Ref Enq: 0.0 ms]
      [Redirty Cards: 0.1 ms]
      [Humongous Register: 0.2 ms]
      [Humongous Reclaim: 0.0 ms]
      [Free CSet: 0.2 ms]
   [Eden: 51.0M(51.0M)->0.0B(44.0M) Survivors: 0.0B->7168.0K Heap: 51.0M(1024.0M)->8860.0K(1024.0M)]
 [Times: user=0.02 sys=0.00, real=0.01 secs] 
2019-11-21T11:36:32.166+0600: 1.864: [GC pause (Metadata GC Threshold) (young) (initial-mark), 0.0049008 secs]
   [Parallel Time: 3.5 ms, GC Workers: 4]
      [GC Worker Start (ms): Min: 1864.6, Avg: 1864.6, Max: 1864.6, Diff: 0.0]
      [Ext Root Scanning (ms): Min: 0.5, Avg: 0.6, Max: 0.7, Diff: 0.2, Sum: 2.2]
      [Update RS (ms): Min: 0.0, Avg: 0.1, Max: 0.2, Diff: 0.2, Sum: 0.2]
         [Processed Buffers: Min: 0, Avg: 0.5, Max: 1, Diff: 1, Sum: 2]
      [Scan RS (ms): Min: 0.0, Avg: 0.0, Max: 0.0, Diff: 0.0, Sum: 0.0]
      [Code Root Scanning (ms): Min: 0.0, Avg: 0.2, Max: 0.8, Diff: 0.8, Sum: 0.8]
      [Object Copy (ms): Min: 2.1, Avg: 2.6, Max: 2.9, Diff: 0.8, Sum: 10.3]
      [Termination (ms): Min: 0.0, Avg: 0.0, Max: 0.0, Diff: 0.0, Sum: 0.0]
         [Termination Attempts: Min: 1, Avg: 3.2, Max: 5, Diff: 4, Sum: 13]
      [GC Worker Other (ms): Min: 0.0, Avg: 0.0, Max: 0.0, Diff: 0.0, Sum: 0.0]
      [GC Worker Total (ms): Min: 3.4, Avg: 3.4, Max: 3.4, Diff: 0.0, Sum: 13.6]
      [GC Worker End (ms): Min: 1868.0, Avg: 1868.0, Max: 1868.0, Diff: 0.0]
   [Code Root Fixup: 0.0 ms]
   [Code Root Purge: 0.0 ms]
   [Clear CT: 0.1 ms]
   [Other: 1.3 ms]
      [Choose CSet: 0.0 ms]
      [Ref Proc: 1.1 ms]
      [Ref Enq: 0.0 ms]
      [Redirty Cards: 0.0 ms]
      [Humongous Register: 0.0 ms]
      [Humongous Reclaim: 0.0 ms]
      [Free CSet: 0.0 ms]
   [Eden: 15.0M(44.0M)->0.0B(44.0M) Survivors: 7168.0K->7168.0K Heap: 23.7M(1024.0M)->10211.0K(1024.0M)]
 [Times: user=0.01 sys=0.00, real=0.01 secs] 
2019-11-21T11:36:32.171+0600: 1.869: [GC concurrent-root-region-scan-start]
2019-11-21T11:36:32.175+0600: 1.873: [GC concurrent-root-region-scan-end, 0.0035619 secs]
2019-11-21T11:36:32.175+0600: 1.873: [GC concurrent-mark-start]
2019-11-21T11:36:32.175+0600: 1.873: [GC concurrent-mark-end, 0.0003196 secs]
2019-11-21T11:36:32.175+0600: 1.873: [GC remark 2019-11-21T11:36:32.175+0600: 1.873: [Finalize Marking, 0.0006535 secs] 2019-11-21T11:36:32.176+0600: 1.874: [GC ref-proc, 0.0000756 secs] 2019-11-21T11:36:32.176+0600: 1.874: [Unloading, 0.0023206 secs], 0.0032200 secs]
 [Times: user=0.01 sys=0.01, real=0.00 secs] 
2019-11-21T11:36:32.178+0600: 1.877: [GC cleanup 10M->9919K(1024M), 0.0005934 secs]
 [Times: user=0.00 sys=0.00, real=0.00 secs] 
2019-11-21T11:36:32.179+0600: 1.877: [GC concurrent-cleanup-start]
2019-11-21T11:36:32.179+0600: 1.877: [GC concurrent-cleanup-end, 0.0000098 secs]
2019-11-21T11:36:32.939+0600: 2.637: [GC pause (G1 Evacuation Pause) (young), 0.0122886 secs]
   [Parallel Time: 9.8 ms, GC Workers: 4]
      [GC Worker Start (ms): Min: 2637.4, Avg: 2637.4, Max: 2637.4, Diff: 0.0]
      [Ext Root Scanning (ms): Min: 0.6, Avg: 0.9, Max: 1.6, Diff: 1.0, Sum: 3.6]
      [Update RS (ms): Min: 0.0, Avg: 0.1, Max: 0.3, Diff: 0.3, Sum: 0.5]
         [Processed Buffers: Min: 0, Avg: 0.8, Max: 1, Diff: 1, Sum: 3]
      [Scan RS (ms): Min: 0.0, Avg: 0.0, Max: 0.0, Diff: 0.0, Sum: 0.0]
      [Code Root Scanning (ms): Min: 0.0, Avg: 0.9, Max: 2.0, Diff: 2.0, Sum: 3.8]
      [Object Copy (ms): Min: 6.7, Avg: 7.6, Max: 8.1, Diff: 1.4, Sum: 30.5]
      [Termination (ms): Min: 0.0, Avg: 0.1, Max: 0.1, Diff: 0.1, Sum: 0.3]
         [Termination Attempts: Min: 1, Avg: 8.2, Max: 15, Diff: 14, Sum: 33]
      [GC Worker Other (ms): Min: 0.0, Avg: 0.0, Max: 0.0, Diff: 0.0, Sum: 0.0]
      [GC Worker Total (ms): Min: 9.7, Avg: 9.7, Max: 9.7, Diff: 0.0, Sum: 38.7]
      [GC Worker End (ms): Min: 2647.0, Avg: 2647.0, Max: 2647.0, Diff: 0.0]
   [Code Root Fixup: 0.1 ms]
   [Code Root Purge: 0.0 ms]
   [Clear CT: 0.1 ms]
   [Other: 2.4 ms]
      [Choose CSet: 0.0 ms]
      [Ref Proc: 2.0 ms]
      [Ref Enq: 0.0 ms]
      [Redirty Cards: 0.0 ms]
      [Humongous Register: 0.0 ms]
      [Humongous Reclaim: 0.0 ms]
      [Free CSet: 0.2 ms]
   [Eden: 44.0M(44.0M)->0.0B(44.0M) Survivors: 7168.0K->7168.0K Heap: 181.0M(1024.0M)->142.5M(1024.0M)]
 [Times: user=0.03 sys=0.01, real=0.02 secs] 
2019-11-21T11:36:39.588+0600: 9.286: [GC pause (G1 Evacuation Pause) (young), 0.0106769 secs]
   [Parallel Time: 7.0 ms, GC Workers: 4]
      [GC Worker Start (ms): Min: 9286.2, Avg: 9286.9, Max: 9287.7, Diff: 1.4]
      [Ext Root Scanning (ms): Min: 0.1, Avg: 0.8, Max: 1.5, Diff: 1.4, Sum: 3.1]
      [Update RS (ms): Min: 0.3, Avg: 0.4, Max: 0.6, Diff: 0.4, Sum: 1.4]
         [Processed Buffers: Min: 1, Avg: 6.2, Max: 9, Diff: 8, Sum: 25]
      [Scan RS (ms): Min: 0.0, Avg: 0.2, Max: 0.3, Diff: 0.3, Sum: 0.7]
      [Code Root Scanning (ms): Min: 0.0, Avg: 0.1, Max: 0.2, Diff: 0.2, Sum: 0.6]
      [Object Copy (ms): Min: 4.6, Avg: 4.6, Max: 4.7, Diff: 0.1, Sum: 18.4]
      [Termination (ms): Min: 0.0, Avg: 0.1, Max: 0.2, Diff: 0.2, Sum: 0.5]
         [Termination Attempts: Min: 1, Avg: 1.0, Max: 1, Diff: 0, Sum: 4]
      [GC Worker Other (ms): Min: 0.0, Avg: 0.0, Max: 0.0, Diff: 0.0, Sum: 0.0]
      [GC Worker Total (ms): Min: 5.4, Avg: 6.2, Max: 6.9, Diff: 1.5, Sum: 24.8]
      [GC Worker End (ms): Min: 9293.1, Avg: 9293.1, Max: 9293.1, Diff: 0.1]
   [Code Root Fixup: 0.0 ms]
   [Code Root Purge: 0.0 ms]
   [Clear CT: 0.1 ms]
   [Other: 3.6 ms]
      [Choose CSet: 0.0 ms]
      [Ref Proc: 3.3 ms]
      [Ref Enq: 0.0 ms]
      [Redirty Cards: 0.1 ms]
      [Humongous Register: 0.0 ms]
      [Humongous Reclaim: 0.0 ms]
      [Free CSet: 0.1 ms]
   [Eden: 44.0M(44.0M)->0.0B(44.0M) Survivors: 7168.0K->7168.0K Heap: 186.5M(1024.0M)->145.5M(1024.0M)]
 [Times: user=0.02 sys=0.00, real=0.01 secs] 
2019-11-21T11:36:48.076+0600: 17.774: [GC pause (Metadata GC Threshold) (young) (initial-mark), 0.0099394 secs]
   [Parallel Time: 8.4 ms, GC Workers: 4]
      [GC Worker Start (ms): Min: 17774.3, Avg: 17774.6, Max: 17775.4, Diff: 1.1]
      [Ext Root Scanning (ms): Min: 0.3, Avg: 1.1, Max: 1.9, Diff: 1.6, Sum: 4.5]
      [Update RS (ms): Min: 0.0, Avg: 0.3, Max: 0.4, Diff: 0.4, Sum: 1.1]
         [Processed Buffers: Min: 0, Avg: 5.2, Max: 13, Diff: 13, Sum: 21]
      [Scan RS (ms): Min: 0.0, Avg: 0.1, Max: 0.2, Diff: 0.2, Sum: 0.4]
      [Code Root Scanning (ms): Min: 0.0, Avg: 0.2, Max: 0.5, Diff: 0.5, Sum: 0.9]
      [Object Copy (ms): Min: 5.6, Avg: 5.8, Max: 6.2, Diff: 0.7, Sum: 23.3]
      [Termination (ms): Min: 0.0, Avg: 0.4, Max: 0.5, Diff: 0.5, Sum: 1.5]
         [Termination Attempts: Min: 1, Avg: 1.0, Max: 1, Diff: 0, Sum: 4]
      [GC Worker Other (ms): Min: 0.0, Avg: 0.0, Max: 0.0, Diff: 0.0, Sum: 0.0]
      [GC Worker Total (ms): Min: 7.2, Avg: 7.9, Max: 8.3, Diff: 1.1, Sum: 31.7]
      [GC Worker End (ms): Min: 17782.5, Avg: 17782.5, Max: 17782.6, Diff: 0.1]
   [Code Root Fixup: 0.0 ms]
   [Code Root Purge: 0.0 ms]
   [Clear CT: 0.0 ms]
   [Other: 1.4 ms]
      [Choose CSet: 0.0 ms]
      [Ref Proc: 1.0 ms]
      [Ref Enq: 0.0 ms]
      [Redirty Cards: 0.1 ms]
      [Humongous Register: 0.0 ms]
      [Humongous Reclaim: 0.0 ms]
      [Free CSet: 0.1 ms]
   [Eden: 13.0M(44.0M)->0.0B(47.0M) Survivors: 7168.0K->4096.0K Heap: 158.5M(1024.0M)->147.0M(1024.0M)]
 [Times: user=0.03 sys=0.00, real=0.01 secs] 
2019-11-21T11:36:48.088+0600: 17.786: [GC concurrent-root-region-scan-start]
2019-11-21T11:36:48.094+0600: 17.792: [GC concurrent-root-region-scan-end, 0.0067836 secs]
2019-11-21T11:36:48.094+0600: 17.792: [GC concurrent-mark-start]
2019-11-21T11:36:48.108+0600: 17.806: [GC concurrent-mark-end, 0.0132505 secs]
2019-11-21T11:36:48.108+0600: 17.806: [GC remark 2019-11-21T11:36:48.108+0600: 17.806: [Finalize Marking, 0.0007909 secs] 2019-11-21T11:36:48.109+0600: 17.807: [GC ref-proc, 0.0001273 secs] 2019-11-21T11:36:48.109+0600: 17.807: [Unloading, 0.0067453 secs], 0.0087813 secs]
 [Times: user=0.01 sys=0.00, real=0.01 secs] 
2019-11-21T11:36:48.117+0600: 17.815: [GC cleanup 147M->142M(1024M), 0.0006917 secs]
 [Times: user=0.01 sys=0.00, real=0.00 secs] 
2019-11-21T12019-11-21T11:36:40.479+0600: 14.644: [GC concurrent-cleanup-start]
2019-11-21T11:36:40.479+0600: 14.644: [GC concurrent-cleanup-end, 0.0000160 secs]
2019-11-21T11:44:46.226+0600: 500.382: [GC pause (G1 Evacuation Pause) (young), 0.0319217 secs]
   [Parallel Time: 27.0 ms, GC Workers: 4]
      [GC Worker Start (ms): Min: 500384.0, Avg: 500384.1, Max: 500384.3, Diff: 0.3]
      [Ext Root Scanning (ms): Min: 1.0, Avg: 3.6, Max: 10.7, Diff: 9.7, Sum: 14.4]
      [Update RS (ms): Min: 0.0, Avg: 3.6, Max: 4.9, Diff: 4.9, Sum: 14.2]
         [Processed Buffers: Min: 0, Avg: 11.8, Max: 23, Diff: 23, Sum: 47]
      [Scan RS (ms): Min: 0.0, Avg: 0.6, Max: 1.0, Diff: 1.0, Sum: 2.3]
      [Code Root Scanning (ms): Min: 0.0, Avg: 0.6, Max: 1.2, Diff: 1.2, Sum: 2.4]
      [Object Copy (ms): Min: 16.2, Avg: 18.5, Max: 19.4, Diff: 3.2, Sum: 73.8]
      [Termination (ms): Min: 0.0, Avg: 0.0, Max: 0.0, Diff: 0.0, Sum: 0.0]
         [Termination Attempts: Min: 1, Avg: 1.0, Max: 1, Diff: 0, Sum: 4]
      [GC Worker Other (ms): Min: 0.0, Avg: 0.0, Max: 0.0, Diff: 0.0, Sum: 0.1]
      [GC Worker Total (ms): Min: 26.6, Avg: 26.8, Max: 26.9, Diff: 0.3, Sum: 107.2]
      [GC Worker End (ms): Min: 500410.9, Avg: 500410.9, Max: 500410.9, Diff: 0.0]
   [Code Root Fixup: 0.0 ms]
   [Code Root Purge: 0.1 ms]
   [Clear CT: 0.1 ms]
   [Other: 4.7 ms]
      [Choose CSet: 0.0 ms]
      [Ref Proc: 1.8 ms]
      [Ref Enq: 0.0 ms]
      [Redirty Cards: 0.0 ms]
      [Humongous Register: 1.9 ms]
      [Humongous Reclaim: 0.0 ms]
      [Free CSet: 0.2 ms]
   [Eden: 47.0M(47.0M)->0.0B(44.0M) Survivors: 4096.0K->7168.0K Heap: 188.5M(1024.0M)->144.5M(1024.0M)]
 [Times: user=0.04 sys=0.06, rea2019-11-21T11:2019-11-21T11:55:57.150+0600: 1171.294: [GC pause (G1 Evacuation Pause) (young), 0.0144318 secs]
   [Parallel Time: 13.1 ms, GC Workers: 4]
      [GC Worker Start (ms): Min: 1171294.3, Avg: 1171294.7, Max: 1171295.7, Diff: 1.4]
      [Ext Root Scanning (ms): Min: 0.1, Avg: 2.0, Max: 5.6, Diff: 5.6, Sum: 8.0]
      [Update RS (ms): Min: 0.0, Avg: 1.9, Max: 3.9, Diff: 3.9, Sum: 7.5]
         [Processed Buffers: Min: 0, Avg: 9.0, Max: 20, Diff: 20, Sum: 36]
      [Scan RS (ms): Min: 0.0, Avg: 0.3, Max: 0.6, Diff: 0.6, Sum: 1.3]
      [Code Root Scanning (ms): Min: 0.0, Avg: 0.8, Max: 1.7, Diff: 1.7, Sum: 3.4]
      [Object Copy (ms): Min: 7.3, Avg: 7.6, Max: 8.0, Diff: 0.7, Sum: 30.5]
      [Termination (ms): Min: 0.0, Avg: 0.0, Max: 0.0, Diff: 0.0, Sum: 0.0]
         [Termination Attempts: Min: 1, Avg: 1.0, Max: 1, Diff: 0, Sum: 4]
      [GC Worker Other (ms): Min: 0.0, Avg: 0.0, Max: 0.0, Diff: 0.0, Sum: 0.1]
      [GC Worker Total (ms): Min: 11.6, Avg: 12.7, Max: 13.1, Diff: 1.4, Sum: 50.8]
      [GC Worker End (ms): Min: 1171307.3, Avg: 1171307.3, Max: 1171307.4, Diff: 0.0]
   [Code Root Fixup: 0.1 ms]
   [Code Root Purge: 0.0 ms]
   [Clear CT: 0.0 ms]
   [Other: 1.2 ms]
      [Choose CSet: 0.0 ms]
      [Ref Proc: 0.4 ms]
      [Ref Enq: 0.0 ms]
      [Redirty Cards: 0.1 ms]
      [Humongous Register: 0.0 ms]
      [Humongous Reclaim: 0.0 ms]
      [Free CSet: 0.1 ms]
   [Eden: 44.0M(44.0M)->0.0B(46.0M) Survivors: 7168.0K->5120.0K Heap: 188.5M(1024.0M)->144.9M(1024.0M)]
 [Times: user=0.03 sys=0.012019-11-21T12:01:492019-11-21T12:47:18.900+0600: 1888.175: [GC pause (G1 Evacuation Pause) (young), 0.0351350 secs]
   [Parallel Time: 31.4 ms, GC Workers: 4]
      [GC Worker Start (ms): Min: 1888177.3, Avg: 1888177.4, Max: 1888177.5, Diff: 0.2]
      [Ext Root Scanning (ms): Min: 1.7, Avg: 3.3, Max: 7.8, Diff: 6.1, Sum: 13.3]
      [Update RS (ms): Min: 0.0, Avg: 1.7, Max: 2.4, Diff: 2.4, Sum: 6.8]
         [Processed Buffers: Min: 0, Avg: 12.5, Max: 27, Diff: 27, Sum: 50]
      [Scan RS (ms): Min: 0.0, Avg: 1.3, Max: 2.0, Diff: 2.0, Sum: 5.1]
      [Code Root Scanning (ms): Min: 0.0, Avg: 0.6, Max: 1.5, Diff: 1.5, Sum: 2.6]
      [Object Copy (ms): Min: 23.1, Avg: 23.9, Max: 24.7, Diff: 1.6, Sum: 95.6]
      [Termination (ms): Min: 0.0, Avg: 0.2, Max: 0.3, Diff: 0.3, Sum: 0.8]
         [Termination Attempts: Min: 1, Avg: 1.8, Max: 3, Diff: 2, Sum: 7]
      [GC Worker Other (ms): Min: 0.0, Avg: 0.0, Max: 0.0, Diff: 0.0, Sum: 0.1]
      [GC Worker Total (ms): Min: 30.9, Avg: 31.1, Max: 31.3, Diff: 0.4, Sum: 124.3]
      [GC Worker End (ms): Min: 1888208.4, Avg: 1888208.5, Max: 1888208.6, Diff: 0.2]
   [Code Root Fixup: 0.0 ms]
   [Code Root Purge: 0.0 ms]
   [Clear CT: 0.0 ms]
   [Other: 3.7 ms]
      [Choose CSet: 0.0 ms]
      [Ref Proc: 0.8 ms]
      [Ref Enq: 0.0 ms]
      [Redirty Cards: 0.0 ms]
      [Humongous Register: 2.0 ms]
      [Humongous Reclaim: 0.0 ms]
      [Free CSet: 0.1 ms]
   [Eden: 46.0M(46.0M)->0.0B(45.0M) Survivors: 5120.0K->6144.0K Heap: 190.9M(1024.0M)->145.4M(1024.0M)]
 [Times: user=0.03 sys2019-11-21T12:50:15.865+2019-11-21T12:59:12.162+0600: 2601.423: [GC pause (G1 Evacuation Pause) (young), 0.0422394 secs]
   [Parallel Time: 37.1 ms, GC Workers: 4]
      [GC Worker Start (ms): Min: 2601426.5, Avg: 2601426.6, Max: 2601426.7, Diff: 0.2]
      [Ext Root Scanning (ms): Min: 2.1, Avg: 4.4, Max: 10.5, Diff: 8.4, Sum: 17.5]
      [Update RS (ms): Min: 0.0, Avg: 2.5, Max: 3.8, Diff: 3.8, Sum: 10.0]
         [Processed Buffers: Min: 0, Avg: 11.0, Max: 22, Diff: 22, Sum: 44]
      [Scan RS (ms): Min: 0.0, Avg: 0.6, Max: 1.1, Diff: 1.1, Sum: 2.5]
      [Code Root Scanning (ms): Min: 0.0, Avg: 0.7, Max: 1.5, Diff: 1.5, Sum: 3.0]
      [Object Copy (ms): Min: 23.1, Avg: 25.3, Max: 27.3, Diff: 4.3, Sum: 101.2]
      [Termination (ms): Min: 1.9, Avg: 3.3, Max: 5.2, Diff: 3.3, Sum: 13.3]
         [Termination Attempts: Min: 60, Avg: 76.5, Max: 91, Diff: 31, Sum: 306]
      [GC Worker Other (ms): Min: 0.0, Avg: 0.0, Max: 0.1, Diff: 0.0, Sum: 0.2]
      [GC Worker Total (ms): Min: 36.8, Avg: 36.9, Max: 37.0, Diff: 0.3, Sum: 147.6]
      [GC Worker End (ms): Min: 2601463.4, Avg: 2601463.5, Max: 2601463.5, Diff: 0.1]
   [Code Root Fixup: 0.1 ms]
   [Code Root Purge: 0.0 ms]
   [Clear CT: 0.1 ms]
   [Other: 4.9 ms]
      [Choose CSet: 0.0 ms]
      [Ref Proc: 1.2 ms]
      [Ref Enq: 0.0 ms]
      [Redirty Cards: 0.0 ms]
      [Humongous Register: 2.8 ms]
      [Humongous Reclaim: 0.0 ms]
      [Free CSet: 0.1 ms]
   [Eden: 45.0M(45.0M)->0.0B(45.0M) Survivors: 6144.0K->6144.0K Heap: 190.4M(1024.0M)->146.1M(1024.0M)]
 [Times: 2019-11-21T12:59:29.247+0600: 2614.042019-11-21T13:11:23.112+0600: 3332.357: [GC pause (G1 Evacuation Pause) (young), 0.0250509 secs]
   [Parallel Time: 22.4 ms, GC Workers: 4]
      [GC Worker Start (ms): Min: 3332359.2, Avg: 3332362.8, Max: 3332366.8, Diff: 7.6]
      [Ext Root Scanning (ms): Min: 0.4, Avg: 4.5, Max: 8.1, Diff: 7.7, Sum: 18.1]
      [Update RS (ms): Min: 2.4, Avg: 2.7, Max: 2.9, Diff: 0.5, Sum: 10.8]
         [Processed Buffers: Min: 1, Avg: 11.0, Max: 30, Diff: 29, Sum: 44]
      [Scan RS (ms): Min: 0.5, Avg: 0.6, Max: 0.9, Diff: 0.4, Sum: 2.5]
      [Code Root Scanning (ms): Min: 0.0, Avg: 0.6, Max: 1.1, Diff: 1.1, Sum: 2.4]
      [Object Copy (ms): Min: 9.3, Avg: 9.8, Max: 10.4, Diff: 1.1, Sum: 39.2]
      [Termination (ms): Min: 0.0, Avg: 0.4, Max: 0.5, Diff: 0.5, Sum: 1.6]
         [Termination Attempts: Min: 1, Avg: 1.0, Max: 1, Diff: 0, Sum: 4]
      [GC Worker Other (ms): Min: 0.0, Avg: 0.0, Max: 0.0, Diff: 0.0, Sum: 0.1]
      [GC Worker Total (ms): Min: 14.7, Avg: 18.7, Max: 22.2, Diff: 7.5, Sum: 74.6]
      [GC Worker End (ms): Min: 3332381.3, Avg: 3332381.4, Max: 3332381.5, Diff: 0.1]
   [Code Root Fixup: 0.0 ms]
   [Code Root Purge: 0.0 ms]
   [Clear CT: 0.1 ms]
   [Other: 2.5 ms]
      [Choose CSet: 0.0 ms]
      [Ref Proc: 0.4 ms]
      [Ref Enq: 0.0 ms]
      [Redirty Cards: 0.0 ms]
      [Humongous Register: 1.4 ms]
      [Humongous Reclaim: 0.0 ms]
      [Free CSet: 0.2 ms]
   [Eden: 45.0M(45.0M)->0.0B(47.0M) Survivors: 6144.0K->4096.0K Heap: 191.1M(1024.0M)->145.8M(1024.0M)]
 [Times: user=0.02 sys=0.03, real=0.02 secs] 
2019-11-21T16:10:27.199+0600: 4052.366: [GC pause (G1 Evacuation Pause) (young), 0.0287241 secs]
   [Parallel Time: 25.2 ms, GC Workers: 4]
      [GC Worker Start (ms): Min: 4052368.0, Avg: 4052368.0, Max: 4052368.1, Diff: 0.1]
      [Ext Root Scanning (ms): Min: 1.5, Avg: 3.4, Max: 8.2, Diff: 6.7, Sum: 13.6]
      [Update RS (ms): Min: 0.0, Avg: 2.8, Max: 3.8, Diff: 3.8, Sum: 11.4]
         [Processed Buffers: Min: 0, Avg: 13.0, Max: 23, Diff: 23, Sum: 52]
      [Scan RS (ms): Min: 0.0, Avg: 0.4, Max: 0.6, Diff: 0.6, Sum: 1.7]
      [Code Root Scanning (ms): Min: 0.0, Avg: 0.1, Max: 0.3, Diff: 0.3, Sum: 0.5]
      [Object Copy (ms): Min: 16.3, Avg: 17.8, Max: 19.0, Diff: 2.6, Sum: 71.1]
      [Termination (ms): Min: 0.0, Avg: 0.4, Max: 0.6, Diff: 0.6, Sum: 1.6]
         [Termination Attempts: Min: 1, Avg: 1.0, Max: 1, Diff: 0, Sum: 4]
      [GC Worker Other (ms): Min: 0.0, Avg: 0.0, Max: 0.0, Diff: 0.0, Sum: 0.1]
      [GC Worker Total (ms): Min: 25.0, Avg: 25.0, Max: 25.1, Diff: 0.1, Sum: 100.1]
      [GC Worker End (ms): Min: 4052393.0, Avg: 4052393.1, Max: 4052393.1, Diff: 0.0]
   [Code Root Fixup: 0.0 ms]
   [Code Root Purge: 0.0 ms]
   [Clear CT: 0.1 ms]
   [Other: 3.5 ms]
      [Choose CSet: 0.0 ms]
      [Ref Proc: 1.0 ms]
      [Ref Enq: 0.0 ms]
      [Redirty Cards: 0.0 ms]
      [Humongous Register: 1.8 ms]
      [Humongous Reclaim: 0.0 ms]
      [Free CSet: 0.1 ms]
   [Eden: 47.0M(47.0M)->0.0B(46.0M) Survivors: 4096.0K->5120.0K Heap: 192.8M(1024.0M)->146.8M(1024.0M)]
 [Times: user=0.03 sys=0.05, real=0.03 secs] 
2019-11-21T16:23:19.850+0600: 4825.002: [GC pause (G1 Evacuation Pause) (young), 0.0258348 secs]
   [Parallel Time: 22.5 ms, GC Workers: 4]
      [GC Worker Start (ms): Min: 4825003.9, Avg: 4825003.9, Max: 4825004.0, Diff: 0.1]
      [Ext Root Scanning (ms): Min: 2.1, Avg: 4.6, Max: 10.5, Diff: 8.5, Sum: 18.3]
      [Update RS (ms): Min: 0.0, Avg: 1.3, Max: 1.8, Diff: 1.8, Sum: 5.3]
         [Processed Buffers: Min: 0, Avg: 10.8, Max: 25, Diff: 25, Sum: 43]
      [Scan RS (ms): Min: 0.0, Avg: 0.3, Max: 0.6, Diff: 0.6, Sum: 1.4]
      [Code Root Scanning (ms): Min: 0.0, Avg: 0.1, Max: 0.4, Diff: 0.4, Sum: 0.5]
      [Object Copy (ms): Min: 11.8, Avg: 15.5, Max: 17.4, Diff: 5.5, Sum: 62.1]
      [Termination (ms): Min: 0.0, Avg: 0.4, Max: 0.6, Diff: 0.6, Sum: 1.8]
         [Termination Attempts: Min: 1, Avg: 1.2, Max: 2, Diff: 1, Sum: 5]
      [GC Worker Other (ms): Min: 0.0, Avg: 0.0, Max: 0.0, Diff: 0.0, Sum: 0.1]
      [GC Worker Total (ms): Min: 22.3, Avg: 22.4, Max: 22.4, Diff: 0.1, Sum: 89.4]
      [GC Worker End (ms): Min: 4825026.2, Avg: 4825026.3, Max: 4825026.3, Diff: 0.1]
   [Code Root Fixup: 0.0 ms]
   [Code Root Purge: 0.1 ms]
   [Clear CT: 0.1 ms]
   [Other: 3.2 ms]
      [Choose CSet: 0.0 ms]
      [Ref Proc: 0.8 ms]
      [Ref Enq: 0.0 ms]
      [Redirty Cards: 0.1 ms]
      [Humongous Register: 1.6 ms]
      [Humongous Reclaim: 0.0 ms]
      [Free CSet: 0.1 ms]
   [Eden: 46.0M(46.0M)->0.0B(46.0M) Survivors: 5120.0K->5120.0K Heap: 192.8M(1024.0M)->146.5M(1024.0M)]
 [Times: user=0.03 sys=0.03, real=0.02 secs] 
2019-11-21T16:36:19.129+0600: 5604.290: [GC pause (G1 Evacuation Pause) (young), 0.0249090 secs]
   [Parallel Time: 20.5 ms, GC Workers: 4]
      [GC Worker Start (ms): Min: 5604292.9, Avg: 5604293.0, Max: 5604293.0, Diff: 0.2]
      [Ext Root Scanning (ms): Min: 2.4, Avg: 4.9, Max: 11.4, Diff: 9.1, Sum: 19.6]
      [Update RS (ms): Min: 0.0, Avg: 2.5, Max: 3.7, Diff: 3.7, Sum: 10.1]
         [Processed Buffers: Min: 0, Avg: 10.5, Max: 28, Diff: 28, Sum: 42]
      [Scan RS (ms): Min: 0.0, Avg: 0.0, Max: 0.0, Diff: 0.0, Sum: 0.1]
      [Code Root Scanning (ms): Min: 0.0, Avg: 0.2, Max: 0.4, Diff: 0.4, Sum: 0.6]
      [Object Copy (ms): Min: 8.1, Avg: 12.0, Max: 13.6, Diff: 5.4, Sum: 48.1]
      [Termination (ms): Min: 0.2, Avg: 0.6, Max: 0.7, Diff: 0.5, Sum: 2.4]
         [Termination Attempts: Min: 2, Avg: 3.5, Max: 6, Diff: 4, Sum: 14]
      [GC Worker Other (ms): Min: 0.0, Avg: 0.0, Max: 0.0, Diff: 0.0, Sum: 0.1]
      [GC Worker Total (ms): Min: 20.2, Avg: 20.3, Max: 20.3, Diff: 0.1, Sum: 81.0]
      [GC Worker End (ms): Min: 5604313.2, Avg: 5604313.2, Max: 5604313.3, Diff: 0.0]
   [Code Root Fixup: 0.0 ms]
   [Code Root Purge: 0.0 ms]
   [Clear CT: 0.1 ms]
   [Other: 4.3 ms]
      [Choose CSet: 0.0 ms]
      [Ref Proc: 1.5 ms]
      [Ref Enq: 0.0 ms]
      [Redirty Cards: 0.1 ms]
      [Humongous Register: 2.1 ms]
      [Humongous Reclaim: 0.0 ms]
      [Free CSet: 0.0 ms]
   [Eden: 46.0M(46.0M)->0.0B(45.0M) Survivors: 5120.0K->6144.0K Heap: 192.5M(1024.0M)->147.5M(1024.0M)]
 [Times: user=0.03 sys=0.04, real=0.03 secs] 
2019-11-21T16:49:52.571+0600: 6417.727: [GC pause (G1 Evacuation Pause) (young), 0.0211571 secs]
   [Parallel Time: 17.9 ms, GC Workers: 4]
      [GC Worker Start (ms): Min: 6417729.6, Avg: 6417729.7, Max: 6417729.7, Diff: 0.1]
      [Ext Root Scanning (ms): Min: 1.6, Avg: 3.4, Max: 8.4, Diff: 6.8, Sum: 13.5]
      [Update RS (ms): Min: 0.0, Avg: 2.4, Max: 4.3, Diff: 4.3, Sum: 9.7]
         [Processed Buffers: Min: 0, Avg: 11.2, Max: 22, Diff: 22, Sum: 45]
      [Scan RS (ms): Min: 0.0, Avg: 0.2, Max: 0.4, Diff: 0.4, Sum: 0.6]
      [Code Root Scanning (ms): Min: 0.0, Avg: 0.1, Max: 0.3, Diff: 0.3, Sum: 0.5]
      [Object Copy (ms): Min: 9.4, Avg: 11.7, Max: 12.8, Diff: 3.4, Sum: 46.8]
      [Termination (ms): Min: 0.0, Avg: 0.0, Max: 0.0, Diff: 0.0, Sum: 0.0]
         [Termination Attempts: Min: 1, Avg: 1.0, Max: 1, Diff: 0, Sum: 4]
      [GC Worker Other (ms): Min: 0.0, Avg: 0.0, Max: 0.0, Diff: 0.0, Sum: 0.1]
      [GC Worker Total (ms): Min: 17.7, Avg: 17.8, Max: 17.9, Diff: 0.1, Sum: 71.2]
      [GC Worker End (ms): Min: 6417747.5, Avg: 6417747.5, Max: 6417747.5, Diff: 0.0]
   [Code Root Fixup: 0.0 ms]
   [Code Root Purge: 0.0 ms]
   [Clear CT: 0.1 ms]
   [Other: 3.1 ms]
      [Choose CSet: 0.0 ms]
      [Ref Proc: 0.4 ms]
      [Ref Enq: 0.0 ms]
      [Redirty Cards: 0.0 ms]
      [Humongous Register: 2.0 ms]
      [Humongous Reclaim: 0.0 ms]
      [Free CSet: 0.1 ms]
   [Eden: 45.0M(45.0M)->0.0B(47.0M) Survivors: 6144.0K->4096.0K Heap: 192.5M(1024.0M)->146.3M(1024.0M)]
 [Times: user=0.02 sys=0.04, real=0.02 secs] 
2019-11-21T17:02:58.463+0600: 7203.616: [GC pause (G1 Evacuation Pause) (young), 0.0101864 secs]
   [Parallel Time: 9.6 ms, GC Workers: 4]
      [GC Worker Start (ms): Min: 7203616.3, Avg: 7203616.4, Max: 7203616.5, Diff: 0.2]
      [Ext Root Scanning (ms): Min: 0.4, Avg: 0.6, Max: 1.1, Diff: 0.6, Sum: 2.6]
      [Update RS (ms): Min: 0.3, Avg: 0.6, Max: 0.8, Diff: 0.5, Sum: 2.3]
         [Processed Buffers: Min: 1, Avg: 10.0, Max: 25, Diff: 24, Sum: 40]
      [Scan RS (ms): Min: 0.1, Avg: 0.3, Max: 0.5, Diff: 0.3, Sum: 1.4]
      [Code Root Scanning (ms): Min: 0.0, Avg: 0.1, Max: 0.3, Diff: 0.3, Sum: 0.4]
      [Object Copy (ms): Min: 7.7, Avg: 7.8, Max: 7.8, Diff: 0.1, Sum: 31.2]
      [Termination (ms): Min: 0.0, Avg: 0.0, Max: 0.0, Diff: 0.0, Sum: 0.0]
         [Termination Attempts: Min: 1, Avg: 2.5, Max: 4, Diff: 3, Sum: 10]
      [GC Worker Other (ms): Min: 0.0, Avg: 0.0, Max: 0.0, Diff: 0.0, Sum: 0.1]
      [GC Worker Total (ms): Min: 9.4, Avg: 9.5, Max: 9.6, Diff: 0.2, Sum: 37.9]
      [GC Worker End (ms): Min: 7203625.9, Avg: 7203625.9, Max: 7203625.9, Diff: 0.0]
   [Code Root Fixup: 0.0 ms]
   [Code Root Purge: 0.0 ms]
   [Clear CT: 0.0 ms]
   [Other: 0.5 ms]
      [Choose CSet: 0.0 ms]
      [Ref Proc: 0.2 ms]
      [Ref Enq: 0.0 ms]
      [Redirty Cards: 0.0 ms]
      [Humongous Register: 0.1 ms]
      [Humongous Reclaim: 0.0 ms]
      [Free CSet: 0.0 ms]
   [Eden: 47.0M(47.0M)->0.0B(46.0M) Survivors: 4096.0K->5120.0K Heap: 193.3M(1024.0M)->146.8M(1024.0M)]
 [Times: user=0.03 sys=0.01, real=0.01 secs] 
2019-11-21T17:15:02.172+0600: 7927.320: [GC pause (G1 Evacuation Pause) (young), 0.0080278 secs]
   [Parallel Time: 7.1 ms, GC Workers: 4]
      [GC Worker Start (ms): Min: 7927320.8, Avg: 7927320.8, Max: 7927320.9, Diff: 0.1]
      [Ext Root Scanning (ms): Min: 0.9, Avg: 1.0, Max: 1.3, Diff: 0.4, Sum: 4.0]
      [Update RS (ms): Min: 0.4, Avg: 0.6, Max: 0.7, Diff: 0.3, Sum: 2.6]
         [Processed Buffers: Min: 1, Avg: 11.5, Max: 26, Diff: 25, Sum: 46]
      [Scan RS (ms): Min: 0.2, Avg: 0.3, Max: 0.4, Diff: 0.1, Sum: 1.3]
      [Code Root Scanning (ms): Min: 0.0, Avg: 0.2, Max: 0.4, Diff: 0.4, Sum: 0.6]
      [Object Copy (ms): Min: 4.7, Avg: 4.8, Max: 5.0, Diff: 0.3, Sum: 19.4]
      [Termination (ms): Min: 0.0, Avg: 0.0, Max: 0.0, Diff: 0.0, Sum: 0.0]
         [Termination Attempts: Min: 1, Avg: 1.0, Max: 1, Diff: 0, Sum: 4]
      [GC Worker Other (ms): Min: 0.0, Avg: 0.0, Max: 0.0, Diff: 0.0, Sum: 0.1]
      [GC Worker Total (ms): Min: 7.0, Avg: 7.0, Max: 7.0, Diff: 0.1, Sum: 27.9]
      [GC Worker End (ms): Min: 7927327.8, Avg: 7927327.8, Max: 7927327.8, Diff: 0.0]
   [Code Root Fixup: 0.0 ms]
   [Code Root Purge: 0.0 ms]
   [Clear CT: 0.1 ms]
   [Other: 0.8 ms]
      [Choose CSet: 0.0 ms]
      [Ref Proc: 0.2 ms]
      [Ref Enq: 0.0 ms]
      [Redirty Cards: 0.1 ms]
      [Humongous Register: 0.2 ms]
      [Humongous Reclaim: 0.0 ms]
      [Free CSet: 0.0 ms]
   [Eden: 46.0M(46.0M)->0.0B(57.0M) Survivors: 5120.0K->5120.0K Heap: 192.8M(1024.0M)->146.8M(1024.0M)]
 [Times: user=0.02 sys=0.00, real=0.01 secs] 
2019-11-21T17:31:11.628+0600: 8896.770: [GC pause (G1 Evacuation Pause) (young), 0.0082333 secs]
   [Parallel Time: 7.5 ms, GC Workers: 4]
      [GC Worker Start (ms): Min: 8896769.9, Avg: 8896769.9, Max: 8896769.9, Diff: 0.0]
      [Ext Root Scanning (ms): Min: 0.8, Avg: 1.3, Max: 2.5, Diff: 1.7, Sum: 5.1]
      [Update RS (ms): Min: 0.0, Avg: 0.8, Max: 1.1, Diff: 1.1, Sum: 3.2]
         [Processed Buffers: Min: 0, Avg: 10.8, Max: 20, Diff: 20, Sum: 43]
      [Scan RS (ms): Min: 0.0, Avg: 0.2, Max: 0.3, Diff: 0.3, Sum: 0.7]
      [Code Root Scanning (ms): Min: 0.0, Avg: 0.1, Max: 0.2, Diff: 0.2, Sum: 0.4]
      [Object Copy (ms): Min: 5.0, Avg: 5.1, Max: 5.2, Diff: 0.2, Sum: 20.4]
      [Termination (ms): Min: 0.0, Avg: 0.0, Max: 0.0, Diff: 0.0, Sum: 0.0]
         [Termination Attempts: Min: 1, Avg: 1.0, Max: 1, Diff: 0, Sum: 4]
      [GC Worker Other (ms): Min: 0.0, Avg: 0.0, Max: 0.1, Diff: 0.0, Sum: 0.1]
      [GC Worker Total (ms): Min: 7.5, Avg: 7.5, Max: 7.5, Diff: 0.0, Sum: 29.9]
      [GC Worker End (ms): Min: 8896777.3, Avg: 8896777.3, Max: 8896777.4, Diff: 0.0]
   [Code Root Fixup: 0.0 ms]
   [Code Root Purge: 0.0 ms]
   [Clear CT: 0.1 ms]
   [Other: 0.6 ms]
      [Choose CSet: 0.0 ms]
      [Ref Proc: 0.2 ms]
      [Ref Enq: 0.0 ms]
      [Redirty Cards: 0.0 ms]
      [Humongous Register: 0.0 ms]
      [Humongous Reclaim: 0.0 ms]
      [Free CSet: 0.1 ms]
   [Eden: 57.0M(57.0M)->0.0B(153.0M) Survivors: 5120.0K->5120.0K Heap: 203.8M(1024.0M)->146.8M(1024.0M)]
 [Times: user=0.03 sys=0.01, real=0.01 secs] 
2019-11-21T18:13:39.149+0600: 11444.295: [GC pause (G1 Evacuation Pause) (young), 0.0177182 secs]
   [Parallel Time: 14.2 ms, GC Workers: 4]
      [GC Worker Start (ms): Min: 11444297.3, Avg: 11444297.4, Max: 11444297.6, Diff: 0.2]
      [Ext Root Scanning (ms): Min: 0.9, Avg: 4.2, Max: 10.0, Diff: 9.1, Sum: 16.8]
      [Update RS (ms): Min: 0.0, Avg: 2.5, Max: 3.5, Diff: 3.5, Sum: 10.1]
         [Processed Buffers: Min: 0, Avg: 11.0, Max: 21, Diff: 21, Sum: 44]
      [Scan RS (ms): Min: 0.0, Avg: 0.0, Max: 0.0, Diff: 0.0, Sum: 0.1]
      [Code Root Scanning (ms): Min: 0.0, Avg: 0.2, Max: 0.4, Diff: 0.4, Sum: 0.6]
      [Object Copy (ms): Min: 4.0, Avg: 6.5, Max: 7.6, Diff: 3.6, Sum: 26.1]
      [Termination (ms): Min: 0.0, Avg: 0.0, Max: 0.0, Diff: 0.0, Sum: 0.0]
         [Termination Attempts: Min: 1, Avg: 1.2, Max: 2, Diff: 1, Sum: 5]
      [GC Worker Other (ms): Min: 0.0, Avg: 0.5, Max: 2.0, Diff: 2.0, Sum: 2.2]
      [GC Worker Total (ms): Min: 13.9, Avg: 14.0, Max: 14.1, Diff: 0.2, Sum: 56.0]
      [GC Worker End (ms): Min: 11444311.4, Avg: 11444311.4, Max: 11444311.4, Diff: 0.0]
   [Code Root Fixup: 0.0 ms]
   [Code Root Purge: 0.0 ms]
   [Clear CT: 0.1 ms]
   [Other: 3.4 ms]
      [Choose CSet: 0.0 ms]
      [Ref Proc: 0.5 ms]
      [Ref Enq: 0.0 ms]
      [Redirty Cards: 0.0 ms]
      [Humongous Register: 1.9 ms]
      [Humongous Reclaim: 0.0 ms]
      [Free CSet: 0.2 ms]
   [Eden: 153.0M(153.0M)->0.0B(609.0M) Survivors: 5120.0K->5120.0K Heap: 299.8M(1024.0M)->147.1M(1024.02019-11-21T19:24:03.370+0600: 15664.040: [GC pause2019-11-21T21:04:33.939+0600: 21699.076: [GC pause (G1 Evacuation Pause) (young), 0.0346025 secs]
   [Parallel Time: 27.1 ms, GC Workers: 4]
      [GC Worker Start (ms): Min: 21699077.9, Avg: 21699078.0, Max: 21699078.1, Diff: 0.2]
      [Ext Root Scanning (ms): Min: 1.6, Avg: 4.3, Max: 10.7, Diff: 9.1, Sum: 17.3]
      [Update RS (ms): Min: 0.0, Avg: 2.3, Max: 3.8, Diff: 3.8, Sum: 9.4]
         [Processed Buffers: Min: 0, Avg: 11.2, Max: 31, Diff: 31, Sum: 45]
      [Scan RS (ms): Min: 0.0, Avg: 0.3, Max: 0.7, Diff: 0.7, Sum: 1.1]
      [Code Root Scanning (ms): Min: 0.0, Avg: 0.5, Max: 1.5, Diff: 1.5, Sum: 2.0]
      [Object Copy (ms): Min: 9.9, Avg: 14.3, Max: 16.2, Diff: 6.3, Sum: 57.0]
      [Termination (ms): Min: 2.7, Avg: 4.4, Max: 6.3, Diff: 3.6, Sum: 17.5]
         [Termination Attempts: Min: 113, Avg: 189.8, Max: 276, Diff: 163, Sum: 759]
      [GC Worker Other (ms): Min: 0.1, Avg: 0.9, Max: 1.9, Diff: 1.8, Sum: 3.7]
      [GC Worker Total (ms): Min: 26.9, Avg: 27.0, Max: 27.1, Diff: 0.2, Sum: 108.0]
      [GC Worker End (ms): Min: 21699105.0, Avg: 21699105.0, Max: 21699105.0, Diff: 0.0]
   [Code Root Fixup: 0.0 ms]
   [Code Root Purge: 0.0 ms]
   [Clear CT: 1.2 ms]
   [Other: 6.3 ms]
      [Choose CSet: 0.0 ms]
      [Ref Proc: 2.6 ms]
      [Ref Enq: 0.0 ms]
      [Redirty Cards: 0.2 ms]
      [Humongous Register: 1.0 ms]
      [Humongous Reclaim: 0.0 ms]
      [Free CSet: 1.3 ms]
   [Eden: 609.0M(609.0M)->0.0B(46.0M) Survivors: 5120.0K->5120.0K Heap: 756.1M(1024.0M)->146.8M(1024.0M)]
 [Times: user=0.05 sys=0.04, real=0.04 secs] 
2019-11-21T21:17:33.241+0600: 22478.375: [GC pause (G1 Evacuation Pause) (young), 0.0113582 secs]
   [Parallel Time: 8.7 ms, GC Workers: 4]
      [GC Worker Start (ms): Min: 22478376.5, Avg: 22478376.5, Max: 22478376.5, Diff: 0.0]
      [Ext Root Scanning (ms): Min: 0.6, Avg: 0.7, Max: 1.0, Diff: 0.4, Sum: 2.8]
      [Update RS (ms): Min: 0.3, Avg: 0.6, Max: 0.6, Diff: 0.3, Sum: 2.2]
         [Processed Buffers: Min: 1, Avg: 10.5, Max: 21, Diff: 20, Sum: 42]
      [Scan RS (ms): Min: 0.1, Avg: 0.1, Max: 0.2, Diff: 0.1, Sum: 0.5]
      [Code Root Scanning (ms): Min: 0.0, Avg: 0.1, Max: 0.2, Diff: 0.2, Sum: 0.3]
      [Object Copy (ms): Min: 6.5, Avg: 6.8, Max: 7.3, Diff: 0.8, Sum: 27.2]
      [Termination (ms): Min: 0.0, Avg: 0.4, Max: 0.6, Diff: 0.6, Sum: 1.7]
         [Termination Attempts: Min: 1, Avg: 1.0, Max: 1, Diff: 0, Sum: 4]
      [GC Worker Other (ms): Min: 0.0, Avg: 0.0, Max: 0.0, Diff: 0.0, Sum: 0.0]
      [GC Worker Total (ms): Min: 8.7, Avg: 8.7, Max: 8.7, Diff: 0.0, Sum: 34.7]
      [GC Worker End (ms): Min: 22478385.2, Avg: 22478385.2, Max: 22478385.2, Diff: 0.0]
   [Code Root Fixup: 0.0 ms]
   [Code Root Purge: 0.0 ms]
   [Clear CT: 0.0 ms]
   [Other: 2.5 ms]
      [Choose CSet: 0.0 ms]
      [Ref Proc: 0.7 ms]
      [Ref Enq: 0.0 ms]
      [Redirty Cards: 0.0 ms]
      [Humongous Register: 0.5 ms]
      [Humongous Reclaim: 0.0 ms]
      [Free CSet: 0.1 ms]
   [Eden: 46.0M(46.0M)->0.0B(55.0M) Survivors: 5120.0K->5120.0K Heap: 192.8M(1024.0M)->146.8M(1024.0M)]
 [Times: user=0.02 sys=0.01, real=0.01 secs] 
2019-11-21T21:33:09.154+0600: 23414.289: [GC pause (G1 Evacuation Pause) (young), 0.0164772 secs]
   [Parallel Time: 14.8 ms, GC Workers: 4]
      [GC Worker Start (ms): Min: 23414289.9, Avg: 23414290.0, Max: 23414290.1, Diff: 0.1]
      [Ext Root Scanning (ms): Min: 1.8, Avg: 4.5, Max: 12.3, Diff: 10.4, Sum: 18.2]
      [Update RS (ms): Min: 0.0, Avg: 2.8, Max: 4.9, Diff: 4.9, Sum: 11.3]
         [Processed Buffers: Min: 0, Avg: 10.8, Max: 38, Diff: 38, Sum: 43]
      [Scan RS (ms): Min: 0.0, Avg: 0.1, Max: 0.3, Diff: 0.3, Sum: 0.3]
      [Code Root Scanning (ms): Min: 0.0, Avg: 0.1, Max: 0.3, Diff: 0.3, Sum: 0.5]
      [Object Copy (ms): Min: 2.5, Avg: 7.1, Max: 9.3, Diff: 6.8, Sum: 28.5]
      [Termination (ms): Min: 0.0, Avg: 0.0, Max: 0.0, Diff: 0.0, Sum: 0.0]
         [Termination Attempts: Min: 1, Avg: 1.2, Max: 2, Diff: 1, Sum: 5]
      [GC Worker Other (ms): Min: 0.0, Avg: 0.0, Max: 0.0, Diff: 0.0, Sum: 0.1]
      [GC Worker Total (ms): Min: 14.7, Avg: 14.7, Max: 14.8, Diff: 0.1, Sum: 58.9]
      [GC Worker End (ms): Min: 23414304.7, Avg: 23414304.7, Max: 23414304.7, Diff: 0.0]
   [Code Root Fixup: 0.0 ms]
   [Code Root Purge: 0.0 ms]
   [Clear CT: 0.1 ms]
   [Other: 1.6 ms]
      [Choose CSet: 0.0 ms]
      [Ref Proc: 0.3 ms]
      [Ref Enq: 0.0 ms]
      [Redirty Cards: 0.0 ms]
      [Humongous Register: 0.7 ms]
      [Humongous Reclaim: 0.0 ms]
      [Free CSet: 0.1 ms]
   [Eden: 55.0M(55.0M)->0.0B(62.0M) Survivors: 5120.0K->6144.0K Heap: 201.8M(1024.0M)->147.7M(1024.0M)]
 [Times: user=0.02 sys=0.02, real=0.02 secs] 
2019-11-21T21:48:48.223+0600: 24353.348: [GC pause (G1 Evacuation Pause) (young), 0.0250617 secs]
   [Parallel Time: 21.6 ms, GC Workers: 4]
      [GC Worker Start (ms): Min: 24353350.4, Avg: 24353350.5, Max: 24353350.5, Diff: 0.2]
      [Ext Root Scanning (ms): Min: 3.1, Avg: 5.4, Max: 12.1, Diff: 9.0, Sum: 21.6]
      [Update RS (ms): Min: 0.0, Avg: 2.9, Max: 4.8, Diff: 4.8, Sum: 11.5]
         [Processed Buffers: Min: 0, Avg: 11.0, Max: 29, Diff: 29, Sum: 44]
      [Scan RS (ms): Min: 0.0, Avg: 0.2, Max: 0.5, Diff: 0.5, Sum: 0.9]
      [Code Root Scanning (ms): Min: 0.0, Avg: 0.3, Max: 0.6, Diff: 0.6, Sum: 1.1]
      [Object Copy (ms): Min: 9.3, Avg: 12.6, Max: 13.8, Diff: 4.5, Sum: 50.3]
      [Termination (ms): Min: 0.0, Avg: 0.1, Max: 0.1, Diff: 0.1, Sum: 0.3]
         [Termination Attempts: Min: 6, Avg: 7.2, Max: 9, Diff: 3, Sum: 29]
      [GC Worker Other (ms): Min: 0.0, Avg: 0.0, Max: 0.0, Diff: 0.0, Sum: 0.1]
      [GC Worker Total (ms): Min: 21.4, Avg: 21.4, Max: 21.5, Diff: 0.1, Sum: 85.8]
      [GC Worker End (ms): Min: 24353371.9, Avg: 24353371.9, Max: 24353371.9, Diff: 0.0]
   [Code Root Fixup: 0.0 ms]
   [Code Root Purge: 0.0 ms]
   [Clear CT: 0.0 ms]
   [Other: 3.4 ms]
      [Choose CSet: 0.0 ms]
      [Ref Proc: 0.4 ms]
      [Ref Enq: 0.0 ms]
      [Redirty Cards: 0.0 ms]
      [Humongous Register: 1.9 ms]
      [Humongous Reclaim: 0.0 ms]
      [Free CSet: 0.3 ms]
   [Eden: 55.0M(55.0M)->0.0B(46.0M) Survivors: 6144.0K->5120.0K Heap: 202.7M(1024.0M)->147.3M(1024.0M)]
 [Times: user=0.03 sys=0.04, real=0.02 secs] 
2019-11-21T22:01:52.823+0600: 25137.946: [GC pause (G1 Evacuation Pause) (young), 0.0120766 secs]
   [Parallel Time: 11.5 ms, GC Workers: 4]
      [GC Worker Start (ms): Min: 25137946.6, Avg: 25137946.7, Max: 25137946.7, Diff: 0.0]
      [Ext Root Scanning (ms): Min: 0.7, Avg: 1.2, Max: 2.3, Diff: 1.7, Sum: 4.7]
      [Update RS (ms): Min: 0.0, Avg: 0.7, Max: 1.1, Diff: 1.1, Sum: 2.9]
         [Processed Buffers: Min: 0, Avg: 11.2, Max: 25, Diff: 25, Sum: 45]
      [Scan RS (ms): Min: 0.0, Avg: 0.1, Max: 0.2, Diff: 0.2, Sum: 0.4]
      [Code Root Scanning (ms): Min: 0.0, Avg: 0.3, Max: 1.1, Diff: 1.1, Sum: 1.3]
      [Object Copy (ms): Min: 7.3, Avg: 7.9, Max: 8.4, Diff: 1.0, Sum: 31.7]
      [Termination (ms): Min: 0.0, Avg: 0.9, Max: 1.3, Diff: 1.3, Sum: 3.8]
         [Termination Attempts: Min: 1, Avg: 1.0, Max: 1, Diff: 0, Sum: 4]
      [GC Worker Other (ms): Min: 0.0, Avg: 0.0, Max: 0.0, Diff: 0.0, Sum: 0.1]
      [GC Worker Total (ms): Min: 10.7, Avg: 11.2, Max: 11.4, Diff: 0.7, Sum: 44.9]
      [GC Worker End (ms): Min: 25137957.4, Avg: 25137957.9, Max: 25137958.0, Diff: 0.7]
   [Code Root Fixup: 0.0 ms]
   [Code Root Purge: 0.0 ms]
   [Clear CT: 0.1 ms]
   [Other: 0.5 ms]
      [Choose CSet: 0.0 ms]
      [Ref Proc: 0.2 ms]
      [Ref Enq: 0.0 ms]
      [Redirty Cards: 0.0 ms]
      [Humongous Register: 0.0 ms]
      [Humongous Reclaim: 0.0 ms]
      [Free CSet: 0.1 ms]
   [Eden: 46.0M(46.0M)->0.0B(77.0M) Survivors: 5120.0K->5120.0K Heap: 193.3M(1024.0M)->146.8M(1024.0M)]
 [Times: user=0.02 sys=0.01, real=0.01 secs] 
2019-11-21T22:22:44.028+0600: 26389.145: [GC pause (G1 Evacuation Pause) (young), 0.0249414 secs]
   [Parallel Time: 20.0 ms, GC Workers: 4]
      [GC Worker Start (ms): Min: 26389148.6, Avg: 26389148.7, Max: 26389148.8, Diff: 0.2]
      [Ext Root Scanning (ms): Min: 4.0, Avg: 5.4, Max: 8.3, Diff: 4.3, Sum: 21.8]
      [Update RS (ms): Min: 0.0, Avg: 1.9, Max: 2.6, Diff: 2.6, Sum: 7.7]
         [Processed Buffers: Min: 0, Avg: 10.8, Max: 41, Diff: 41, Sum: 43]
      [Scan RS (ms): Min: 0.0, Avg: 0.1, Max: 0.2, Diff: 0.2, Sum: 0.4]
      [Code Root Scanning (ms): Min: 0.0, Avg: 0.1, Max: 0.6, Diff: 0.6, Sum: 0.6]
      [Object Copy (ms): Min: 10.9, Avg: 11.6, Max: 12.3, Diff: 1.4, Sum: 46.6]
      [Termination (ms): Min: 0.0, Avg: 0.5, Max: 0.7, Diff: 0.7, Sum: 2.0]
         [Termination Attempts: Min: 1, Avg: 1.0, Max: 1, Diff: 0, Sum: 4]
      [GC Worker Other (ms): Min: 0.0, Avg: 0.0, Max: 0.1, Diff: 0.1, Sum: 0.2]
      [GC Worker Total (ms): Min: 19.7, Avg: 19.8, Max: 19.9, Diff: 0.2, Sum: 79.2]
      [GC Worker End (ms): Min: 26389168.4, Avg: 26389168.5, Max: 26389168.6, Diff: 0.2]
   [Code Root Fixup: 0.0 ms]
   [Code Root Purge: 0.0 ms]
   [Clear CT: 0.1 ms]
   [Other: 4.8 ms]
      [Choose CSet: 0.0 ms]
      [Ref Proc: 0.9 ms]
      [Ref Enq: 0.0 ms]
      [Redirty Cards: 0.0 ms]
      [Humongous Register: 2.8 ms]
      [Humongous Reclaim: 0.0 ms]
      [Free CSet: 0.3 ms]
   [Eden: 77.0M(77.0M)->0.0B(52.0M) Survivors: 5120.0K->5120.0K Heap: 223.8M(1024.0M)->147.3M(1024.0M)]
 [Times: user=0.03 sys=0.02, real=0.03 secs] 
2019-11-21T22:37:27.246+0600: 27272.361: [GC pause (G1 Evacuation Pause) (young), 0.0157574 secs]
   [Parallel Time: 13.4 ms, GC Workers: 4]
      [GC Worker Start (ms): Min: 27272361.1, Avg: 27272361.5, Max: 27272361.8, Diff: 0.7]
      [Ext Root Scanning (ms): Min: 0.8, Avg: 1.8, Max: 3.6, Diff: 2.8, Sum: 7.2]
      [Update RS (ms): Min: 0.0, Avg: 1.2, Max: 2.0, Diff: 2.0, Sum: 4.7]
         [Processed Buffers: Min: 0, Avg: 10.2, Max: 22, Diff: 22, Sum: 41]
      [Scan RS (ms): Min: 0.0, Avg: 0.0, Max: 0.1, Diff: 0.1, Sum: 0.1]
      [Code Root Scanning (ms): Min: 0.0, Avg: 0.2, Max: 0.8, Diff: 0.8, Sum: 1.0]
      [Object Copy (ms): Min: 9.0, Avg: 9.1, Max: 9.2, Diff: 0.3, Sum: 36.4]
      [Termination (ms): Min: 0.0, Avg: 0.3, Max: 0.6, Diff: 0.6, Sum: 1.3]
         [Termination Attempts: Min: 1, Avg: 2.5, Max: 4, Diff: 3, Sum: 10]
      [GC Worker Other (ms): Min: 0.0, Avg: 0.0, Max: 0.0, Diff: 0.0, Sum: 0.1]
      [GC Worker Total (ms): Min: 12.2, Avg: 12.7, Max: 13.3, Diff: 1.1, Sum: 50.8]
      [GC Worker End (ms): Min: 27272374.0, Avg: 27272374.2, Max: 27272374.4, Diff: 0.4]
   [Code Root Fixup: 0.0 ms]
   [Code Root Purge: 0.0 ms]
   [Clear CT: 0.1 ms]
   [Other: 2.2 ms]
      [Choose CSet: 0.0 ms]
      [Ref Proc: 1.6 ms]
      [Ref Enq: 0.0 ms]
      [Redirty Cards: 0.0 ms]
      [Humongous Register: 0.2 ms]
      [Humongous Reclaim: 0.0 ms]
      [Free CSet: 0.1 ms]
   [Eden: 52.0M(52.0M)->0.0B(72.0M) Survivors: 5120.0K->5120.0K Heap: 199.3M(1024.0M)->146.9M(1024.0M)]
 [T2019-11-21T22:37:33.392+0600: 27274.040: [G2019-11-22T11:25:07.305+0600: 28012.396: [GC pause (G1 Evacuation Pause) (young), 0.1391943 secs]
   [Parallel Time: 121.4 ms, GC Workers: 4]
      [GC Worker Start (ms): Min: 28012400.1, Avg: 28012400.2, Max: 28012400.2, Diff: 0.1]
      [Ext Root Scanning (ms): Min: 6.3, Avg: 11.4, Max: 26.1, Diff: 19.9, Sum: 45.6]
      [Update RS (ms): Min: 0.0, Avg: 9.0, Max: 13.6, Diff: 13.6, Sum: 35.9]
         [Processed Buffers: Min: 0, Avg: 12.8, Max: 29, Diff: 29, Sum: 51]
      [Scan RS (ms): Min: 0.0, Avg: 0.5, Max: 1.8, Diff: 1.8, Sum: 2.0]
      [Code Root Scanning (ms): Min: 0.0, Avg: 0.6, Max: 2.5, Diff: 2.5, Sum: 2.5]
      [Object Copy (ms): Min: 78.9, Avg: 85.2, Max: 97.4, Diff: 18.5, Sum: 340.8]
      [Termination (ms): Min: 0.8, Avg: 11.5, Max: 21.2, Diff: 20.4, Sum: 46.2]
         [Termination Attempts: Min: 2, Avg: 13.5, Max: 21, Diff: 19, Sum: 54]
      [GC Worker Other (ms): Min: 0.0, Avg: 0.0, Max: 0.1, Diff: 0.0, Sum: 0.1]
      [GC Worker Total (ms): Min: 117.2, Avg: 118.3, Max: 121.2, Diff: 4.0, Sum: 473.1]
      [GC Worker End (ms): Min: 28012517.4, Avg: 28012518.4, Max: 28012521.4, Diff: 4.0]
   [Code Root Fixup: 0.0 ms]
   [Code Root Purge: 0.0 ms]
   [Clear CT: 0.5 ms]
   [Other: 17.3 ms]
      [Choose CSet: 0.0 ms]
      [Ref Proc: 11.7 ms]
      [Ref Enq: 0.0 ms]
      [Redirty Cards: 0.2 ms]
      [Humongous Register: 3.2 ms]
      [Humongous Reclaim: 0.0 ms]
      [Free CSet: 0.4 ms]
   [Eden: 67.0M(67.0M)->0.0B(46.0M) Survivors: 5120.0K->5120.0K Heap: 213.9M(1024.0M)->147.6M(1024.0M)]
 [Times: user=0.05 sys=0.15, real=0.14 secs] 
2019-11-22T11:38:21.303+0600: 28805.268: [GC pause (G1 Evacuation Pause) (young), 0.0196326 secs]
   [Parallel Time: 16.2 ms, GC Workers: 4]
      [GC Worker Start (ms): Min: 28805270.5, Avg: 28805270.6, Max: 28805270.7, Diff: 0.2]
      [Ext Root Scanning (ms): Min: 1.9, Avg: 3.8, Max: 9.3, Diff: 7.5, Sum: 15.1]
      [Update RS (ms): Min: 0.0, Avg: 2.5, Max: 3.4, Diff: 3.4, Sum: 10.1]
         [Processed Buffers: Min: 0, Avg: 9.8, Max: 22, Diff: 22, Sum: 39]
      [Scan RS (ms): Min: 0.0, Avg: 0.6, Max: 0.9, Diff: 0.9, Sum: 2.4]
      [Code Root Scanning (ms): Min: 0.0, Avg: 0.2, Max: 0.3, Diff: 0.3, Sum: 0.6]
      [Object Copy (ms): Min: 6.1, Avg: 8.5, Max: 9.6, Diff: 3.5, Sum: 33.8]
      [Termination (ms): Min: 0.0, Avg: 0.4, Max: 0.6, Diff: 0.6, Sum: 1.6]
         [Termination Attempts: Min: 1, Avg: 1.0, Max: 1, Diff: 0, Sum: 4]
      [GC Worker Other (ms): Min: 0.0, Avg: 0.0, Max: 0.1, Diff: 0.1, Sum: 0.1]
      [GC Worker Total (ms): Min: 15.9, Avg: 16.0, Max: 16.0, Diff: 0.2, Sum: 63.8]
      [GC Worker End (ms): Min: 28805286.5, Avg: 28805286.5, Max: 28805286.5, Diff: 0.0]
   [Code Root Fixup: 0.0 ms]
   [Code Root Purge: 0.0 ms]
   [Clear CT: 0.1 ms]
   [Other: 3.4 ms]
      [Choose CSet: 0.0 ms]
      [Ref Proc: 0.9 ms]
      [Ref Enq: 0.0 ms]
      [Redirty Cards: 0.0 ms]
      [Humongous Register: 1.7 ms]
      [Humongous Reclaim: 0.0 ms]
      [Free CSet: 0.2 ms]
   [Eden: 46.0M(46.0M)->0.0B(46.0M) Survivors: 5120.0K->5120.0K Heap: 193.6M(1024.0M)->147.8M(1024.0M)]
 [Times: user=0.03 sys=0.03, real=0.02 secs] 
2019-11-22T11:50:42.436+0600: 29546.415: [GC pause (G1 Evacuation Pause) (young), 0.0334663 secs]
   [Parallel Time: 29.6 ms, GC Workers: 4]
      [GC Worker Start (ms): Min: 29546417.0, Avg: 29546417.1, Max: 29546417.1, Diff: 0.1]
      [Ext Root Scanning (ms): Min: 2.2, Avg: 4.3, Max: 10.5, Diff: 8.3, Sum: 17.3]
      [Update RS (ms): Min: 0.0, Avg: 5.2, Max: 6.9, Diff: 6.9, Sum: 20.8]
         [Processed Buffers: Min: 0, Avg: 10.8, Max: 23, Diff: 23, Sum: 43]
      [Scan RS (ms): Min: 0.0, Avg: 0.8, Max: 1.3, Diff: 1.3, Sum: 3.2]
      [Code Root Scanning (ms): Min: 0.0, Avg: 0.1, Max: 0.3, Diff: 0.3, Sum: 0.5]
      [Object Copy (ms): Min: 18.4, Avg: 18.6, Max: 18.7, Diff: 0.3, Sum: 74.5]
      [Termination (ms): Min: 0.0, Avg: 0.4, Max: 0.6, Diff: 0.6, Sum: 1.6]
         [Termination Attempts: Min: 1, Avg: 1.8, Max: 3, Diff: 2, Sum: 7]
      [GC Worker Other (ms): Min: 0.0, Avg: 0.0, Max: 0.0, Diff: 0.0, Sum: 0.1]
      [GC Worker Total (ms): Min: 29.5, Avg: 29.5, Max: 29.5, Diff: 0.1, Sum: 118.0]
      [GC Worker End (ms): Min: 29546446.6, Avg: 29546446.6, Max: 29546446.6, Diff: 0.0]
   [Code Root Fixup: 0.0 ms]
   [Code Root Purge: 0.0 ms]
   [Clear CT: 0.1 ms]
   [Other: 3.8 ms]
      [Choose CSet: 0.0 ms]
      [Ref Proc: 0.9 ms]
      [Ref Enq: 0.0 ms]
      [Redirty Cards: 0.0 ms]
      [Humongous Register: 1.8 ms]
      [Humongous Reclaim: 0.0 ms]
      [Free CSet: 0.3 ms]
   [Eden: 46.0M(46.0M)->0.0B(45.0M) Survivors: 5120.0K->6144.0K Heap: 193.8M(1024.0M)->149.2M(1024.0M)]
 [Times: user=0.04 sys=0.05, real=0.04 secs] 
2019-11-22T12:03:37.794+0600: 30321.769: [GC pause (G1 Evacuation Pause) (young), 0.0254647 secs]
   [Parallel Time: 22.0 ms, GC Workers: 4]
      [GC Worker Start (ms): Min: 30321771.3, Avg: 30321771.4, Max: 30321771.6, Diff: 0.3]
      [Ext Root Scanning (ms): Min: 3.4, Avg: 6.1, Max: 13.8, Diff: 10.4, Sum: 24.6]
      [Update RS (ms): Min: 0.0, Avg: 2.5, Max: 3.4, Diff: 3.4, Sum: 10.1]
         [Processed Buffers: Min: 0, Avg: 9.8, Max: 18, Diff: 18, Sum: 39]
      [Scan RS (ms): Min: 0.0, Avg: 1.5, Max: 2.0, Diff: 2.0, Sum: 6.0]
      [Code Root Scanning (ms): Min: 0.0, Avg: 0.2, Max: 0.5, Diff: 0.5, Sum: 0.7]
      [Object Copy (ms): Min: 8.1, Avg: 11.4, Max: 12.8, Diff: 4.7, Sum: 45.6]
      [Termination (ms): Min: 0.0, Avg: 0.0, Max: 0.0, Diff: 0.0, Sum: 0.0]
         [Termination Attempts: Min: 1, Avg: 1.0, Max: 1, Diff: 0, Sum: 4]
      [GC Worker Other (ms): Min: 0.0, Avg: 0.0, Max: 0.1, Diff: 0.1, Sum: 0.2]
      [GC Worker Total (ms): Min: 21.6, Avg: 21.8, Max: 21.9, Diff: 0.3, Sum: 87.1]
      [GC Worker End (ms): Min: 30321793.2, Avg: 30321793.2, Max: 30321793.2, Diff: 0.0]
   [Code Root Fixup: 0.0 ms]
   [Code Root Purge: 0.0 ms]
   [Clear CT: 0.1 ms]
   [Other: 3.4 ms]
      [Choose CSet: 0.0 ms]
      [Ref Proc: 0.4 ms]
      [Ref Enq: 0.0 ms]
      [Redirty Cards: 0.0 ms]
      [Humongous Register: 2.0 ms]
      [Humongous Reclaim: 0.0 ms]
      [Free CSet: 0.3 ms]
   [Eden: 45.0M(45.0M)->0.0B(47.0M) Survivors: 6144.0K->4096.0K Heap: 194.2M(1024.0M)->148.3M(1024.0M)]
 [Times: user=0.03 sys=0.04, real=0.02 secs] 
2019-11-22T12:17:09.633+0600: 31133.589: [GC pause (G1 Evacuation Pause) (young), 0.0246999 secs]
   [Parallel Time: 18.5 ms, GC Workers: 4]
      [GC Worker Start (ms): Min: 31133593.5, Avg: 31133593.6, Max: 31133593.7, Diff: 0.2]
      [Ext Root Scanning (ms): Min: 3.3, Avg: 5.6, Max: 11.8, Diff: 8.5, Sum: 22.5]
      [Update RS (ms): Min: 0.0, Avg: 2.7, Max: 3.7, Diff: 3.7, Sum: 10.8]
         [Processed Buffers: Min: 0, Avg: 10.2, Max: 28, Diff: 28, Sum: 41]
      [Scan RS (ms): Min: 0.0, Avg: 1.5, Max: 2.1, Diff: 2.1, Sum: 6.2]
      [Code Root Scanning (ms): Min: 0.0, Avg: 0.0, Max: 0.0, Diff: 0.0, Sum: 0.0]
      [Object Copy (ms): Min: 6.5, Avg: 8.3, Max: 8.9, Diff: 2.3, Sum: 33.2]
      [Termination (ms): Min: 0.0, Avg: 0.0, Max: 0.0, Diff: 0.0, Sum: 0.0]
         [Termination Attempts: Min: 1, Avg: 1.0, Max: 1, Diff: 0, Sum: 4]
      [GC Worker Other (ms): Min: 0.0, Avg: 0.1, Max: 0.4, Diff: 0.3, Sum: 0.5]
      [GC Worker Total (ms): Min: 18.2, Avg: 18.3, Max: 18.4, Diff: 0.2, Sum: 73.3]
      [GC Worker End (ms): Min: 31133611.9, Avg: 31133611.9, Max: 31133611.9, Diff: 0.0]
   [Code Root Fixup: 0.0 ms]
   [Code Root Purge: 0.0 ms]
   [Clear CT: 0.1 ms]
   [Other: 6.1 ms]
      [Choose CSet: 0.0 ms]
      [Ref Proc: 0.3 ms]
      [Ref Enq: 0.0 ms]
      [Redirty Cards: 0.1 ms]
      [Humongous Register: 3.3 ms]
      [Humongous Reclaim: 0.0 ms]
      [Free CSet: 0.4 ms]
   [Eden: 47.0M(47.0M)->0.0B(46.0M) Survivors: 4096.0K->5120.0K Heap: 195.3M(1024.0M)->148.8M(1024.0M)]
 [Times: user=0.02 sys=0.04, real=0.02 secs] 
2019-11-22T12:30:26.298+0600: 31930.245: [GC pause (G1 Evacuation Pause) (young), 0.0133803 secs]
   [Parallel Time: 12.5 ms, GC Workers: 4]
      [GC Worker Start (ms): Min: 31930245.5, Avg: 31930245.6, Max: 31930245.6, Diff: 0.0]
      [Ext Root Scanning (ms): Min: 1.1, Avg: 1.6, Max: 2.5, Diff: 1.4, Sum: 6.5]
      [Update RS (ms): Min: 0.0, Avg: 0.4, Max: 0.8, Diff: 0.8, Sum: 1.7]
         [Processed Buffers: Min: 0, Avg: 9.5, Max: 18, Diff: 18, Sum: 38]
      [Scan RS (ms): Min: 1.3, Avg: 1.6, Max: 1.8, Diff: 0.4, Sum: 6.6]
      [Code Root Scanning (ms): Min: 0.0, Avg: 0.0, Max: 0.0, Diff: 0.0, Sum: 0.0]
      [Object Copy (ms): Min: 8.5, Avg: 8.7, Max: 8.9, Diff: 0.3, Sum: 34.8]
      [Termination (ms): Min: 0.0, Avg: 0.0, Max: 0.0, Diff: 0.0, Sum: 0.0]
         [Termination Attempts: Min: 1, Avg: 1.0, Max: 1, Diff: 0, Sum: 4]
      [GC Worker Other (ms): Min: 0.0, Avg: 0.0, Max: 0.0, Diff: 0.0, Sum: 0.1]
      [GC Worker Total (ms): Min: 12.4, Avg: 12.4, Max: 12.5, Diff: 0.0, Sum: 49.8]
      [GC Worker End (ms): Min: 31930258.0, Avg: 31930258.0, Max: 31930258.0, Diff: 0.0]
   [Code Root Fixup: 0.0 ms]
   [Code Root Purge: 0.0 ms]
   [Clear CT: 0.1 ms]
   [Other: 0.7 ms]
      [Choose CSet: 0.0 ms]
      [Ref Proc: 0.2 ms]
      [Ref Enq: 0.0 ms]
      [Redirty Cards: 0.0 ms]
      [Humongous Register: 0.2 ms]
      [Humongous Reclaim: 0.0 ms]
      [Free CSet: 0.1 ms]
   [Eden: 46.0M(46.0M)->0.0B(46.0M) Survivors: 5120.0K->5120.0K Heap: 194.8M(1024.0M)->148.7M(1024.0M)]
 [Times: user=0.03 sys=0.01, real=0.02 secs] 
2019-11-22T12:42:45.350+0600: 32669.289: [GC pause (G1 Evacuation Pause) (young), 0.0125484 secs]
   [Parallel Time: 10.7 ms, GC Workers: 4]
      [GC Worker Start (ms): Min: 32669289.2, Avg: 32669289.2, Max: 32669289.3, Diff: 0.1]
      [Ext Root Scanning (ms): Min: 0.5, Avg: 0.9, Max: 1.7, Diff: 1.2, Sum: 3.6]
      [Update RS (ms): Min: 0.0, Avg: 0.6, Max: 0.9, Diff: 0.9, Sum: 2.5]
         [Processed Buffers: Min: 0, Avg: 9.8, Max: 22, Diff: 22, Sum: 39]
      [Scan RS (ms): Min: 0.4, Avg: 0.6, Max: 0.7, Diff: 0.2, Sum: 2.3]
      [Code Root Scanning (ms): Min: 0.0, Avg: 0.0, Max: 0.0, Diff: 0.0, Sum: 0.0]
      [Object Copy (ms): Min: 8.2, Avg: 8.3, Max: 8.4, Diff: 0.2, Sum: 33.3]
      [Termination (ms): Min: 0.0, Avg: 0.1, Max: 0.2, Diff: 0.2, Sum: 0.5]
         [Termination Attempts: Min: 1, Avg: 1.0, Max: 1, Diff: 0, Sum: 4]
      [GC Worker Other (ms): Min: 0.0, Avg: 0.0, Max: 0.0, Diff: 0.0, Sum: 0.1]
      [GC Worker Total (ms): Min: 10.5, Avg: 10.6, Max: 10.6, Diff: 0.1, Sum: 42.3]
      [GC Worker End (ms): Min: 32669299.8, Avg: 32669299.8, Max: 32669299.8, Diff: 0.1]
   [Code Root Fixup: 0.0 ms]
   [Code Root Purge: 0.0 ms]
   [Clear CT: 0.1 ms]
   [Other: 1.7 ms]
      [Choose CSet: 0.0 ms]
      [Ref Proc: 1.1 ms]
      [Ref Enq: 0.0 ms]
      [Redirty Cards: 0.0 ms]
      [Humongous Register: 0.1 ms]
      [Humongous Reclaim: 0.0 ms]
      [Free CSet: 0.0 ms]
   [Eden: 46.0M(46.0M)->0.0B(47.0M) Survivors: 5120.0K->4096.0K Heap: 194.7M(1024.0M)->148.3M(1024.0M)]
 [Times: user=0.03 sys=0.01, real=0.01 secs] 
2019-11-22T12:56:35.350+0600: 33499.289: [GC pause (G1 Evacuation Pause) (young), 0.0230072 secs]
   [Parallel Time: 20.2 ms, GC Workers: 4]
      [GC Worker Start (ms): Min: 33499290.8, Avg: 33499290.9, Max: 33499291.0, Diff: 0.2]
      [Ext Root Scanning (ms): Min: 2.5, Avg: 4.4, Max: 9.9, Diff: 7.4, Sum: 17.5]
      [Update RS (ms): Min: 0.0, Avg: 2.1, Max: 2.9, Diff: 2.9, Sum: 8.6]
         [Processed Buffers: Min: 0, Avg: 10.8, Max: 27, Diff: 27, Sum: 43]
      [Scan RS (ms): Min: 0.0, Avg: 0.9, Max: 1.3, Diff: 1.3, Sum: 3.8]
      [Code Root Scanning (ms): Min: 0.0, Avg: 0.0, Max: 0.0, Diff: 0.0, Sum: 0.1]
      [Object Copy (ms): Min: 9.9, Avg: 12.0, Max: 13.1, Diff: 3.2, Sum: 48.1]
      [Termination (ms): Min: 0.0, Avg: 0.4, Max: 0.6, Diff: 0.6, Sum: 1.6]
         [Termination Attempts: Min: 1, Avg: 1.0, Max: 1, Diff: 0, Sum: 4]
      [GC Worker Other (ms): Min: 0.0, Avg: 0.1, Max: 0.1, Diff: 0.1, Sum: 0.2]
      [GC Worker Total (ms): Min: 19.8, Avg: 20.0, Max: 20.2, Diff: 0.4, Sum: 79.8]
      [GC Worker End (ms): Min: 33499310.8, Avg: 33499310.9, Max: 33499311.0, Diff: 0.2]
   [Code Root Fixup: 0.0 ms]
   [Code Root Purge: 0.0 ms]
   [Clear CT: 0.1 ms]
   [Other: 2.7 ms]
      [Choose CSet: 0.0 ms]
      [Ref Proc: 0.3 ms]
      [Ref Enq: 0.0 ms]
      [Redirty Cards: 0.0 ms]
      [Humongous Register: 1.5 ms]
      [Humongous Reclaim: 0.0 ms]
      [Free CSet: 0.2 ms]
   [Eden: 47.0M(47.0M)->0.0B(46.0M) Survivors: 4096.0K->5120.0K Heap: 195.3M(1024.0M)->149.3M(1024.0M)]
 [Times: user=0.03 sys=0.04, real=0.02 secs] 
2019-11-22T13:06:01.483+0600: 34065.418: [GC pause (G1 Evacuation Pause) (young), 0.0119441 secs]
   [Parallel Time: 11.3 ms, GC Workers: 4]
      [GC Worker Start (ms): Min: 34065418.2, Avg: 34065418.7, Max: 34065420.0, Diff: 1.8]
      [Ext Root Scanning (ms): Min: 0.0, Avg: 0.8, Max: 1.6, Diff: 1.6, Sum: 3.3]
      [Update RS (ms): Min: 0.2, Avg: 0.8, Max: 1.3, Diff: 1.2, Sum: 3.1]
         [Processed Buffers: Min: 0, Avg: 9.2, Max: 18, Diff: 18, Sum: 37]
      [Scan RS (ms): Min: 0.4, Avg: 0.5, Max: 0.6, Diff: 0.2, Sum: 2.2]
      [Code Root Scanning (ms): Min: 0.0, Avg: 0.0, Max: 0.1, Diff: 0.1, Sum: 0.1]
      [Object Copy (ms): Min: 6.9, Avg: 7.7, Max: 8.1, Diff: 1.2, Sum: 30.9]
      [Termination (ms): Min: 0.5, Avg: 0.9, Max: 1.8, Diff: 1.2, Sum: 3.6]
         [Termination Attempts: Min: 35, Avg: 38.8, Max: 42, Diff: 7, Sum: 155]
      [GC Worker Other (ms): Min: 0.0, Avg: 0.0, Max: 0.0, Diff: 0.0, Sum: 0.1]
      [GC Worker Total (ms): Min: 9.5, Avg: 10.8, Max: 11.3, Diff: 1.8, Sum: 43.3]
      [GC Worker End (ms): Min: 34065429.5, Avg: 34065429.5, Max: 34065429.5, Diff: 0.0]
   [Code Root Fixup: 0.0 ms]
   [Code Root Purge: 0.0 ms]
   [Clear CT: 0.1 ms]
   [Other: 0.5 ms]
      [Choose CSet: 0.0 ms]
      [Ref Proc: 0.2 ms]
      [Ref Enq: 0.0 ms]
      [Redirty Cards: 0.0 ms]
      [Humongous Register: 0.0 ms]
      [Humongous Reclaim: 0.0 ms]
      [Free CSet: 0.1 ms]
   [Eden: 46.0M(46.0M)->0.0B(46.0M) Survivors: 5120.0K->5120.0K Heap: 195.3M(1024.0M)->149.3M(1024.0M)]
 [Times: user=0.03 sys=0.01, real=0.01 secs] 
2019-11-22T13:15:25.011+0600: 34628.941: [GC pause (G1 Evacuation Pause) (young), 0.0227290 secs]
   [Parallel Time: 18.4 ms, GC Workers: 4]
      [GC Worker Start (ms): Min: 34628943.9, Avg: 34628944.0, Max: 34628944.1, Diff: 0.3]
      [Ext Root Scanning (ms): Min: 2.9, Avg: 5.2, Max: 11.7, Diff: 8.7, Sum: 20.9]
      [Update RS (ms): Min: 0.0, Avg: 2.4, Max: 3.5, Diff: 3.5, Sum: 9.7]
         [Processed Buffers: Min: 0, Avg: 9.8, Max: 20, Diff: 20, Sum: 39]
      [Scan RS (ms): Min: 0.0, Avg: 1.0, Max: 1.8, Diff: 1.8, Sum: 3.9]
      [Code Root Scanning (ms): Min: 0.0, Avg: 0.0, Max: 0.0, Diff: 0.0, Sum: 0.1]
      [Object Copy (ms): Min: 6.5, Avg: 9.0, Max: 9.8, Diff: 3.4, Sum: 35.9]
      [Termination (ms): Min: 0.0, Avg: 0.5, Max: 0.6, Diff: 0.6, Sum: 1.9]
         [Termination Attempts: Min: 1, Avg: 1.0, Max: 1, Diff: 0, Sum: 4]
      [GC Worker Other (ms): Min: 0.0, Avg: 0.0, Max: 0.1, Diff: 0.1, Sum: 0.1]
      [GC Worker Total (ms): Min: 18.0, Avg: 18.1, Max: 18.2, Diff: 0.3, Sum: 72.5]
      [GC Worker End (ms): Min: 34628962.1, Avg: 34628962.1, Max: 34628962.1, Diff: 0.0]
   [Code Root Fixup: 0.0 ms]
   [Code Root Purge: 0.0 ms]
   [Clear CT: 0.0 ms]
   [Other: 4.3 ms]
      [Choose CSet: 0.0 ms]
      [Ref Proc: 1.0 ms]
      [Ref Enq: 0.0 ms]
      [Redirty Cards: 0.0 ms]
      [Humongous Register: 2.4 ms]
      [Humongous Reclaim: 0.0 ms]
      [Free CSet: 0.3 ms]
   [Eden: 46.0M(46.0M)->0.0B(47.0M) Survivors: 5120.0K->4096.0K Heap: 195.3M(1024.0M)->148.3M(1024.0M)]
 [Times: user=0.03 sys=0.03, real=0.02 secs] 
2019-11-22T13:25:10.368+0600: 35214.288: [GC pause (G1 Evacuation Pause) (young), 0.0191372 secs]
   [Parallel Time: 17.0 ms, GC Workers: 4]
      [GC Worker Start (ms): Min: 35214288.0, Avg: 35214288.2, Max: 35214288.6, Diff: 0.5]
      [Ext Root Scanning (ms): Min: 1.2, Avg: 3.5, Max: 6.4, Diff: 5.2, Sum: 13.9]
      [Update RS (ms): Min: 0.1, Avg: 2.9, Max: 5.4, Diff: 5.3, Sum: 11.5]
         [Processed Buffers: Min: 0, Avg: 9.8, Max: 29, Diff: 29, Sum: 39]
      [Scan RS (ms): Min: 0.0, Avg: 0.2, Max: 0.3, Diff: 0.3, Sum: 0.9]
      [Code Root Scanning (ms): Min: 0.0, Avg: 0.0, Max: 0.1, Diff: 0.1, Sum: 0.2]
      [Object Copy (ms): Min: 8.0, Avg: 9.5, Max: 12.8, Diff: 4.7, Sum: 37.8]
      [Termination (ms): Min: 0.0, Avg: 0.6, Max: 0.8, Diff: 0.8, Sum: 2.3]
         [Termination Attempts: Min: 1, Avg: 2.0, Max: 3, Diff: 2, Sum: 8]
      [GC Worker Other (ms): Min: 0.0, Avg: 0.1, Max: 0.2, Diff: 0.2, Sum: 0.2]
      [GC Worker Total (ms): Min: 16.4, Avg: 16.7, Max: 16.9, Diff: 0.5, Sum: 66.9]
      [GC Worker End (ms): Min: 35214304.8, Avg: 35214304.9, Max: 35214305.0, Diff: 0.2]
   [Code Root Fixup: 0.0 ms]
   [Code Root Purge: 0.0 ms]
   [Clear CT: 0.0 ms]
   [Other: 2.1 ms]
      [Choose CSet: 0.0 ms]
      [Ref Proc: 0.8 ms]
      [Ref Enq: 0.0 ms]
      [Redirty Cards: 0.0 ms]
      [Humongous Register: 0.2 ms]
      [Humongous Reclaim: 0.0 ms]
      [Free CSet: 0.1 ms]
   [Eden: 47.0M(47.0M)->0.0B(46.0M) Survivors: 4096.0K->5120.0K Heap: 195.3M(1024.0M)->149.3M(1024.0M)]
 [Times: user=0.02 sys=0.01, real=0.02 secs] 
2019-11-22T13:34:50.376+0600: 35794.290: [GC pause (G1 Evacuation Pause) (young), 0.0120441 secs]
   [Parallel Time: 10.8 ms, GC Workers: 4]
      [GC Worker Start (ms): Min: 35794290.0, Avg: 35794290.1, Max: 35794290.2, Diff: 0.1]
      [Ext Root Scanning (ms): Min: 1.2, Avg: 3.8, Max: 6.4, Diff: 5.2, Sum: 15.0]
      [Update RS (ms): Min: 0.0, Avg: 0.3, Max: 0.7, Diff: 0.7, Sum: 1.3]
         [Processed Buffers: Min: 0, Avg: 9.0, Max: 32, Diff: 32, Sum: 36]
      [Scan RS (ms): Min: 0.0, Avg: 0.0, Max: 0.1, Diff: 0.1, Sum: 0.1]
      [Code Root Scanning (ms): Min: 0.0, Avg: 0.0, Max: 0.0, Diff: 0.0, Sum: 0.0]
      [Object Copy (ms): Min: 4.1, Avg: 6.1, Max: 8.2, Diff: 4.1, Sum: 24.5]
      [Termination (ms): Min: 0.0, Avg: 0.4, Max: 0.6, Diff: 0.6, Sum: 1.6]
         [Termination Attempts: Min: 1, Avg: 1.8, Max: 2, Diff: 1, Sum: 7]
      [GC Worker Other (ms): Min: 0.0, Avg: 0.0, Max: 0.0, Diff: 0.0, Sum: 0.0]
      [GC Worker Total (ms): Min: 10.6, Avg: 10.7, Max: 10.8, Diff: 0.2, Sum: 42.6]
      [GC Worker End (ms): Min: 35794300.6, Avg: 35794300.8, Max: 35794300.8, Diff: 0.2]
   [Code Root Fixup: 0.0 ms]
   [Code Root Purge: 0.0 ms]
   [Clear CT: 0.0 ms]
   [Other: 1.2 ms]
      [Choose CSet: 0.0 ms]
      [Ref Proc: 0.6 ms]
      [Ref Enq: 0.0 ms]
      [Redirty Cards: 0.1 ms]
      [Humongous Register: 0.2 ms]
      [Humongous Reclaim: 0.0 ms]
      [Free CSet: 0.1 ms]
   [Eden: 46.0M(46.0M)->0.0B(70.0M) Survivors: 5120.0K->5120.0K Heap: 195.3M(1024.0M)->149.3M(1024.0M)]
 [Times: user=0.02 sys=0.01, real=0.02 secs] 
2019-11-22T13:48:16.105+0600: 36600.011: [GC pause (G1 Evacuation Pause) (young), 0.0275451 secs]
   [Parallel Time: 23.8 ms, GC Workers: 4]
      [GC Worker Start (ms): Min: 36600013.0, Avg: 36600013.1, Max: 36600013.1, Diff: 0.1]
      [Ext Root Scanning (ms): Min: 3.4, Avg: 5.5, Max: 11.7, Diff: 8.3, Sum: 21.9]
      [Update RS (ms): Min: 0.0, Avg: 1.3, Max: 1.7, Diff: 1.7, Sum: 5.1]
         [Processed Buffers: Min: 0, Avg: 10.8, Max: 22, Diff: 22, Sum: 43]
      [Scan RS (ms): Min: 0.0, Avg: 0.0, Max: 0.0, Diff: 0.0, Sum: 0.1]
      [Code Root Scanning (ms): Min: 0.0, Avg: 0.0, Max: 0.1, Diff: 0.1, Sum: 0.1]
      [Object Copy (ms): Min: 11.4, Avg: 16.6, Max: 18.4, Diff: 7.0, Sum: 66.2]
      [Termination (ms): Min: 0.0, Avg: 0.2, Max: 0.6, Diff: 0.6, Sum: 0.9]
         [Termination Attempts: Min: 1, Avg: 1.0, Max: 1, Diff: 0, Sum: 4]
      [GC Worker Other (ms): Min: 0.0, Avg: 0.0, Max: 0.1, Diff: 0.1, Sum: 0.2]
      [GC Worker Total (ms): Min: 23.6, Avg: 23.6, Max: 23.7, Diff: 0.2, Sum: 94.6]
      [GC Worker End (ms): Min: 36600036.7, Avg: 36600036.7, Max: 36600036.7, Diff: 0.0]
   [Code Root Fixup: 0.0 ms]
   [Code Root Purge: 0.0 ms]
   [Clear CT: 0.1 ms]
   [Other: 3.7 ms]
      [Choose CSet: 0.0 ms]
      [Ref Proc: 0.8 ms]
      [Ref Enq: 0.0 ms]
      [Redirty Cards: 0.0 ms]
      [Humongous Register: 1.7 ms]
      [Humongous Reclaim: 0.0 ms]
      [Free CSet: 0.5 ms]
   [Eden: 70.0M(70.0M)->0.0B(47.0M) Survivors: 5120.0K->4096.0K Heap: 219.3M(1024.0M)->148.8M(1024.0M)]
 [Times: user=0.02 sys=0.05, real=0.03 secs] 
2019-11-22T13:55:25.663+0600: 37029.564: [GC pause (G1 Evacuation Pause) (young), 0.0098086 secs]
   [Parallel Time: 9.2 ms, GC Workers: 4]
      [GC Worker Start (ms): Min: 37029564.5, Avg: 37029564.5, Max: 37029564.6, Diff: 0.2]
      [Ext Root Scanning (ms): Min: 0.7, Avg: 1.4, Max: 3.0, Diff: 2.3, Sum: 5.6]
      [Update RS (ms): Min: 0.0, Avg: 0.5, Max: 0.7, Diff: 0.7, Sum: 1.8]
         [Processed Buffers: Min: 0, Avg: 10.2, Max: 23, Diff: 23, Sum: 41]
      [Scan RS (ms): Min: 0.0, Avg: 0.0, Max: 0.0, Diff: 0.0, Sum: 0.1]
      [Code Root Scanning (ms): Min: 0.0, Avg: 0.0, Max: 0.0, Diff: 0.0, Sum: 0.0]
      [Object Copy (ms): Min: 6.1, Avg: 7.2, Max: 7.7, Diff: 1.6, Sum: 29.0]
      [Termination (ms): Min: 0.0, Avg: 0.0, Max: 0.0, Diff: 0.0, Sum: 0.1]
         [Termination Attempts: Min: 2, Avg: 2.5, Max: 3, Diff: 1, Sum: 10]
      [GC Worker Other (ms): Min: 0.0, Avg: 0.0, Max: 0.0, Diff: 0.0, Sum: 0.1]
      [GC Worker Total (ms): Min: 9.1, Avg: 9.2, Max: 9.2, Diff: 0.2, Sum: 36.7]
      [GC Worker End (ms): Min: 37029573.7, Avg: 37029573.7, Max: 37029573.7, Diff: 0.0]
   [Code Root Fixup: 0.0 ms]
   [Code Root Purge: 0.0 ms]
   [Clear CT: 0.0 ms]
   [Other: 0.5 ms]
      [Choose CSet: 0.0 ms]
      [Ref Proc: 0.2 ms]
      [Ref Enq: 0.0 ms]
      [Redirty Cards: 0.0 ms]
      [Humongous Register: 0.0 ms]
      [Humongous Reclaim: 0.0 ms]
      [Free CSet: 0.0 ms]
   [Eden: 47.0M(47.0M)->0.0B(70.0M) Survivors: 4096.0K->5120.0K Heap: 195.8M(1024.0M)->149.2M(1024.0M)]
 [Times: user=0.02 sys=0.01, real=0.01 secs] 
2019-11-22T14:06:00.396+0600: 37664.295: [GC pause (G1 Evacuation Pause) (young), 0.0213666 secs]
   [Parallel Time: 17.7 ms, GC Workers: 4]
      [GC Worker Start (ms): Min: 37664297.3, Avg: 37664297.4, Max: 37664297.5, Diff: 0.2]
      [Ext Root Scanning (ms): Min: 2.4, Avg: 4.5, Max: 10.6, Diff: 8.2, Sum: 17.9]
      [Update RS (ms): Min: 0.0, Avg: 1.8, Max: 3.4, Diff: 3.4, Sum: 7.2]
         [Processed Buffers: Min: 0, Avg: 10.2, Max: 19, Diff: 19, Sum: 41]
      [Scan RS (ms): Min: 0.0, Avg: 0.0, Max: 0.0, Diff: 0.0, Sum: 0.1]
      [Code Root Scanning (ms): Min: 0.0, Avg: 0.0, Max: 0.1, Diff: 0.1, Sum: 0.1]
      [Object Copy (ms): Min: 6.7, Avg: 10.8, Max: 12.6, Diff: 5.9, Sum: 43.3]
      [Termination (ms): Min: 0.0, Avg: 0.3, Max: 0.5, Diff: 0.5, Sum: 1.4]
         [Termination Attempts: Min: 1, Avg: 1.0, Max: 1, Diff: 0, Sum: 4]
      [GC Worker Other (ms): Min: 0.0, Avg: 0.0, Max: 0.1, Diff: 0.1, Sum: 0.1]
      [GC Worker Total (ms): Min: 17.5, Avg: 17.5, Max: 17.7, Diff: 0.2, Sum: 70.2]
      [GC Worker End (ms): Min: 37664314.8, Avg: 37664314.9, Max: 37664315.0, Diff: 0.2]
   [Code Root Fixup: 0.0 ms]
   [Code Root Purge: 0.0 ms]
   [Clear CT: 0.1 ms]
   [Other: 3.6 ms]
      [Choose CSet: 0.0 ms]
      [Ref Proc: 1.1 ms]
      [Ref Enq: 0.0 ms]
      [Redirty Cards: 0.0 ms]
      [Humongous Register: 1.6 ms]
      [Humongous Reclaim: 0.0 ms]
      [Free CSet: 0.3 ms]
   [Eden: 70.0M(70.0M)->0.0B(71.0M) Survivors: 5120.0K->5120.0K Heap: 219.2M(1024.0M)->149.3M(1024.0M)]
 [Times: user=0.02 sys=0.03, real=0.02 secs] 
2019-11-22T14:16:53.284+0600: 38317.177: [GC pause (G1 Evacuation Pause) (young), 0.0102346 secs]
   [Parallel Time: 8.0 ms, GC Workers: 4]
      [GC Worker Start (ms): Min: 38317177.6, Avg: 38317177.6, Max: 38317177.7, Diff: 0.0]
      [Ext Root Scanning (ms): Min: 0.6, Avg: 0.7, Max: 0.9, Diff: 0.4, Sum: 2.8]
      [Update RS (ms): Min: 0.3, Avg: 0.5, Max: 0.6, Diff: 0.3, Sum: 1.8]
         [Processed Buffers: Min: 2, Avg: 9.5, Max: 22, Diff: 20, Sum: 38]
      [Scan RS (ms): Min: 0.0, Avg: 0.0, Max: 0.0, Diff: 0.0, Sum: 0.0]
      [Code Root Scanning (ms): Min: 0.0, Avg: 0.0, Max: 0.0, Diff: 0.0, Sum: 0.0]
      [Object Copy (ms): Min: 6.6, Avg: 6.6, Max: 6.6, Diff: 0.1, Sum: 26.4]
      [Termination (ms): Min: 0.0, Avg: 0.0, Max: 0.1, Diff: 0.1, Sum: 0.2]
         [Termination Attempts: Min: 1, Avg: 1.5, Max: 2, Diff: 1, Sum: 6]
      [GC Worker Other (ms): Min: 0.0, Avg: 0.1, Max: 0.2, Diff: 0.2, Sum: 0.3]
      [GC Worker Total (ms): Min: 7.9, Avg: 7.9, Max: 7.9, Diff: 0.1, Sum: 31.6]
      [GC Worker End (ms): Min: 38317185.5, Avg: 38317185.5, Max: 38317185.6, Diff: 0.1]
   [Code Root Fixup: 0.0 ms]
   [Code Root Purge: 0.0 ms]
   [Clear CT: 0.2 ms]
   [Other: 2.0 ms]
      [Choose CSet: 0.0 ms]
      [Ref Proc: 1.6 ms]
      [Ref Enq: 0.0 ms]
      [Redirty Cards: 0.1 ms]
      [Humongous Register: 0.0 ms]
      [Humongous Reclaim: 0.0 ms]
      [Free CSet: 0.1 ms]
   [Eden: 71.0M(71.0M)->0.0B(219.0M) Survivors: 5120.0K->4096.0K Heap: 220.3M(1024.0M)->148.8M(1024.0M)]
 [Times: user=0.03 sys=0.00, real=0.01 secs] 
2019-11-22T14:49:47.981+0600: 40291.867: [GC pause (G1 Evacuation Pause) (young), 0.0243767 secs]
   [Parallel Time: 17.7 ms, GC Workers: 4]
      [GC Worker Start (ms): Min: 40291869.5, Avg: 40291869.6, Max: 40291869.7, Diff: 0.1]
      [Ext Root Scanning (ms): Min: 2.8, Avg: 5.6, Max: 12.9, Diff: 10.2, Sum: 22.3]
      [Update RS (ms): Min: 0.0, Avg: 1.8, Max: 2.4, Diff: 2.4, Sum: 7.1]
         [Processed Buffers: Min: 0, Avg: 10.5, Max: 29, Diff: 29, Sum: 42]
      [Scan RS (ms): Min: 0.0, Avg: 0.0, Max: 0.1, Diff: 0.0, Sum: 0.2]
      [Code Root Scanning (ms): Min: 0.0, Avg: 0.2, Max: 0.7, Diff: 0.7, Sum: 0.8]
      [Object Copy (ms): Min: 3.8, Avg: 9.1, Max: 11.4, Diff: 7.5, Sum: 36.3]
      [Termination (ms): Min: 0.0, Avg: 0.4, Max: 0.7, Diff: 0.7, Sum: 1.7]
         [Termination Attempts: Min: 1, Avg: 1.0, Max: 1, Diff: 0, Sum: 4]
      [GC Worker Other (ms): Min: 0.0, Avg: 0.4, Max: 0.9, Diff: 0.9, Sum: 1.7]
      [GC Worker Total (ms): Min: 17.4, Avg: 17.5, Max: 17.6, Diff: 0.2, Sum: 70.1]
      [GC Worker End (ms): Min: 40291887.0, Avg: 40291887.1, Max: 40291887.2, Diff: 0.2]
   [Code Root Fixup: 0.0 ms]
   [Code Root Purge: 0.0 ms]
   [Clear CT: 0.2 ms]
   [Other: 6.5 ms]
      [Choose CSet: 0.0 ms]
      [Ref Proc: 3.6 ms]
      [Ref Enq: 0.0 ms]
      [Redirty Cards: 0.0 ms]
      [Humongous Register: 1.7 ms]
      [Humongous Reclaim: 0.0 ms]
      [Free CSet: 0.5 ms]
   [Eden: 219.0M(219.0M)->0.0B(74.0M) Survivors: 4096.0K->4096.0K Heap: 367.8M(1024.0M)->148.3M(1024.0M)]
 [Times: user=0.02 sys=0.03, real=0.02 secs] 
2019-11-22T19:22:14.621+0600: 40964.838: [GC pause (G1 Evacuation Pause) (young), 0.0313961 secs]
   [Parallel Time: 27.9 ms, GC Workers: 4]
      [GC Worker Start (ms): Min: 40964840.6, Avg: 40964840.7, Max: 40964840.7, Diff: 0.1]
      [Ext Root Scanning (ms): Min: 3.7, Avg: 6.3, Max: 14.0, Diff: 10.3, Sum: 25.1]
      [Update RS (ms): Min: 0.0, Avg: 2.0, Max: 2.7, Diff: 2.7, Sum: 7.9]
         [Processed Buffers: Min: 0, Avg: 10.5, Max: 22, Diff: 22, Sum: 42]
      [Scan RS (ms): Min: 0.0, Avg: 0.0, Max: 0.0, Diff: 0.0, Sum: 0.1]
      [Code Root Scanning (ms): Min: 0.0, Avg: 0.1, Max: 0.2, Diff: 0.2, Sum: 0.3]
      [Object Copy (ms): Min: 13.9, Avg: 19.4, Max: 21.3, Diff: 7.4, Sum: 77.5]
      [Termination (ms): Min: 0.0, Avg: 0.0, Max: 0.0, Diff: 0.0, Sum: 0.0]
         [Termination Attempts: Min: 1, Avg: 1.0, Max: 1, Diff: 0, Sum: 4]
      [GC Worker Other (ms): Min: 0.0, Avg: 0.1, Max: 0.1, Diff: 0.1, Sum: 0.3]
      [GC Worker Total (ms): Min: 27.7, Avg: 27.8, Max: 27.8, Diff: 0.1, Sum: 111.1]
      [GC Worker End (ms): Min: 40964868.5, Avg: 40964868.5, Max: 40964868.5, Diff: 0.0]
   [Code Root Fixup: 0.0 ms]
   [Code Root Purge: 0.0 ms]
   [Clear CT: 0.1 ms]
   [Other: 3.4 ms]
      [Choose CSet: 0.0 ms]
      [Ref Proc: 0.4 ms]
      [Ref Enq: 0.0 ms]
      [Redirty Cards: 0.0 ms]
      [Humongous Register: 1.9 ms]
      [Humongous Reclaim: 0.0 ms]
      [Free CSet: 0.3 ms]
   [Eden: 74.0M(74.0M)->0.0B(46.0M) Survivors: 4096.0K->5120.0K Heap: 222.3M(1024.0M)->149.3M(1024.0M)]
 [Times: user=0.02 sys=0.07, real=0.03 secs] 
2019-11-22T19:29:18.183+0600: 41388.399: [GC pause (G1 Evacuation Pause) (young), 0.0095967 secs]
   [Parallel Time: 8.5 ms, GC Workers: 4]
      [GC Worker Start (ms): Min: 41388399.7, Avg: 41388399.7, Max: 41388399.8, Diff: 0.1]
      [Ext Root Scanning (ms): Min: 0.8, Avg: 1.0, Max: 1.4, Diff: 0.6, Sum: 4.0]
      [Update RS (ms): Min: 0.1, Avg: 0.5, Max: 0.7, Diff: 0.6, Sum: 1.9]
         [Processed Buffers: Min: 2, Avg: 9.0, Max: 16, Diff: 14, Sum: 36]
      [Scan RS (ms): Min: 0.0, Avg: 0.0, Max: 0.0, Diff: 0.0, Sum: 0.0]
      [Code Root Scanning (ms): Min: 0.0, Avg: 0.0, Max: 0.0, Diff: 0.0, Sum: 0.1]
      [Object Copy (ms): Min: 6.5, Avg: 6.7, Max: 7.0, Diff: 0.5, Sum: 26.6]
      [Termination (ms): Min: 0.0, Avg: 0.3, Max: 0.4, Diff: 0.4, Sum: 1.2]
         [Termination Attempts: Min: 2, Avg: 2.2, Max: 3, Diff: 1, Sum: 9]
      [GC Worker Other (ms): Min: 0.0, Avg: 0.0, Max: 0.0, Diff: 0.0, Sum: 0.1]
      [GC Worker Total (ms): Min: 8.4, Avg: 8.5, Max: 8.5, Diff: 0.1, Sum: 33.9]
      [GC Worker End (ms): Min: 41388408.2, Avg: 41388408.2, Max: 41388408.2, Diff: 0.0]
   [Code Root Fixup: 0.0 ms]
   [Code Root Purge: 0.0 ms]
   [Clear CT: 0.1 ms]
   [Other: 1.0 ms]
      [Choose CSet: 0.0 ms]
      [Ref Proc: 0.2 ms]
      [Ref Enq: 0.0 ms]
      [Redirty Cards: 0.1 ms]
      [Humongous Register: 0.3 ms]
      [Humongous Reclaim: 0.0 ms]
      [Free CSet: 0.1 ms]
   [Eden: 46.0M(46.0M)->0.0B(87.0M) Survivors: 5120.0K->6144.0K Heap: 195.3M(1024.0M)->150.1M(1024.0M)]
 [Times: user=0.02 sys=0.01, real=0.01 secs] 
2019-11-22T19:42:40.504+0600: 42190.717: [GC pause (G1 Evacuation Pause) (young), 0.0318127 secs]
   [Parallel Time: 24.9 ms, GC Workers: 4]
      [GC Worker Start (ms): Min: 42190721.9, Avg: 42190722.0, Max: 42190722.2, Diff: 0.2]
      [Ext Root Scanning (ms): Min: 5.1, Avg: 9.7, Max: 22.7, Diff: 17.6, Sum: 39.0]
      [Update RS (ms): Min: 0.0, Avg: 2.6, Max: 4.6, Diff: 4.6, Sum: 10.5]
         [Processed Buffers: Min: 0, Avg: 10.0, Max: 20, Diff: 20, Sum: 40]
      [Scan RS (ms): Min: 0.0, Avg: 0.0, Max: 0.1, Diff: 0.1, Sum: 0.1]
      [Code Root Scanning (ms): Min: 0.0, Avg: 0.1, Max: 0.1, Diff: 0.1, Sum: 0.2]
      [Object Copy (ms): Min: 1.2, Avg: 11.4, Max: 15.7, Diff: 14.4, Sum: 45.7]
      [Termination (ms): Min: 0.0, Avg: 0.6, Max: 0.9, Diff: 0.9, Sum: 2.3]
         [Termination Attempts: Min: 1, Avg: 1.8, Max: 3, Diff: 2, Sum: 7]
      [GC Worker Other (ms): Min: 0.0, Avg: 0.1, Max: 0.3, Diff: 0.3, Sum: 0.5]
      [GC Worker Total (ms): Min: 24.4, Avg: 24.6, Max: 24.8, Diff: 0.4, Sum: 98.3]
      [GC Worker End (ms): Min: 42190746.5, Avg: 42190746.6, Max: 42190746.8, Diff: 0.3]
   [Code Root Fixup: 0.0 ms]
   [Code Root Purge: 0.0 ms]
   [Clear CT: 0.0 ms]
   [Other: 6.8 ms]
      [Choose CSet: 0.0 ms]
      [Ref Proc: 1.6 ms]
      [Ref Enq: 0.0 ms]
      [Redirty Cards: 0.0 ms]
      [Humongous Register: 3.9 ms]
      [Humongous Reclaim: 0.0 ms]
      [Free CSet: 0.3 ms]
   [Eden: 87.0M(87.0M)->0.0B(46.0M) Survivors: 6144.0K->5120.0K Heap: 237.1M(1024.0M)->149.3M(1024.0M)]
 [Times: user=0.03 sys=0.04, real=0.03 secs] 
2019-11-22T19:49:44.075+0600: 42614.291: [GC pause (G1 Evacuation Pause) (young), 0.0108470 secs]
   [Parallel Time: 10.2 ms, GC Workers: 4]
      [GC Worker Start (ms): Min: 42614291.4, Avg: 42614291.4, Max: 42614291.4, Diff: 0.0]
      [Ext Root Scanning (ms): Min: 0.8, Avg: 0.8, Max: 0.9, Diff: 0.1, Sum: 3.2]
      [Update RS (ms): Min: 0.4, Avg: 0.7, Max: 1.6, Diff: 1.1, Sum: 2.9]
         [Processed Buffers: Min: 1, Avg: 10.0, Max: 16, Diff: 15, Sum: 40]
      [Scan RS (ms): Min: 0.0, Avg: 0.0, Max: 0.0, Diff: 0.0, Sum: 0.0]
      [Code Root Scanning (ms): Min: 0.0, Avg: 0.0, Max: 0.1, Diff: 0.1, Sum: 0.1]
      [Object Copy (ms): Min: 7.6, Avg: 8.5, Max: 8.8, Diff: 1.2, Sum: 33.9]
      [Termination (ms): Min: 0.0, Avg: 0.0, Max: 0.0, Diff: 0.0, Sum: 0.1]
         [Termination Attempts: Min: 2, Avg: 2.5, Max: 3, Diff: 1, Sum: 10]
      [GC Worker Other (ms): Min: 0.0, Avg: 0.0, Max: 0.1, Diff: 0.0, Sum: 0.2]
      [GC Worker Total (ms): Min: 10.1, Avg: 10.1, Max: 10.1, Diff: 0.0, Sum: 40.5]
      [GC Worker End (ms): Min: 42614301.5, Avg: 42614301.6, Max: 42614301.6, Diff: 0.0]
   [Code Root Fixup: 0.0 ms]
   [Code Root Purge: 0.0 ms]
   [Clear CT: 0.0 ms]
   [Other: 0.6 ms]
      [Choose CSet: 0.0 ms]
      [Ref Proc: 0.1 ms]
      [Ref Enq: 0.0 ms]
      [Redirty Cards: 0.1 ms]
      [Humongous Register: 0.1 ms]
      [Humongous Reclaim: 0.0 ms]
      [Free CSet: 0.1 ms]
   [Eden: 46.0M(46.0M)->0.0B(55.0M) Survivors: 5120.0K->6144.0K Heap: 195.3M(1024.0M)->150.2M(1024.0M)]
 [Times: user=0.03 sys=0.01, real=0.01 secs] 
2019-11-22T20:12:12.691+0600: 43112.363: [GC pause (G1 Evacuation Pause) (young), 0.0492416 secs]
   [Parallel Time: 45.3 ms, GC Workers: 4]
      [GC Worker Start (ms): Min: 43112366.1, Avg: 43112366.2, Max: 43112366.4, Diff: 0.3]
      [Ext Root Scanning (ms): Min: 6.5, Avg: 12.9, Max: 31.8, Diff: 25.3, Sum: 51.8]
      [Update RS (ms): Min: 0.0, Avg: 5.0, Max: 7.0, Diff: 7.0, Sum: 19.9]
         [Processed Buffers: Min: 0, Avg: 9.2, Max: 34, Diff: 34, Sum: 37]
      [Scan RS (ms): Min: 0.0, Avg: 0.0, Max: 0.0, Diff: 0.0, Sum: 0.1]
      [Code Root Scanning (ms): Min: 0.0, Avg: 0.0, Max: 0.1, Diff: 0.1, Sum: 0.1]
      [Object Copy (ms): Min: 11.0, Avg: 25.0, Max: 30.7, Diff: 19.6, Sum: 99.9]
      [Termination (ms): Min: 1.2, Avg: 2.1, Max: 2.5, Diff: 1.3, Sum: 8.5]
         [Termination Attempts: Min: 27, Avg: 31.2, Max: 36, Diff: 9, Sum: 125]
      [GC Worker Other (ms): Min: 0.0, Avg: 0.0, Max: 0.1, Diff: 0.1, Sum: 0.2]
      [GC Worker Total (ms): Min: 44.9, Avg: 45.1, Max: 45.2, Diff: 0.3, Sum: 180.4]
      [GC Worker End (ms): Min: 43112411.3, Avg: 43112411.3, Max: 43112411.3, Diff: 0.0]
   [Code Root Fixup: 0.0 ms]
   [Code Root Purge: 0.0 ms]
   [Clear CT: 0.1 ms]
   [Other: 3.8 ms]
      [Choose CSet: 0.0 ms]
      [Ref Proc: 0.3 ms]
      [Ref Enq: 0.0 ms]
      [Redirty Cards: 0.0 ms]
      [Humongous Register: 1.8 ms]
      [Humongous Reclaim: 0.0 ms]
      [Free CSet: 0.3 ms]
   [Eden: 55.0M(55.0M)->0.0B(46.0M) Survivors: 6144.0K->5120.0K Heap: 205.2M(1024.0M)->149.3M(1024.0M)]
 [Times: user=0.02 sys=0.05, real=0.05 secs] 
2019-11-22T20:18:42.283+0600: 43501.954: [GC pause (G1 Evacuation Pause) (young), 0.0111517 secs]
   [Parallel Time: 9.3 ms, GC Workers: 4]
      [GC Worker Start (ms): Min: 43501954.5, Avg: 43501954.6, Max: 43501954.6, Diff: 0.1]
      [Ext Root Scanning (ms): Min: 0.6, Avg: 0.7, Max: 0.8, Diff: 0.2, Sum: 2.7]
      [Update RS (ms): Min: 0.5, Avg: 1.0, Max: 1.5, Diff: 1.0, Sum: 3.9]
         [Processed Buffers: Min: 1, Avg: 9.8, Max: 23, Diff: 22, Sum: 39]
      [Scan RS (ms): Min: 0.0, Avg: 0.0, Max: 0.0, Diff: 0.0, Sum: 0.0]
      [Code Root Scanning (ms): Min: 0.0, Avg: 0.0, Max: 0.0, Diff: 0.0, Sum: 0.0]
      [Object Copy (ms): Min: 5.8, Avg: 6.5, Max: 6.8, Diff: 1.0, Sum: 25.8]
      [Termination (ms): Min: 0.0, Avg: 0.9, Max: 1.2, Diff: 1.2, Sum: 3.4]
         [Termination Attempts: Min: 1, Avg: 1.0, Max: 1, Diff: 0, Sum: 4]
      [GC Worker Other (ms): Min: 0.0, Avg: 0.0, Max: 0.0, Diff: 0.0, Sum: 0.1]
      [GC Worker Total (ms): Min: 8.6, Avg: 9.0, Max: 9.2, Diff: 0.6, Sum: 35.9]
      [GC Worker End (ms): Min: 43501963.2, Avg: 43501963.6, Max: 43501963.8, Diff: 0.6]
   [Code Root Fixup: 0.0 ms]
   [Code Root Purge: 0.0 ms]
   [Clear CT: 0.2 ms]
   [Other: 1.7 ms]
      [Choose CSet: 0.0 ms]
      [Ref Proc: 0.3 ms]
      [Ref Enq: 0.0 ms]
      [Redirty Cards: 0.1 ms]
      [Humongous Register: 0.0 ms]
      [Humongous Reclaim: 0.0 ms]
      [Free CSet: 0.1 ms]
   [Eden: 46.0M(46.0M)->0.0B(47.0M) Survivors: 5120.0K->4096.0K Heap: 195.3M(1024.0M)->148.8M(1024.0M)]
 [Times: user=0.02 sys=0.01, real=0.01 secs] 
2019-11-22T20:25:54.624+0600: 43934.295: [GC pause (G1 Evacuation Pause) (young), 0.0111958 secs]
   [Parallel Time: 9.3 ms, GC Workers: 4]
      [GC Worker Start (ms): Min: 43934295.4, Avg: 43934295.4, Max: 43934295.4, Diff: 0.1]
      [Ext Root Scanning (ms): Min: 0.6, Avg: 0.7, Max: 0.8, Diff: 0.2, Sum: 2.7]
      [Update RS (ms): Min: 0.4, Avg: 0.5, Max: 0.5, Diff: 0.0, Sum: 1.8]
         [Processed Buffers: Min: 1, Avg: 10.5, Max: 29, Diff: 28, Sum: 42]
      [Scan RS (ms): Min: 0.0, Avg: 0.0, Max: 0.0, Diff: 0.0, Sum: 0.0]
      [Code Root Scanning (ms): Min: 0.0, Avg: 0.0, Max: 0.0, Diff: 0.0, Sum: 0.0]
      [Object Copy (ms): Min: 7.4, Avg: 7.6, Max: 8.0, Diff: 0.7, Sum: 30.4]
      [Termination (ms): Min: 0.0, Avg: 0.5, Max: 0.6, Diff: 0.6, Sum: 1.8]
         [Termination Attempts: Min: 1, Avg: 2.8, Max: 4, Diff: 3, Sum: 11]
      [GC Worker Other (ms): Min: 0.0, Avg: 0.0, Max: 0.0, Diff: 0.0, Sum: 0.0]
      [GC Worker Total (ms): Min: 9.1, Avg: 9.2, Max: 9.3, Diff: 0.1, Sum: 36.9]
      [GC Worker End (ms): Min: 43934304.6, Avg: 43934304.6, Max: 43934304.7, Diff: 0.1]
   [Code Root Fixup: 0.0 ms]
   [Code Root Purge: 0.0 ms]
   [Clear CT: 0.0 ms]
   [Other: 1.8 ms]
      [Choose CSet: 0.0 ms]
      [Ref Proc: 0.7 ms]
      [Ref Enq: 0.0 ms]
      [Redirty Cards: 0.0 ms]
      [Humongous Register: 0.0 ms]
      [Humongous Reclaim: 0.0 ms]
      [Free CSet: 0.1 ms]
   [Eden: 47.0M(47.0M)->0.0B(46.0M) Survivors: 4096.0K->5120.0K Heap: 195.8M(1024.0M)->149.4M(1024.0M)]
 [Times: user=0.02 sys=0.01, real=0.01 secs] 
2019-11-22T20:32:57.832+0600: 44357.502: [GC pause (G1 Evacuation Pause) (young), 0.0238518 secs]
   [Parallel Time: 17.8 ms, GC Workers: 4]
      [GC Worker Start (ms): Min: 44357504.8, Avg: 44357507.2, Max: 44357510.2, Diff: 5.3]
      [Ext Root Scanning (ms): Min: 2.3, Avg: 6.9, Max: 14.9, Diff: 12.6, Sum: 27.6]
      [Update RS (ms): Min: 0.0, Avg: 2.1, Max: 3.4, Diff: 3.4, Sum: 8.2]
         [Processed Buffers: Min: 0, Avg: 9.2, Max: 34, Diff: 34, Sum: 37]
      [Scan RS (ms): Min: 0.0, Avg: 0.0, Max: 0.0, Diff: 0.0, Sum: 0.0]
      [Code Root Scanning (ms): Min: 0.0, Avg: 0.0, Max: 0.1, Diff: 0.1, Sum: 0.1]
      [Object Copy (ms): Min: 0.5, Avg: 4.1, Max: 6.2, Diff: 5.7, Sum: 16.5]
      [Termination (ms): Min: 0.0, Avg: 1.2, Max: 2.1, Diff: 2.1, Sum: 4.7]
         [Termination Attempts: Min: 1, Avg: 1.0, Max: 1, Diff: 0, Sum: 4]
      [GC Worker Other (ms): Min: 0.0, Avg: 0.1, Max: 0.1, Diff: 0.1, Sum: 0.3]
      [GC Worker Total (ms): Min: 10.6, Avg: 14.4, Max: 17.5, Diff: 6.9, Sum: 57.5]
      [GC Worker End (ms): Min: 44357520.8, Avg: 44357521.6, Max: 44357522.4, Diff: 1.6]
   [Code Root Fixup: 0.0 ms]
   [Code Root Purge: 0.0 ms]
   [Clear CT: 0.1 ms]
   [Other: 5.9 ms]
      [Choose CSet: 0.0 ms]
      [Ref Proc: 2.6 ms]
      [Ref Enq: 0.0 ms]
      [Redirty Cards: 0.2 ms]
      [Humongous Register: 1.8 ms]
      [Humongous Reclaim: 0.0 ms]
      [Free CSet: 0.5 ms]
   [Eden: 46.0M(46.0M)->0.0B(47.0M) Survivors: 5120.0K->4096.0K Heap: 195.4M(1024.0M)->148.9M(1024.0M)]
 [Times: user=0.02 sys=0.03, real=0.02 secs] 
2019-11-22T20:40:09.618+0600: 44789.288: [GC pause (G1 Evacuation Pause) (young), 0.0068768 secs]
   [Parallel Time: 5.7 ms, GC Workers: 4]
      [GC Worker Start (ms): Min: 44789288.0, Avg: 44789288.0, Max: 44789288.0, Diff: 0.0]
      [Ext Root Scanning (ms): Min: 0.6, Avg: 1.4, Max: 3.6, Diff: 2.9, Sum: 5.7]
      [Update RS (ms): Min: 0.0, Avg: 0.3, Max: 0.4, Diff: 0.4, Sum: 1.1]
         [Processed Buffers: Min: 0, Avg: 9.5, Max: 24, Diff: 24, Sum: 38]
      [Scan RS (ms): Min: 0.0, Avg: 0.0, Max: 0.0, Diff: 0.0, Sum: 0.0]
      [Code Root Scanning (ms): Min: 0.0, Avg: 0.0, Max: 0.0, Diff: 0.0, Sum: 0.0]
      [Object Copy (ms): Min: 1.9, Avg: 3.8, Max: 4.4, Diff: 2.5, Sum: 15.1]
      [Termination (ms): Min: 0.0, Avg: 0.0, Max: 0.0, Diff: 0.0, Sum: 0.0]
         [Termination Attempts: Min: 1, Avg: 1.0, Max: 1, Diff: 0, Sum: 4]
      [GC Worker Other (ms): Min: 0.0, Avg: 0.0, Max: 0.1, Diff: 0.1, Sum: 0.2]
      [GC Worker Total (ms): Min: 5.5, Avg: 5.5, Max: 5.6, Diff: 0.1, Sum: 22.1]
      [GC Worker End (ms): Min: 44789293.5, Avg: 44789293.5, Max: 44789293.6, Diff: 0.1]
   [Code Root Fixup: 0.0 ms]
   [Code Root Purge: 0.0 ms]
   [Clear CT: 0.0 ms]
   [Other: 1.2 ms]
      [Choose CSet: 0.0 ms]
      [Ref Proc: 0.9 ms]
      [Ref Enq: 0.0 ms]
      [Redirty Cards: 0.1 ms]
      [Humongous Register: 0.0 ms]
      [Humongous Reclaim: 0.0 ms]
      [Free CSet: 0.1 ms]
   [Eden: 47.0M(47.0M)->0.0B(86.0M) Survivors: 4096.0K->5120.0K Heap: 195.9M(1024.0M)->149.4M(1024.0M)]
 [Times: user=0.02 sys=0.00, real=0.01 secs] 
2019-11-22T20:53:21.149+0600: 45580.814: [GC pause (G1 Evacuation Pause) (young), 0.0225472 secs]
   [Parallel Time: 18.9 ms, GC Workers: 4]
      [GC Worker Start (ms): Min: 45580816.3, Avg: 45580816.4, Max: 45580816.5, Diff: 0.1]
      [Ext Root Scanning (ms): Min: 3.9, Avg: 6.0, Max: 12.2, Diff: 8.3, Sum: 23.9]
      [Update RS (ms): Min: 0.0, Avg: 1.7, Max: 2.3, Diff: 2.3, Sum: 6.7]
         [Processed Buffers: Min: 0, Avg: 9.8, Max: 16, Diff: 16, Sum: 39]
      [Scan RS (ms): Min: 0.0, Avg: 0.0, Max: 0.0, Diff: 0.0, Sum: 0.1]
      [Code Root Scanning (ms): Min: 0.0, Avg: 0.0, Max: 0.1, Diff: 0.1, Sum: 0.1]
      [Object Copy (ms): Min: 6.7, Avg: 10.8, Max: 12.5, Diff: 5.9, Sum: 43.2]
      [Termination (ms): Min: 0.0, Avg: 0.3, Max: 0.6, Diff: 0.6, Sum: 1.1]
         [Termination Attempts: Min: 1, Avg: 3.0, Max: 5, Diff: 4, Sum: 12]
      [GC Worker Other (ms): Min: 0.0, Avg: 0.0, Max: 0.0, Diff: 0.0, Sum: 0.1]
      [GC Worker Total (ms): Min: 18.7, Avg: 18.8, Max: 18.9, Diff: 0.1, Sum: 75.2]
      [GC Worker End (ms): Min: 45580835.2, Avg: 45580835.2, Max: 45580835.2, Diff: 0.0]
   [Code Root Fixup: 0.0 ms]
   [Code Root Purge: 0.0 ms]
   [Clear CT: 0.1 ms]
   [Other: 3.5 ms]
      [Choose CSet: 0.0 ms]
      [Ref Proc: 0.8 ms]
      [Ref Enq: 0.0 ms]
      [Redirty Cards: 0.0 ms]
      [Humongous Register: 1.7 ms]
      [Humongous Reclaim: 0.0 ms]
      [Free CSet: 0.3 ms]
   [Eden: 86.0M(86.0M)->0.0B(47.0M) Survivors: 5120.0K->4096.0K Heap: 235.4M(1024.0M)->148.9M(1024.0M)]
 [Times: user=0.03 sys=0.04, real=0.03 secs] 
2019-11-22T21:00:34.626+0600: 46014.290: [GC pause (G1 Evacuation Pause) (young), 0.0114266 secs]
   [Parallel Time: 9.7 ms, GC Workers: 4]
      [GC Worker Start (ms): Min: 46014290.0, Avg: 46014290.1, Max: 46014290.1, Diff: 0.0]
      [Ext Root Scanning (ms): Min: 0.7, Avg: 1.0, Max: 1.7, Diff: 1.0, Sum: 4.0]
      [Update RS (ms): Min: 0.0, Avg: 1.5, Max: 3.0, Diff: 3.0, Sum: 6.2]
         [Processed Buffers: Min: 0, Avg: 9.8, Max: 36, Diff: 36, Sum: 39]
      [Scan RS (ms): Min: 0.0, Avg: 0.0, Max: 0.0, Diff: 0.0, Sum: 0.0]
      [Code Root Scanning (ms): Min: 0.0, Avg: 0.0, Max: 0.0, Diff: 0.0, Sum: 0.0]
      [Object Copy (ms): Min: 5.4, Avg: 6.7, Max: 7.9, Diff: 2.5, Sum: 26.9]
      [Termination (ms): Min: 0.0, Avg: 0.3, Max: 0.4, Diff: 0.4, Sum: 1.2]
         [Termination Attempts: Min: 1, Avg: 1.0, Max: 1, Diff: 0, Sum: 4]
      [GC Worker Other (ms): Min: 0.0, Avg: 0.0, Max: 0.0, Diff: 0.0, Sum: 0.0]
      [GC Worker Total (ms): Min: 9.4, Avg: 9.6, Max: 9.6, Diff: 0.2, Sum: 38.3]
      [GC Worker End (ms): Min: 46014299.5, Avg: 46014299.6, Max: 46014299.7, Diff: 0.2]
   [Code Root Fixup: 0.0 ms]
   [Code Root Purge: 0.0 ms]
   [Clear CT: 0.0 ms]
   [Other: 1.7 ms]
      [Choose CSet: 0.0 ms]
      [Ref Proc: 1.1 ms]
      [Ref Enq: 0.0 ms]
      [Redirty Cards: 0.0 ms]
      [Humongous Register: 0.2 ms]
      [Humongous Reclaim: 0.0 ms]
      [Free CSet: 0.1 ms]
   [Eden: 47.0M(47.0M)->0.0B(160.0M) Survivors: 4096.0K->4096.0K Heap: 195.9M(1024.0M)->148.9M(1024.0M)]
 [Times: user=0.02 sys=0.01, real=0.01 secs] 
2019-11-22T21:24:18.645+0600: 47438.301: [GC pause (G1 Evacuation Pause) (young), 0.0330424 secs]
   [Parallel Time: 26.3 ms, GC Workers: 4]
      [GC Worker Start (ms): Min: 47438305.3, Avg: 47438305.4, Max: 47438305.5, Diff: 0.2]
      [Ext Root Scanning (ms): Min: 4.5, Avg: 8.1, Max: 17.7, Diff: 13.2, Sum: 32.5]
      [Update RS (ms): Min: 0.0, Avg: 2.0, Max: 4.0, Diff: 4.0, Sum: 8.1]
         [Processed Buffers: Min: 0, Avg: 10.0, Max: 31, Diff: 31, Sum: 40]
      [Scan RS (ms): Min: 0.0, Avg: 0.0, Max: 0.1, Diff: 0.1, Sum: 0.1]
      [Code Root Scanning (ms): Min: 0.0, Avg: 0.0, Max: 0.1, Diff: 0.1, Sum: 0.1]
      [Object Copy (ms): Min: 7.7, Avg: 14.8, Max: 18.4, Diff: 10.6, Sum: 59.3]
      [Termination (ms): Min: 0.0, Avg: 0.5, Max: 0.7, Diff: 0.7, Sum: 2.1]
         [Termination Attempts: Min: 1, Avg: 1.5, Max: 2, Diff: 1, Sum: 6]
      [GC Worker Other (ms): Min: 0.0, Avg: 0.5, Max: 1.1, Diff: 1.1, Sum: 2.1]
      [GC Worker Total (ms): Min: 26.0, Avg: 26.1, Max: 26.2, Diff: 0.2, Sum: 104.3]
      [GC Worker End (ms): Min: 47438331.4, Avg: 47438331.5, Max: 47438331.5, Diff: 0.1]
   [Code Root Fixup: 0.0 ms]
   [Code Root Purge: 0.0 ms]
   [Clear CT: 0.1 ms]
   [Other: 6.6 ms]
      [Choose CSet: 0.0 ms]
      [Ref Proc: 1.2 ms]
      [Ref Enq: 0.0 ms]
      [Redirty Cards: 0.0 ms]
      [Humongous Register: 2.0 ms]
      [Humongous Reclaim: 0.0 ms]
      [Free CSet: 1.1 ms]
   [Eden: 160.0M(160.0M)->0.0B(46.0M) Survivors: 4096.0K->5120.0K Heap: 308.9M(1024.0M)->149.7M(1024.0M)]
 [Times: user=0.02 sys=0.04, real=0.03 secs] 
2019-11-22T21:31:18.379+0600: 47858.033: [GC pause (G1 Evacuation Pause) (young), 0.0074346 secs]
   [Parallel Time: 6.6 ms, GC Workers: 4]
      [GC Worker Start (ms): Min: 47858032.8, Avg: 47858032.8, Max: 47858032.9, Diff: 0.1]
      [Ext Root Scanning (ms): Min: 0.6, Avg: 0.8, Max: 1.4, Diff: 0.9, Sum: 3.3]
      [Update RS (ms): Min: 0.0, Avg: 0.6, Max: 0.9, Diff: 0.9, Sum: 2.3]
         [Processed Buffers: Min: 0, Avg: 9.5, Max: 35, Diff: 35, Sum: 38]
      [Scan RS (ms): Min: 0.0, Avg: 0.0, Max: 0.0, Diff: 0.0, Sum: 0.0]
      [Code Root Scanning (ms): Min: 0.0, Avg: 0.0, Max: 0.0, Diff: 0.0, Sum: 0.0]
      [Object Copy (ms): Min: 5.0, Avg: 5.1, Max: 5.2, Diff: 0.2, Sum: 20.6]
      [Termination (ms): Min: 0.0, Avg: 0.0, Max: 0.0, Diff: 0.0, Sum: 0.0]
         [Termination Attempts: Min: 1, Avg: 1.0, Max: 1, Diff: 0, Sum: 4]
      [GC Worker Other (ms): Min: 0.0, Avg: 0.0, Max: 0.0, Diff: 0.0, Sum: 0.1]
      [GC Worker Total (ms): Min: 6.6, Avg: 6.6, Max: 6.6, Diff: 0.1, Sum: 26.3]
      [GC Worker End (ms): Min: 47858039.4, Avg: 47858039.4, Max: 47858039.4, Diff: 0.0]
   [Code Root Fixup: 0.0 ms]
   [Code Root Purge: 0.0 ms]
   [Clear CT: 0.1 ms]
   [Other: 0.7 ms]
      [Choose CSet: 0.0 ms]
      [Ref Proc: 0.2 ms]
      [Ref Enq: 0.0 ms]
      [Redirty Cards: 0.0 ms]
      [Humongous Register: 0.1 ms]
      [Humongous Reclaim: 0.0 ms]
      [Free CSet: 0.1 ms]
   [Eden: 46.0M(46.0M)->0.0B(136.0M) Survivors: 5120.0K->5120.0K Heap: 195.7M(1024.0M)->149.4M(1024.0M)]
 [Times: user=0.01 sys=0.01, real=0.01 secs] 
2019-11-22T21:52:02.133+0600: 49101.781: [GC pause (G1 Evacuation Pause) (young), 0.0212947 secs]
   [Parallel Time: 17.5 ms, GC Workers: 4]
      [GC Worker Start (ms): Min: 49101783.8, Avg: 49101783.9, Max: 49101784.0, Diff: 0.1]
      [Ext Root Scanning (ms): Min: 4.7, Avg: 7.3, Max: 15.1, Diff: 10.4, Sum: 29.2]
      [Update RS (ms): Min: 0.0, Avg: 1.2, Max: 1.6, Diff: 1.6, Sum: 4.7]
         [Processed Buffers: Min: 0, Avg: 9.8, Max: 17, Diff: 17, Sum: 39]
      [Scan RS (ms): Min: 0.0, Avg: 0.0, Max: 0.1, Diff: 0.1, Sum: 0.1]
      [Code Root Scanning (ms): Min: 0.0, Avg: 0.1, Max: 0.2, Diff: 0.2, Sum: 0.3]
      [Object Copy (ms): Min: 2.3, Avg: 8.7, Max: 10.9, Diff: 8.6, Sum: 34.9]
      [Termination (ms): Min: 0.0, Avg: 0.0, Max: 0.0, Diff: 0.0, Sum: 0.0]
         [Termination Attempts: Min: 1, Avg: 2.2, Max: 4, Diff: 3, Sum: 9]
      [GC Worker Other (ms): Min: 0.0, Avg: 0.1, Max: 0.1, Diff: 0.1, Sum: 0.3]
      [GC Worker Total (ms): Min: 17.3, Avg: 17.4, Max: 17.4, Diff: 0.1, Sum: 69.5]
      [GC Worker End (ms): Min: 49101801.3, Avg: 49101801.3, Max: 49101801.3, Diff: 0.0]
   [Code Root Fixup: 0.0 ms]
   [Code Root Purge: 0.0 ms]
   [Clear CT: 0.1 ms]
   [Other: 3.7 ms]
      [Choose CSet: 0.0 ms]
      [Ref Proc: 0.4 ms]
      [Ref Enq: 0.0 ms]
      [Redirty Cards: 0.0 ms]
      [Humongous Register: 2.0 ms]
      [Humongous Reclaim: 0.0 ms]
      [Free CSet: 0.4 ms]
   [Eden: 136.0M(136.0M)->0.0B(126.0M) Survivors: 5120.0K->6144.0K Heap: 285.4M(1024.0M)->150.3M(1024.0M)]
 [Times: user=0.02 sys=0.04, real=0.02 secs] 
2019-11-22T22:11:07.692+0600: 50247.336: [GC pause (G1 Evacuation Pause) (young), 0.0166648 secs]
   [Parallel Time: 13.2 ms, GC Workers: 4]
      [GC Worker Start (ms): Min: 50247338.0, Avg: 50247338.1, Max: 50247338.2, Diff: 0.2]
      [Ext Root Scanning (ms): Min: 3.1, Avg: 5.3, Max: 11.8, Diff: 8.7, Sum: 21.3]
      [Update RS (ms): Min: 0.0, Avg: 1.2, Max: 1.9, Diff: 1.9, Sum: 4.8]
         [Processed Buffers: Min: 0, Avg: 10.5, Max: 26, Diff: 26, Sum: 42]
      [Scan RS (ms): Min: 0.0, Avg: 0.0, Max: 0.1, Diff: 0.1, Sum: 0.1]
      [Code Root Scanning (ms): Min: 0.0, Avg: 0.0, Max: 0.1, Diff: 0.1, Sum: 0.1]
      [Object Copy (ms): Min: 1.2, Avg: 6.4, Max: 8.3, Diff: 7.1, Sum: 25.6]
      [Termination (ms): Min: 0.0, Avg: 0.0, Max: 0.0, Diff: 0.0, Sum: 0.1]
         [Termination Attempts: Min: 3, Avg: 3.2, Max: 4, Diff: 1, Sum: 13]
      [GC Worker Other (ms): Min: 0.0, Avg: 0.1, Max: 0.1, Diff: 0.1, Sum: 0.3]
      [GC Worker Total (ms): Min: 12.9, Avg: 13.0, Max: 13.2, Diff: 0.2, Sum: 52.2]
      [GC Worker End (ms): Min: 50247351.1, Avg: 50247351.1, Max: 50247351.2, Diff: 0.0]
   [Code Root Fixup: 0.0 ms]
   [Code Root Purge: 0.0 ms]
   [Clear CT: 0.1 ms]
   [Other: 3.4 ms]
      [Choose CSet: 0.0 ms]
      [Ref Proc: 0.6 ms]
      [Ref Enq: 0.0 ms]
      [Redirty Cards: 0.0 ms]
      [Humongous Register: 1.7 ms]
      [Humongous Reclaim: 0.0 ms]
      [Free CSet: 0.3 ms]
   [Eden: 126.0M(126.0M)->0.0B(199.0M) Survivors: 6144.0K->4096.0K Heap: 276.3M(1024.0M)->148.9M(1024.0M)]
 [Times: user=0.02 sys=0.03, real=0.01 secs] 
2019-11-22T22:41:09.004+0600: 52048.638: [GC pause (G1 Evacuation Pause) (young), 0.0358703 secs]
   [Parallel Time: 30.6 ms, GC Workers: 4]
      [GC Worker Start (ms): Min: 52048639.8, Avg: 52048639.9, Max: 52048640.0, Diff: 0.2]
      [Ext Root Scanning (ms): Min: 2.3, Avg: 5.8, Max: 14.7, Diff: 12.5, Sum: 23.1]
      [Update RS (ms): Min: 0.0, Avg: 0.9, Max: 1.5, Diff: 1.5, Sum: 3.6]
         [Processed Buffers: Min: 0, Avg: 10.2, Max: 18, Diff: 18, Sum: 41]
      [Scan RS (ms): Min: 0.0, Avg: 0.0, Max: 0.1, Diff: 0.0, Sum: 0.1]
      [Code Root Scanning (ms): Min: 0.0, Avg: 0.0, Max: 0.1, Diff: 0.1, Sum: 0.1]
      [Object Copy (ms): Min: 15.5, Avg: 22.8, Max: 25.8, Diff: 10.3, Sum: 91.3]
      [Termination (ms): Min: 0.0, Avg: 0.4, Max: 0.5, Diff: 0.5, Sum: 1.6]
         [Termination Attempts: Min: 1, Avg: 1.0, Max: 1, Diff: 0, Sum: 4]
      [GC Worker Other (ms): Min: 0.0, Avg: 0.2, Max: 0.7, Diff: 0.7, Sum: 0.9]
      [GC Worker Total (ms): Min: 30.1, Avg: 30.2, Max: 30.3, Diff: 0.2, Sum: 120.7]
      [GC Worker End (ms): Min: 52048670.1, Avg: 52048670.1, Max: 52048670.1, Diff: 0.0]
   [Code Root Fixup: 0.0 ms]
   [Code Root Purge: 0.0 ms]
   [Clear CT: 0.1 ms]
   [Other: 5.2 ms]
      [Choose CSet: 0.0 ms]
      [Ref Proc: 1.9 ms]
      [Ref Enq: 0.0 ms]
      [Redirty Cards: 0.0 ms]
      [Humongous Register: 1.6 ms]
      [Humongous Reclaim: 0.0 ms]
      [Free CSet: 0.4 ms]
   [Eden: 199.0M(199.0M)->0.0B(47.0M) Survivors: 4096.0K->4096.0K Heap: 347.9M(1024.0M)->148.9M(1024.0M)]
 [Times: user=0.03 sys=0.05, real=0.04 secs] 
2019-11-22T22:48:21.508+0600: 52481.140: [GC pause (G1 Evacuation Pause) (young), 0.0113699 secs]
   [Parallel Time: 10.6 ms, GC Workers: 4]
      [GC Worker Start (ms): Min: 52481140.3, Avg: 52481140.4, Max: 52481140.4, Diff: 0.0]
      [Ext Root Scanning (ms): Min: 1.7, Avg: 2.0, Max: 2.5, Diff: 0.8, Sum: 8.1]
      [Update RS (ms): Min: 0.0, Avg: 0.4, Max: 0.6, Diff: 0.6, Sum: 1.5]
         [Processed Buffers: Min: 0, Avg: 10.0, Max: 19, Diff: 19, Sum: 40]
      [Scan RS (ms): Min: 0.0, Avg: 0.0, Max: 0.0, Diff: 0.0, Sum: 0.0]
      [Code Root Scanning (ms): Min: 0.0, Avg: 0.0, Max: 0.0, Diff: 0.0, Sum: 0.0]
      [Object Copy (ms): Min: 7.9, Avg: 8.0, Max: 8.2, Diff: 0.3, Sum: 32.1]
      [Termination (ms): Min: 0.0, Avg: 0.1, Max: 0.1, Diff: 0.1, Sum: 0.3]
         [Termination Attempts: Min: 1, Avg: 1.0, Max: 1, Diff: 0, Sum: 4]
      [GC Worker Other (ms): Min: 0.0, Avg: 0.0, Max: 0.0, Diff: 0.0, Sum: 0.1]
      [GC Worker Total (ms): Min: 10.5, Avg: 10.5, Max: 10.6, Diff: 0.1, Sum: 42.1]
      [GC Worker End (ms): Min: 52481150.9, Avg: 52481150.9, Max: 52481150.9, Diff: 0.1]
   [Code Root Fixup: 0.0 ms]
   [Code Root Purge: 0.0 ms]
   [Clear CT: 0.1 ms]
   [Other: 0.6 ms]
      [Choose CSet: 0.0 ms]
      [Ref Proc: 0.2 ms]
      [Ref Enq: 0.0 ms]
      [Redirty Cards: 0.0 ms]
      [Humongous Register: 0.2 ms]
      [Humongous Reclaim: 0.0 ms]
      [Free CSet: 0.1 ms]
   [Eden: 47.0M(47.0M)->0.0B(64.0M) Survivors: 4096.0K->5120.0K Heap: 195.9M(1024.0M)->149.7M(1024.0M)]
 [Times: user=0.02 sys=0.01, real=0.02 secs] 
2019-11-22T22:58:02.270+0600: 53061.899: [GC pause (G1 Evacuation Pause) (young), 0.0289451 secs]
   [Parallel Time: 25.4 ms, GC Workers: 4]
      [GC Worker Start (ms): Min: 53061901.0, Avg: 53061901.1, Max: 53061901.3, Diff: 0.3]
      [Ext Root Scanning (ms): Min: 8.7, Avg: 13.1, Max: 25.2, Diff: 16.5, Sum: 52.3]
      [Update RS (ms): Min: 0.0, Avg: 1.5, Max: 2.2, Diff: 2.2, Sum: 6.1]
         [Processed Buffers: Min: 0, Avg: 10.0, Max: 35, Diff: 35, Sum: 40]
      [Scan RS (ms): Min: 0.0, Avg: 0.0, Max: 0.0, Diff: 0.0, Sum: 0.1]
      [Code Root Scanning (ms): Min: 0.0, Avg: 0.0, Max: 0.1, Diff: 0.1, Sum: 0.1]
      [Object Copy (ms): Min: 0.0, Avg: 10.4, Max: 14.3, Diff: 14.3, Sum: 41.6]
      [Termination (ms): Min: 0.0, Avg: 0.0, Max: 0.0, Diff: 0.0, Sum: 0.0]
         [Termination Attempts: Min: 1, Avg: 1.0, Max: 1, Diff: 0, Sum: 4]
      [GC Worker Other (ms): Min: 0.0, Avg: 0.1, Max: 0.1, Diff: 0.1, Sum: 0.3]
      [GC Worker Total (ms): Min: 24.9, Avg: 25.1, Max: 25.2, Diff: 0.3, Sum: 100.4]
      [GC Worker End (ms): Min: 53061926.2, Avg: 53061926.2, Max: 53061926.3, Diff: 0.1]
   [Code Root Fixup: 0.0 ms]
   [Code Root Purge: 0.0 ms]
   [Clear CT: 0.0 ms]
   [Other: 3.5 ms]
      [Choose CSet: 0.0 ms]
      [Ref Proc: 0.5 ms]
      [Ref Enq: 0.0 ms]
      [Redirty Cards: 0.0 ms]
      [Humongous Register: 2.0 ms]
      [Humongous Reclaim: 0.0 ms]
      [Free CSet: 0.3 ms]
   [Eden: 64.0M(64.0M)->0.0B(47.0M) Survivors: 5120.0K->4096.0K Heap: 213.7M(1024.0M)->148.4M(1024.0M)]
 [Times: user=0.02 sys=0.03, real=0.03 secs] 
2019-11-22T23:05:17.032+0600: 53496.664: [GC pause (G1 Evacuation Pause) (young), 0.0108134 secs]
   [Parallel Time: 9.8 ms, GC Workers: 4]
      [GC Worker Start (ms): Min: 53496664.8, Avg: 53496665.0, Max: 53496665.2, Diff: 0.3]
      [Ext Root Scanning (ms): Min: 1.1, Avg: 1.7, Max: 3.4, Diff: 2.3, Sum: 7.0]
      [Update RS (ms): Min: 0.0, Avg: 0.4, Max: 0.5, Diff: 0.5, Sum: 1.4]
         [Processed Buffers: Min: 0, Avg: 9.8, Max: 17, Diff: 17, Sum: 39]
      [Scan RS (ms): Min: 0.0, Avg: 0.0, Max: 0.0, Diff: 0.0, Sum: 0.0]
      [Code Root Scanning (ms): Min: 0.0, Avg: 0.0, Max: 0.0, Diff: 0.0, Sum: 0.0]
      [Object Copy (ms): Min: 6.3, Avg: 7.4, Max: 7.8, Diff: 1.5, Sum: 29.5]
      [Termination (ms): Min: 0.0, Avg: 0.0, Max: 0.0, Diff: 0.0, Sum: 0.0]
         [Termination Attempts: Min: 1, Avg: 1.0, Max: 1, Diff: 0, Sum: 4]
      [GC Worker Other (ms): Min: 0.0, Avg: 0.0, Max: 0.1, Diff: 0.1, Sum: 0.2]
      [GC Worker Total (ms): Min: 9.4, Avg: 9.6, Max: 9.7, Diff: 0.3, Sum: 38.2]
      [GC Worker End (ms): Min: 53496674.5, Avg: 53496674.5, Max: 53496674.5, Diff: 0.0]
   [Code Root Fixup: 0.0 ms]
   [Code Root Purge: 0.0 ms]
   [Clear CT: 0.0 ms]
   [Other: 0.9 ms]
      [Choose CSet: 0.0 ms]
      [Ref Proc: 0.2 ms]
      [Ref Enq: 0.0 ms]
      [Redirty Cards: 0.0 ms]
      [Humongous Register: 0.3 ms]
      [Humongous Reclaim: 0.0 ms]
      [Free CSet: 0.1 ms]
   [Eden: 47.0M(47.0M)->0.0B(46.0M) Survivors: 4096.0K->5120.0K Heap: 195.4M(1024.0M)->149.4M(1024.0M)]
 [Times: user=0.02 sys=0.01, real=0.01 secs] 
2019-11-22T23:12:20.334+0600: 53919.964: [GC pause (G1 Evacuation Pause) (young), 0.0061804 secs]
   [Parallel Time: 5.3 ms, GC Workers: 4]
      [GC Worker Start (ms): Min: 53919964.4, Avg: 53919964.4, Max: 53919964.5, Diff: 0.0]
      [Ext Root Scanning (ms): Min: 0.6, Avg: 0.6, Max: 0.7, Diff: 0.2, Sum: 2.6]
      [Update RS (ms): Min: 0.3, Avg: 0.4, Max: 0.5, Diff: 0.2, Sum: 1.6]
         [Processed Buffers: Min: 4, Avg: 9.8, Max: 15, Diff: 11, Sum: 39]
      [Scan RS (ms): Min: 0.0, Avg: 0.0, Max: 0.0, Diff: 0.0, Sum: 0.0]
      [Code Root Scanning (ms): Min: 0.0, Avg: 0.0, Max: 0.0, Diff: 0.0, Sum: 0.0]
      [Object Copy (ms): Min: 3.9, Avg: 4.0, Max: 4.0, Diff: 0.1, Sum: 15.9]
      [Termination (ms): Min: 0.0, Avg: 0.0, Max: 0.0, Diff: 0.0, Sum: 0.0]
         [Termination Attempts: Min: 1, Avg: 1.0, Max: 1, Diff: 0, Sum: 4]
      [GC Worker Other (ms): Min: 0.0, Avg: 0.1, Max: 0.2, Diff: 0.2, Sum: 0.3]
      [GC Worker Total (ms): Min: 5.1, Avg: 5.1, Max: 5.2, Diff: 0.2, Sum: 20.5]
      [GC Worker End (ms): Min: 53919969.5, Avg: 53919969.6, Max: 53919969.7, Diff: 0.2]
   [Code Root Fixup: 0.0 ms]
   [Code Root Purge: 0.0 ms]
   [Clear CT: 0.1 ms]
   [Other: 0.8 ms]
      [Choose CSet: 0.0 ms]
      [Ref Proc: 0.4 ms]
      [Ref Enq: 0.0 ms]
      [Redirty Cards: 0.1 ms]
      [Humongous Register: 0.0 ms]
      [Humongous Reclaim: 0.0 ms]
      [Free CSet: 0.0 ms]
   [Eden: 46.0M(46.0M)->0.0B(220.0M) Survivors: 5120.0K->5120.0K Heap: 195.4M(1024.0M)->149.4M(1024.0M)]
 [Times: user=0.02 sys=0.00, real=0.01 secs] 
2019-11-22T23:45:29.646+0600: 55909.271: [GC pause (G1 Evacuation Pause) (young), 0.0694430 secs]
   [Parallel Time: 62.2 ms, GC Workers: 4]
      [GC Worker Start (ms): Min: 55909272.9, Avg: 55909273.0, Max: 55909273.0, Diff: 0.1]
      [Ext Root Scanning (ms): Min: 9.6, Avg: 16.6, Max: 28.8, Diff: 19.3, Sum: 66.4]
      [Update RS (ms): Min: 0.0, Avg: 1.4, Max: 1.9, Diff: 1.9, Sum: 5.4]
         [Processed Buffers: Min: 0, Avg: 10.2, Max: 19, Diff: 19, Sum: 41]
      [Scan RS (ms): Min: 0.0, Avg: 0.0, Max: 0.1, Diff: 0.1, Sum: 0.2]
      [Code Root Scanning (ms): Min: 0.0, Avg: 0.0, Max: 0.1, Diff: 0.1, Sum: 0.1]
      [Object Copy (ms): Min: 32.0, Avg: 42.8, Max: 47.9, Diff: 15.8, Sum: 171.3]
      [Termination (ms): Min: 0.0, Avg: 0.5, Max: 1.2, Diff: 1.2, Sum: 2.0]
         [Termination Attempts: Min: 1, Avg: 2.0, Max: 3, Diff: 2, Sum: 8]
      [GC Worker Other (ms): Min: 0.0, Avg: 0.7, Max: 2.6, Diff: 2.6, Sum: 2.8]
      [GC Worker Total (ms): Min: 61.9, Avg: 62.0, Max: 62.1, Diff: 0.2, Sum: 248.1]
      [GC Worker End (ms): Min: 55909335.0, Avg: 55909335.0, Max: 55909335.0, Diff: 0.0]
   [Code Root Fixup: 0.0 ms]
   [Code Root Purge: 0.0 ms]
   [Clear CT: 0.1 ms]
   [Other: 7.2 ms]
      [Choose CSet: 0.0 ms]
      [Ref Proc: 4.2 ms]
      [Ref Enq: 0.0 ms]
      [Redirty Cards: 0.0 ms]
      [Humongous Register: 1.6 ms]
      [Humongous Reclaim: 0.0 ms]
      [Free CSet: 0.4 ms]
   [Eden: 220.0M(220.0M)->0.0B(45.0M) Survivors: 5120.0K->6144.0K Heap: 369.4M(1024.0M)->150.8M(1024.0M)]
 [Times: user=0.03 sys=0.07, real=0.07 secs] 
2019-11-22T23:52:26.699+0600: 56326.322: [GC pause (G1 Evacuation Pause) (young), 0.0151263 secs]
   [Parallel Time: 13.6 ms, GC Workers: 4]
      [GC Worker Start (ms): Min: 56326322.8, Avg: 56326322.8, Max: 56326322.8, Diff: 0.0]
      [Ext Root Scanning (ms): Min: 1.4, Avg: 2.3, Max: 4.1, Diff: 2.8, Sum: 9.2]
      [Update RS (ms): Min: 0.0, Avg: 0.3, Max: 0.7, Diff: 0.7, Sum: 1.1]
         [Processed Buffers: Min: 0, Avg: 9.8, Max: 25, Diff: 25, Sum: 39]
      [Scan RS (ms): Min: 0.0, Avg: 0.0, Max: 0.0, Diff: 0.0, Sum: 0.0]
      [Code Root Scanning (ms): Min: 0.0, Avg: 0.0, Max: 0.0, Diff: 0.0, Sum: 0.0]
      [Object Copy (ms): Min: 9.0, Avg: 10.6, Max: 11.8, Diff: 2.8, Sum: 42.4]
      [Termination (ms): Min: 0.0, Avg: 0.0, Max: 0.0, Diff: 0.0, Sum: 0.0]
         [Termination Attempts: Min: 1, Avg: 1.0, Max: 1, Diff: 0, Sum: 4]
      [GC Worker Other (ms): Min: 0.0, Avg: 0.1, Max: 0.1, Diff: 0.1, Sum: 0.3]
      [GC Worker Total (ms): Min: 13.2, Avg: 13.3, Max: 13.3, Diff: 0.1, Sum: 53.1]
      [GC Worker End (ms): Min: 56326336.0, Avg: 56326336.0, Max: 56326336.1, Diff: 0.1]
   [Code Root Fixup: 0.0 ms]
   [Code Root Purge: 0.0 ms]
   [Clear CT: 0.1 ms]
   [Other: 1.5 ms]
      [Choose CSet: 0.0 ms]
      [Ref Proc: 0.9 ms]
      [Ref Enq: 0.0 ms]
      [Redirty Cards: 0.0 ms]
      [Humongous Register: 0.1 ms]
      [Humongous Reclaim: 0.0 ms]
      [Free CSet: 0.1 ms]
   [Eden: 45.0M(45.0M)->0.0B(46.0M) Survivors: 6144.0K->5120.0K Heap: 195.8M(1024.0M)->149.5M(1024.0M)]
 [Times: user=0.02 sys=0.00, real=0.02 secs] 
2019-11-22T23:59:34.676+0600: 56754.298: [GC pause (G1 Evacuation Pause) (young), 0.0098874 secs]
   [Parallel Time: 8.3 ms, GC Workers: 4]
      [GC Worker Start (ms): Min: 56754298.7, Avg: 56754298.7, Max: 56754298.7, Diff: 0.0]
      [Ext Root Scanning (ms): Min: 0.6, Avg: 0.8, Max: 1.5, Diff: 0.9, Sum: 3.4]
      [Update RS (ms): Min: 0.0, Avg: 0.4, Max: 0.5, Diff: 0.5, Sum: 1.5]
         [Processed Buffers: Min: 0, Avg: 10.8, Max: 22, Diff: 22, Sum: 43]
      [Scan RS (ms): Min: 0.0, Avg: 0.0, Max: 0.0, Diff: 0.0, Sum: 0.0]
      [Code Root Scanning (ms): Min: 0.0, Avg: 0.0, Max: 0.1, Diff: 0.1, Sum: 0.1]
      [Object Copy (ms): Min: 6.1, Avg: 6.5, Max: 7.0, Diff: 1.0, Sum: 26.0]
      [Termination (ms): Min: 0.0, Avg: 0.5, Max: 0.7, Diff: 0.7, Sum: 2.1]
         [Termination Attempts: Min: 1, Avg: 1.0, Max: 1, Diff: 0, Sum: 4]
      [GC Worker Other (ms): Min: 0.0, Avg: 0.0, Max: 0.0, Diff: 0.0, Sum: 0.1]
      [GC Worker Total (ms): Min: 8.2, Avg: 8.2, Max: 8.3, Diff: 0.1, Sum: 33.0]
      [GC Worker End (ms): Min: 56754306.9, Avg: 56754307.0, Max: 56754307.0, Diff: 0.1]
   [Code Root Fixup: 0.0 ms]
   [Code Root Purge: 0.0 ms]
   [Clear CT: 0.1 ms]
   [Other: 1.5 ms]
      [Choose CSet: 0.0 ms]
      [Ref Proc: 0.9 ms]
      [Ref Enq: 0.0 ms]
      [Redirty Cards: 0.1 ms]
      [Humongous Register: 0.2 ms]
      [Humongous Reclaim: 0.0 ms]
      [Free CSet: 0.1 ms]
   [Eden: 46.0M(46.0M)->0.0B(47.0M) Survivors: 5120.0K->4096.0K Heap: 195.5M(1024.0M)->148.5M(1024.0M)]
 [Times: user=0.02 sys=0.00, real=0.01 secs] 
2019-11-23T00:06:51.168+0600: 57190.789: [GC pause (G1 Evacuation Pause) (young), 0.0098602 secs]
   [Parallel Time: 9.1 ms, GC Workers: 4]
      [GC Worker Start (ms): Min: 57190789.3, Avg: 57190789.4, Max: 57190789.4, Diff: 0.0]
      [Ext Root Scanning (ms): Min: 0.8, Avg: 1.1, Max: 1.6, Diff: 0.7, Sum: 4.3]
      [Update RS (ms): Min: 0.0, Avg: 0.4, Max: 0.8, Diff: 0.8, Sum: 1.7]
         [Processed Buffers: Min: 0, Avg: 9.8, Max: 16, Diff: 16, Sum: 39]
      [Scan RS (ms): Min: 0.0, Avg: 0.0, Max: 0.0, Diff: 0.0, Sum: 0.0]
      [Code Root Scanning (ms): Min: 0.0, Avg: 0.0, Max: 0.1, Diff: 0.1, Sum: 0.1]
      [Object Copy (ms): Min: 6.6, Avg: 7.1, Max: 7.6, Diff: 1.0, Sum: 28.4]
      [Termination (ms): Min: 0.0, Avg: 0.4, Max: 0.7, Diff: 0.7, Sum: 1.6]
         [Termination Attempts: Min: 1, Avg: 1.2, Max: 2, Diff: 1, Sum: 5]
      [GC Worker Other (ms): Min: 0.0, Avg: 0.0, Max: 0.0, Diff: 0.0, Sum: 0.0]
      [GC Worker Total (ms): Min: 9.0, Avg: 9.1, Max: 9.1, Diff: 0.1, Sum: 36.2]
      [GC Worker End (ms): Min: 57190798.4, Avg: 57190798.4, Max: 57190798.4, Diff: 0.0]
   [Code Root Fixup: 0.0 ms]
   [Code Root Purge: 0.0 ms]
   [Clear CT: 0.0 ms]
   [Other: 0.7 ms]
      [Choose CSet: 0.0 ms]
      [Ref Proc: 0.2 ms]
      [Ref Enq: 0.0 ms]
      [Redirty Cards: 0.0 ms]
      [Humongous Register: 0.1 ms]
      [Humongous Reclaim: 0.0 ms]
      [Free CSet: 0.1 ms]
   [Eden: 47.0M(47.0M)->0.0B(80.0M) Survivors: 4096.0K->5120.0K Heap: 195.5M(1024.0M)->149.5M(1024.0M)]
 [Times: user=0.02 sys=0.01, real=0.02 secs] 
2019-11-23T00:18:29.679+0600: 57889.300: [GC pause (G1 Evacuation Pause) (young), 0.0117265 secs]
   [Parallel Time: 10.1 ms, GC Workers: 4]
      [GC Worker Start (ms): Min: 57889299.9, Avg: 57889299.9, Max: 57889299.9, Diff: 0.0]
      [Ext Root Scanning (ms): Min: 0.6, Avg: 0.9, Max: 1.3, Diff: 0.7, Sum: 3.8]
      [Update RS (ms): Min: 0.0, Avg: 0.3, Max: 0.6, Diff: 0.6, Sum: 1.1]
         [Processed Buffers: Min: 0, Avg: 10.2, Max: 23, Diff: 23, Sum: 41]
      [Scan RS (ms): Min: 0.0, Avg: 0.0, Max: 0.0, Diff: 0.0, Sum: 0.1]
      [Code Root Scanning (ms): Min: 0.0, Avg: 0.0, Max: 0.0, Diff: 0.0, Sum: 0.1]
      [Object Copy (ms): Min: 7.2, Avg: 7.4, Max: 7.8, Diff: 0.6, Sum: 29.5]
      [Termination (ms): Min: 0.0, Avg: 0.9, Max: 1.5, Diff: 1.5, Sum: 3.8]
         [Termination Attempts: Min: 2, Avg: 2.8, Max: 4, Diff: 2, Sum: 11]
      [GC Worker Other (ms): Min: 0.0, Avg: 0.0, Max: 0.0, Diff: 0.0, Sum: 0.1]
      [GC Worker Total (ms): Min: 9.1, Avg: 9.6, Max: 10.0, Diff: 0.9, Sum: 38.5]
      [GC Worker End (ms): Min: 57889309.0, Avg: 57889309.5, Max: 57889309.9, Diff: 0.9]
   [Code Root Fixup: 0.0 ms]
   [Code Root Purge: 0.0 ms]
   [Clear CT: 0.1 ms]
   [Other: 1.6 ms]
      [Choose CSet: 0.0 ms]
      [Ref Proc: 1.0 ms]
      [Ref Enq: 0.0 ms]
      [Redirty Cards: 0.0 ms]
      [Humongous Register: 0.2 ms]
      [Humongous Reclaim: 0.0 ms]
      [Free CSet: 0.1 ms]
   [Eden: 80.0M(80.0M)->0.0B(171.0M) Survivors: 5120.0K->5120.0K Heap: 229.5M(1024.0M)->149.5M(1024.0M)]
 [Times: user=0.03 sys=0.01, real=0.02 secs] 
2019-11-23T00:44:27.592+0600: 59447.209: [GC pause (G1 Evacuation Pause) (young), 0.0105328 secs]
   [Parallel Time: 9.4 ms, GC Workers: 4]
      [GC Worker Start (ms): Min: 59447209.2, Avg: 59447209.2, Max: 59447209.3, Diff: 0.1]
      [Ext Root Scanning (ms): Min: 1.7, Avg: 2.0, Max: 2.3, Diff: 0.6, Sum: 8.1]
      [Update RS (ms): Min: 0.1, Avg: 0.5, Max: 0.9, Diff: 0.8, Sum: 2.0]
         [Processed Buffers: Min: 1, Avg: 10.0, Max: 22, Diff: 21, Sum: 40]
      [Scan RS (ms): Min: 0.0, Avg: 0.0, Max: 0.1, Diff: 0.1, Sum: 0.1]
      [Code Root Scanning (ms): Min: 0.0, Avg: 0.0, Max: 0.1, Diff: 0.1, Sum: 0.1]
      [Object Copy (ms): Min: 6.6, Avg: 6.7, Max: 6.7, Diff: 0.1, Sum: 26.7]
      [Termination (ms): Min: 0.0, Avg: 0.0, Max: 0.0, Diff: 0.0, Sum: 0.0]
         [Termination Attempts: Min: 1, Avg: 1.2, Max: 2, Diff: 1, Sum: 5]
      [GC Worker Other (ms): Min: 0.0, Avg: 0.0, Max: 0.1, Diff: 0.1, Sum: 0.1]
      [GC Worker Total (ms): Min: 9.2, Avg: 9.3, Max: 9.3, Diff: 0.1, Sum: 37.0]
      [GC Worker End (ms): Min: 59447218.5, Avg: 59447218.5, Max: 59447218.5, Diff: 0.0]
   [Code Root Fixup: 0.0 ms]
   [Code Root Purge: 0.0 ms]
   [Clear CT: 0.1 ms]
   [Other: 1.0 ms]
      [Choose CSet: 0.0 ms]
      [Ref Proc: 0.3 ms]
      [Ref Enq: 0.0 ms]
      [Redirty Cards: 0.0 ms]
      [Humongous Register: 0.1 ms]
      [Humongous Reclaim: 0.0 ms]
      [Free CSet: 0.3 ms]
   [Eden: 171.0M(171.0M)->0.0B(383.0M) Survivors: 5120.0K->4096.0K Heap: 320.5M(1024.0M)->149.0M(1024.0M)]
 [Times: user=0.02 sys=0.01, real=0.01 secs] 
2019-11-23T01:42:39.687+0600: 62939.292: [GC pause (G1 Evacuation Pause) (young), 0.0737752 secs]
   [Parallel Time: 68.3 ms, GC Workers: 4]
      [GC Worker Start (ms): Min: 62939295.8, Avg: 62939296.3, Max: 62939296.9, Diff: 1.1]
      [Ext Root Scanning (ms): Min: 3.4, Avg: 11.0, Max: 32.4, Diff: 29.0, Sum: 44.0]
      [Update RS (ms): Min: 0.0, Avg: 2.1, Max: 3.2, Diff: 3.2, Sum: 8.4]
         [Processed Buffers: Min: 0, Avg: 10.2, Max: 39, Diff: 39, Sum: 41]
      [Scan RS (ms): Min: 0.0, Avg: 0.1, Max: 0.2, Diff: 0.2, Sum: 0.3]
      [Code Root Scanning (ms): Min: 0.0, Avg: 0.0, Max: 0.1, Diff: 0.1, Sum: 0.1]
      [Object Copy (ms): Min: 25.7, Avg: 45.8, Max: 54.4, Diff: 28.7, Sum: 183.2]
      [Termination (ms): Min: 0.0, Avg: 6.1, Max: 8.5, Diff: 8.5, Sum: 24.2]
         [Termination Attempts: Min: 1, Avg: 1.0, Max: 1, Diff: 0, Sum: 4]
      [GC Worker Other (ms): Min: 0.6, Avg: 1.0, Max: 1.5, Diff: 1.0, Sum: 3.8]
      [GC Worker Total (ms): Min: 61.9, Avg: 66.0, Max: 67.8, Diff: 5.9, Sum: 264.0]
      [GC Worker End (ms): Min: 62939358.3, Avg: 62939362.3, Max: 62939363.7, Diff: 5.4]
   [Code Root Fixup: 0.0 ms]
   [Code Root Purge: 0.0 ms]
   [Clear CT: 0.3 ms]
   [Other: 5.2 ms]
      [Choose CSet: 0.0 ms]
      [Ref Proc: 1.1 ms]
      [Ref Enq: 0.0 ms]
      [Redirty Cards: 0.1 ms]
      [Humongous Register: 1.7 ms]
      [Humongous Reclaim: 0.0 ms]
      [Free CSet: 0.6 ms]
   [Eden: 383.0M(383.0M)->0.0B(46.0M) Survivors: 4096.0K->5120.0K Heap: 532.0M(1024.0M)->149.5M(1024.0M)]
 [Times: user=0.03 sys=0.04, real=0.08 secs] 
2019-11-23T01:49:44.811+0600: 63364.415: [GC pause (G1 Evacuation Pause) (young), 0.0106465 secs]
   [Parallel Time: 9.3 ms, GC Workers: 4]
      [GC Worker Start (ms): Min: 63364415.5, Avg: 63364416.2, Max: 63364418.5, Diff: 3.0]
      [Ext Root Scanning (ms): Min: 0.0, Avg: 1.1, Max: 2.6, Diff: 2.6, Sum: 4.4]
      [Update RS (ms): Min: 0.0, Avg: 0.3, Max: 0.5, Diff: 0.5, Sum: 1.0]
         [Processed Buffers: Min: 0, Avg: 10.0, Max: 23, Diff: 23, Sum: 40]
      [Scan RS (ms): Min: 0.0, Avg: 0.0, Max: 0.0, Diff: 0.0, Sum: 0.0]
      [Code Root Scanning (ms): Min: 0.0, Avg: 0.0, Max: 0.0, Diff: 0.0, Sum: 0.0]
      [Object Copy (ms): Min: 5.4, Avg: 6.4, Max: 7.3, Diff: 1.9, Sum: 25.6]
      [Termination (ms): Min: 0.0, Avg: 0.4, Max: 0.7, Diff: 0.7, Sum: 1.5]
         [Termination Attempts: Min: 1, Avg: 1.0, Max: 1, Diff: 0, Sum: 4]
      [GC Worker Other (ms): Min: 0.0, Avg: 0.0, Max: 0.0, Diff: 0.0, Sum: 0.1]
      [GC Worker Total (ms): Min: 6.2, Avg: 8.2, Max: 8.9, Diff: 2.7, Sum: 32.6]
      [GC Worker End (ms): Min: 63364424.2, Avg: 63364424.4, Max: 63364424.7, Diff: 0.5]
   [Code Root Fixup: 0.0 ms]
   [Code Root Purge: 0.0 ms]
   [Clear CT: 0.1 ms]
   [Other: 1.2 ms]
      [Choose CSet: 0.0 ms]
      [Ref Proc: 0.6 ms]
      [Ref Enq: 0.0 ms]
      [Redirty Cards: 0.1 ms]
      [Humongous Register: 0.1 ms]
      [Humongous Reclaim: 0.0 ms]
      [Free CSet: 0.1 ms]
   [Eden: 46.0M(46.0M)->0.0B(46.0M) Survivors: 5120.0K->5120.0K Heap: 195.5M(1024.0M)->149.5M(1024.0M)]
 [Times: user=0.02 sys=0.01, real=0.01 secs2012019-11-23T01:56:52.275+0600: 63791.883: [GC pause (G1 Evacuation Pause) (young), 0.0116629 secs]
   [Parallel Time: 10.1 ms, GC Workers: 4]
      [GC Worker Start (ms): Min: 63791883.6, Avg: 63791883.6, Max: 63791883.6, Diff: 0.1]
      [Ext Root Scanning (ms): Min: 0.9, Avg: 1.1, Max: 1.9, Diff: 1.0, Sum: 4.5]
      [Update RS (ms): Min: 0.0, Avg: 0.4, Max: 0.6, Diff: 0.6, Sum: 1.7]
         [Processed Buffers: Min: 0, Avg: 10.0, Max: 22, Diff: 22, Sum: 40]
      [Scan RS (ms): Min: 0.0, Avg: 0.0, Max: 0.0, Diff: 0.0, Sum: 0.0]
      [Code Root Scanning (ms): Min: 0.0, Avg: 0.0, Max: 0.0, Diff: 0.0, Sum: 0.0]
      [Object Copy (ms): Min: 8.2, Avg: 8.5, Max: 8.6, Diff: 0.4, Sum: 33.8]
      [Termination (ms): Min: 0.0, Avg: 0.0, Max: 0.0, Diff: 0.0, Sum: 0.0]
         [Termination Attempts: Min: 1, Avg: 1.0, Max: 1, Diff: 0, Sum: 4]
      [GC Worker Other (ms): Min: 0.0, Avg: 0.0, Max: 0.0, Diff: 0.0, Sum: 0.1]
      [GC Worker Total (ms): Min: 10.0, Avg: 10.1, Max: 10.1, Diff: 0.0, Sum: 40.2]
      [GC Worker End (ms): Min: 63791893.7, Avg: 63791893.7, Max: 63791893.7, Diff: 0.0]
   [Code Root Fixup: 0.0 ms]
   [Code Root Purge: 0.0 ms]
   [Clear CT: 0.2 ms]
   [Other: 1.4 ms]
      [Choose CSet: 0.0 ms]
      [Ref Proc: 0.3 ms]
      [Ref Enq: 0.0 ms]
      [Redirty Cards: 0.1 ms]
      [Humongous Register: 0.6 ms]
      [Humongous Reclaim: 0.0 ms]
      [Free CSet: 0.1 ms]
   [Eden: 46.0M(46.0M)->0.0B(46.0M) Survivors: 5120.0K->5120.0K Heap: 195.5M(1024.0M)->149.5M(1024.0M)]
 [Times: user=0.02 sys=0.00, real=0.01 secs] 
2019-11-23T02:03:57.742+0600: 64217.350: [GC pause (G1 Evacuation Pause) (young), 0.0101521 secs]
   [Parallel Time: 9.0 ms, GC Workers: 4]
      [GC Worker Start (ms): Min: 64217349.7, Avg: 64217349.7, Max: 64217349.8, Diff: 0.1]
      [Ext Root Scanning (ms): Min: 3.0, Avg: 3.1, Max: 3.1, Diff: 0.1, Sum: 12.3]
      [Update RS (ms): Min: 0.3, Avg: 0.4, Max: 0.4, Diff: 0.1, Sum: 1.4]
         [Processed Buffers: Min: 1, Avg: 10.2, Max: 19, Diff: 18, Sum: 41]
      [Scan RS (ms): Min: 0.0, Avg: 0.0, Max: 0.0, Diff: 0.0, Sum: 0.0]
      [Code Root Scanning (ms): Min: 0.0, Avg: 0.0, Max: 0.0, Diff: 0.0, Sum: 0.0]
      [Object Copy (ms): Min: 5.1, Avg: 5.1, Max: 5.2, Diff: 0.1, Sum: 20.4]
      [Termination (ms): Min: 0.0, Avg: 0.1, Max: 0.1, Diff: 0.1, Sum: 0.4]
         [Termination Attempts: Min: 1, Avg: 1.0, Max: 1, Diff: 0, Sum: 4]
      [GC Worker Other (ms): Min: 0.0, Avg: 0.0, Max: 0.0, Diff: 0.0, Sum: 0.1]
      [GC Worker Total (ms): Min: 8.6, Avg: 8.7, Max: 8.7, Diff: 0.1, Sum: 34.6]
      [GC Worker End (ms): Min: 64217358.4, Avg: 64217358.4, Max: 64217358.4, Diff: 0.0]
   [Code Root Fixup: 0.0 ms]
   [Code Root Purge: 0.0 ms]
   [Clear CT: 0.1 ms]
   [Other: 1.1 ms]
      [Choose CSet: 0.0 ms]
      [Ref Proc: 0.7 ms]
      [Ref Enq: 0.0 ms]
      [Redirty Cards: 0.1 ms]
      [Humongous Register: 0.1 ms]
      [Humongous Reclaim: 0.0 ms]
      [Free CSet: 0.1 ms]
   [Eden: 46.0M(46.0M)->0.0B(47.0M) Survivors: 5120.0K->4096.0K Heap: 195.5M(1024.0M)->149.0M(1024.0M)]
 [Times: user=0.02 sys=0.00, real=0.01 secs] 
2019-11-23T02:11:12.658+0600: 64652.265: [GC pause (G1 Evacuation Pause) (young), 0.0120093 secs]
   [Parallel Time: 9.4 ms, GC Workers: 4]
      [GC Worker Start (ms): Min: 64652265.4, Avg: 64652269.3, Max: 64652273.5, Diff: 8.1]
      [Ext Root Scanning (ms): Min: 0.0, Avg: 1.1, Max: 3.1, Diff: 3.1, Sum: 4.5]
      [Update RS (ms): Min: 0.0, Avg: 0.2, Max: 0.9, Diff: 0.9, Sum: 0.9]
         [Processed Buffers: Min: 0, Avg: 9.2, Max: 37, Diff: 37, Sum: 37]
      [Scan RS (ms): Min: 0.0, Avg: 0.0, Max: 0.0, Diff: 0.0, Sum: 0.0]
      [Code Root Scanning (ms): Min: 0.0, Avg: 0.0, Max: 0.0, Diff: 0.0, Sum: 0.0]
      [Object Copy (ms): Min: 1.0, Avg: 3.9, Max: 6.8, Diff: 5.8, Sum: 15.5]
      [Termination (ms): Min: 0.0, Avg: 0.0, Max: 0.0, Diff: 0.0, Sum: 0.0]
         [Termination Attempts: Min: 1, Avg: 1.5, Max: 2, Diff: 1, Sum: 6]
      [GC Worker Other (ms): Min: 0.0, Avg: 0.0, Max: 0.0, Diff: 0.0, Sum: 0.0]
      [GC Worker Total (ms): Min: 1.0, Avg: 5.3, Max: 9.1, Diff: 8.1, Sum: 21.0]
      [GC Worker End (ms): Min: 64652274.6, Avg: 64652274.6, Max: 64652274.6, Diff: 0.0]
   [Code Root Fixup: 0.0 ms]
   [Code Root Purge: 0.0 ms]
   [Clear CT: 0.1 ms]
   [Other: 2.5 ms]
      [Choose CSet: 0.0 ms]
      [Ref Proc: 2.1 ms]
      [Ref Enq: 0.0 ms]
      [Redirty Cards: 0.1 ms]
      [Humongous Register: 0.1 ms]
      [Humongous Reclaim: 0.1 ms]
      [Free CSet: 0.0 ms]
   [Eden: 47.0M(47.0M)->0.0B(76.0M) Survivors: 4096.0K->5120.0K Heap: 196.0M(1024.0M)->150.0M(1024.0M)]
 [Times: user=0.02 sys=0.00, real=0.02 secs] 
2019-11-23T02:22:15.411+0600: 65315.017: [GC pause (G1 Evacuation Pause) (young), 0.0346717 secs]
   [Parallel Time: 31.3 ms, GC Workers: 4]
      [GC Worker Start (ms): Min: 65315018.3, Avg: 65315018.4, Max: 65315018.6, Diff: 0.3]
      [Ext Root Scanning (ms): Min: 7.6, Avg: 14.2, Max: 30.8, Diff: 23.3, Sum: 56.9]
      [Update RS (ms): Min: 0.0, Avg: 0.9, Max: 2.8, Diff: 2.8, Sum: 3.6]
         [Processed Buffers: Min: 0, Avg: 10.2, Max: 24, Diff: 24, Sum: 41]
      [Scan RS (ms): Min: 0.0, Avg: 0.0, Max: 0.1, Diff: 0.0, Sum: 0.1]
      [Code Root Scanning (ms): Min: 0.0, Avg: 0.0, Max: 0.0, Diff: 0.0, Sum: 0.0]
      [Object Copy (ms): Min: 0.2, Avg: 15.7, Max: 21.4, Diff: 21.2, Sum: 62.7]
      [Termination (ms): Min: 0.0, Avg: 0.2, Max: 0.3, Diff: 0.2, Sum: 0.7]
         [Termination Attempts: Min: 1, Avg: 1.8, Max: 2, Diff: 1, Sum: 7]
      [GC Worker Other (ms): Min: 0.0, Avg: 0.1, Max: 0.2, Diff: 0.2, Sum: 0.4]
      [GC Worker Total (ms): Min: 30.9, Avg: 31.1, Max: 31.2, Diff: 0.3, Sum: 124.4]
      [GC Worker End (ms): Min: 65315049.5, Avg: 65315049.5, Max: 65315049.5, Diff: 0.1]
   [Code Root Fixup: 0.0 ms]
   [Code Root Purge: 0.0 ms]
   [Clear CT: 0.1 ms]
   [Other: 3.2 ms]
      [Choose CSet: 0.0 ms]
      [Ref Proc: 1.3 ms]
      [Ref Enq: 0.0 ms]
      [Redirty Cards: 0.0 ms]
      [Humongous Register: 1.1 ms]
      [Humongous Reclaim: 0.0 ms]
      [Free CSet: 0.2 ms]
   [Eden: 76.0M(76.0M)->0.0B(46.0M) Survivors: 5120.0K->5120.0K Heap: 226.0M(1024.0M)->150.0M(1024.0M)]
 [Times: user=0.02 sys=0.03, real=0.03 secs] 
2019-11-23T02:29:19.159+0600: 65738.765: [GC pause (G1 Evacuation Pause) (young), 0.0169982 secs]
   [Parallel Time: 15.7 ms, GC Workers: 4]
      [GC Worker Start (ms): Min: 65738765.5, Avg: 65738767.5, Max: 65738771.5, Diff: 6.0]
      [Ext Root Scanning (ms): Min: 0.0, Avg: 0.5, Max: 1.1, Diff: 1.0, Sum: 2.0]
      [Update RS (ms): Min: 0.0, Avg: 0.2, Max: 0.3, Diff: 0.3, Sum: 0.7]
         [Processed Buffers: Min: 0, Avg: 9.8, Max: 20, Diff: 20, Sum: 39]
      [Scan RS (ms): Min: 0.0, Avg: 0.0, Max: 0.0, Diff: 0.0, Sum: 0.0]
      [Code Root Scanning (ms): Min: 0.0, Avg: 0.0, Max: 0.0, Diff: 0.0, Sum: 0.0]
      [Object Copy (ms): Min: 7.0, Avg: 10.1, Max: 11.6, Diff: 4.6, Sum: 40.3]
      [Termination (ms): Min: 0.0, Avg: 1.6, Max: 3.2, Diff: 3.2, Sum: 6.3]
         [Termination Attempts: Min: 1, Avg: 1.5, Max: 3, Diff: 2, Sum: 6]
      [GC Worker Other (ms): Min: 0.0, Avg: 0.0, Max: 0.0, Diff: 0.0, Sum: 0.1]
      [GC Worker Total (ms): Min: 7.1, Avg: 12.4, Max: 15.7, Diff: 8.6, Sum: 49.5]
      [GC Worker End (ms): Min: 65738778.6, Avg: 65738779.9, Max: 65738781.2, Diff: 2.6]
   [Code Root Fixup: 0.0 ms]
   [Code Root Purge: 0.0 ms]
   [Clear CT: 0.0 ms]
   [Other: 1.2 ms]
      [Choose CSet: 0.0 ms]
      [Ref Proc: 0.7 ms]
      [Ref Enq: 0.0 ms]
      [Redirty Cards: 0.0 ms]
      [Humongous Register: 0.2 ms]
      [Humongous Reclaim: 0.0 ms]
      [Free CSet: 0.1 ms]
   [Eden: 46.0M(46.0M)->0.0B(46.0M) Survivors: 5120.0K->5120.0K Heap: 196.0M(1024.0M)->149.5M(1024.0M)]
 [Times: user=0.01 sys=0.00, real=0.03 secs] 
2019-11-23T022019-11-23T02:45:57.715+0600: 66732.854: [GC pause (G1 Evacuation Pause) (young), 0.1097707 secs]
   [Parallel Time: 92.9 ms, GC Workers: 4]
      [GC Worker Start (ms): Min: 66732862.9, Avg: 66732875.4, Max: 66732887.8, Diff: 24.9]
      [Ext Root Scanning (ms): Min: 12.2, Avg: 31.5, Max: 67.3, Diff: 55.1, Sum: 126.1]
      [Update RS (ms): Min: 0.0, Avg: 5.4, Max: 12.3, Diff: 12.3, Sum: 21.4]
         [Processed Buffers: Min: 0, Avg: 10.5, Max: 38, Diff: 38, Sum: 42]
      [Scan RS (ms): Min: 0.0, Avg: 0.0, Max: 0.1, Diff: 0.1, Sum: 0.1]
      [Code Root Scanning (ms): Min: 0.0, Avg: 0.0, Max: 0.0, Diff: 0.0, Sum: 0.0]
      [Object Copy (ms): Min: 12.0, Avg: 29.2, Max: 39.4, Diff: 27.4, Sum: 116.9]
      [Termination (ms): Min: 0.0, Avg: 4.9, Max: 12.0, Diff: 12.0, Sum: 19.7]
         [Termination Attempts: Min: 1, Avg: 1.0, Max: 1, Diff: 0, Sum: 4]
      [GC Worker Other (ms): Min: 0.0, Avg: 0.1, Max: 0.1, Diff: 0.0, Sum: 0.3]
      [GC Worker Total (ms): Min: 54.5, Avg: 71.2, Max: 79.4, Diff: 24.9, Sum: 284.6]
      [GC Worker End (ms): Min: 66732942.4, Avg: 66732946.6, Max: 66732953.0, Diff: 10.6]
   [Code Root Fixup: 0.0 ms]
   [Code Root Purge: 0.0 ms]
   [Clear CT: 1.5 ms]
   [Other: 15.3 ms]
      [Choose CSet: 0.0 ms]
      [Ref Proc: 5.3 ms]
      [Ref Enq: 0.0 ms]
      [Redirty Cards: 0.4 ms]
      [Humongous Register: 7.2 ms]
      [Humongous Reclaim: 0.1 ms]
      [Free CSet: 0.9 ms]
   [Eden: 102.0M(102.0M)->0.0B(47.0M) Survivors: 5120.0K->4096.0K Heap: 250.3M(1024.0M)->147.8M(1024.0M)]
 [Time2019-11-23T02:49:42.164+0600: 66961.769:2019-11-23T02:55:02.209+0600: 67277.347: [GC pause (G1 Evacuation Pause) (young), 0.0199475 secs]
   [Parallel Time: 16.2 ms, GC Workers: 4]
      [GC Worker Start (ms): Min: 67277347.6, Avg: 67277347.7, Max: 67277347.8, Diff: 0.2]
      [Ext Root Scanning (ms): Min: 1.5, Avg: 2.5, Max: 5.0, Diff: 3.5, Sum: 9.9]
      [Update RS (ms): Min: 0.0, Avg: 0.5, Max: 0.8, Diff: 0.8, Sum: 2.2]
         [Processed Buffers: Min: 0, Avg: 10.5, Max: 22, Diff: 22, Sum: 42]
      [Scan RS (ms): Min: 0.0, Avg: 0.0, Max: 0.0, Diff: 0.0, Sum: 0.0]
      [Code Root Scanning (ms): Min: 0.0, Avg: 0.0, Max: 0.0, Diff: 0.0, Sum: 0.0]
      [Object Copy (ms): Min: 10.9, Avg: 13.0, Max: 13.7, Diff: 2.8, Sum: 52.0]
      [Termination (ms): Min: 0.0, Avg: 0.0, Max: 0.0, Diff: 0.0, Sum: 0.0]
         [Termination Attempts: Min: 1, Avg: 1.0, Max: 1, Diff: 0, Sum: 4]
      [GC Worker Other (ms): Min: 0.0, Avg: 0.0, Max: 0.1, Diff: 0.0, Sum: 0.1]
      [GC Worker Total (ms): Min: 15.9, Avg: 16.0, Max: 16.1, Diff: 0.2, Sum: 64.2]
      [GC Worker End (ms): Min: 67277363.7, Avg: 67277363.7, Max: 67277363.8, Diff: 0.0]
   [Code Root Fixup: 0.0 ms]
   [Code Root Purge: 0.2 ms]
   [Clear CT: 0.2 ms]
   [Other: 3.4 ms]
      [Choose CSet: 0.0 ms]
      [Ref Proc: 2.9 ms]
      [Ref Enq: 0.0 ms]
      [Redirty Cards: 0.1 ms]
      [Humongous Register: 0.1 ms]
      [Humongous Reclaim: 0.0 ms]
      [Free CSet: 0.1 ms]
   [Eden: 47.0M(47.0M)->0.0B(46.0M) Survivors: 4096.0K->5120.0K Heap: 194.8M(1024.0M)->148.3M(1024.0M)]
 [Time2019-11-23T02:56:48.450+0600: 67388.054:2019-11-23T13:50:09.439+0600: 67702.285: [GC pause (G1 Evacuation Pause) (young), 0.1416824 secs]
   [Parallel Time: 116.8 ms, GC Workers: 4]
      [GC Worker Start (ms): Min: 67702296.4, Avg: 67702296.5, Max: 67702296.5, Diff: 0.1]
      [Ext Root Scanning (ms): Min: 2.7, Avg: 6.7, Max: 16.9, Diff: 14.2, Sum: 26.9]
      [Update RS (ms): Min: 0.0, Avg: 7.1, Max: 10.7, Diff: 10.7, Sum: 28.3]
         [Processed Buffers: Min: 0, Avg: 12.8, Max: 26, Diff: 26, Sum: 51]
      [Scan RS (ms): Min: 0.0, Avg: 0.0, Max: 0.1, Diff: 0.0, Sum: 0.1]
      [Code Root Scanning (ms): Min: 0.0, Avg: 0.0, Max: 0.1, Diff: 0.1, Sum: 0.1]
      [Object Copy (ms): Min: 87.9, Avg: 90.8, Max: 93.7, Diff: 5.8, Sum: 363.3]
      [Termination (ms): Min: 0.0, Avg: 2.9, Max: 10.6, Diff: 10.6, Sum: 11.6]
         [Termination Attempts: Min: 1, Avg: 1.0, Max: 1, Diff: 0, Sum: 4]
      [GC Worker Other (ms): Min: 0.8, Avg: 1.2, Max: 1.4, Diff: 0.6, Sum: 4.7]
      [GC Worker Total (ms): Min: 106.2, Avg: 108.8, Max: 116.2, Diff: 10.0, Sum: 435.0]
      [GC Worker End (ms): Min: 67702402.7, Avg: 67702405.2, Max: 67702412.7, Diff: 10.0]
   [Code Root Fixup: 0.0 ms]
   [Code Root Purge: 0.0 ms]
   [Clear CT: 0.1 ms]
   [Other: 24.8 ms]
      [Choose CSet: 0.0 ms]
      [Ref Proc: 12.1 ms]
      [Ref Enq: 0.0 ms]
      [Redirty Cards: 0.0 ms]
      [Humongous Register: 8.2 ms]
      [Humongous Reclaim: 0.0 ms]
      [Free CSet: 0.3 ms]
   [Eden: 46.0M(46.0M)->0.0B(45.0M) Survivors: 5120.0K->6144.0K Heap: 194.3M(1024.0M)->12019-11-23T13:53:52.048+0600: 67928.182: [GC pause (G1 Evacuat2019-11-23T13:58:08.083+0600: 68179.747: [GC pause (G1 Evacuation Pause) (young), 0.0230129 secs]
   [Parallel Time: 19.6 ms, GC Workers: 4]
      [GC Worker Start (ms): Min: 68179748.9, Avg: 68179748.9, Max: 68179749.0, Diff: 0.2]
      [Ext Root Scanning (ms): Min: 3.2, Avg: 6.1, Max: 14.6, Diff: 11.3, Sum: 24.4]
      [Update RS (ms): Min: 0.0, Avg: 2.2, Max: 3.0, Diff: 3.0, Sum: 8.9]
         [Processed Buffers: Min: 0, Avg: 11.0, Max: 26, Diff: 26, Sum: 44]
      [Scan RS (ms): Min: 0.0, Avg: 0.0, Max: 0.0, Diff: 0.0, Sum: 0.0]
      [Code Root Scanning (ms): Min: 0.0, Avg: 0.1, Max: 0.1, Diff: 0.1, Sum: 0.3]
      [Object Copy (ms): Min: 4.9, Avg: 10.7, Max: 12.7, Diff: 7.8, Sum: 42.9]
      [Termination (ms): Min: 0.0, Avg: 0.3, Max: 0.3, Diff: 0.3, Sum: 1.0]
         [Termination Attempts: Min: 1, Avg: 1.0, Max: 1, Diff: 0, Sum: 4]
      [GC Worker Other (ms): Min: 0.0, Avg: 0.0, Max: 0.0, Diff: 0.0, Sum: 0.1]
      [GC Worker Total (ms): Min: 19.4, Avg: 19.4, Max: 19.5, Diff: 0.1, Sum: 77.7]
      [GC Worker End (ms): Min: 68179768.3, Avg: 68179768.4, Max: 68179768.4, Diff: 0.0]
   [Code Root Fixup: 0.0 ms]
   [Code Root Purge: 0.0 ms]
   [Clear CT: 0.1 ms]
   [Other: 3.3 ms]
      [Choose CSet: 0.0 ms]
      [Ref Proc: 1.0 ms]
      [Ref Enq: 0.0 ms]
      [Redirty Cards: 0.0 ms]
      [Humongous Register: 1.5 ms]
      [Humongous Reclaim: 0.0 ms]
      [Free CSet: 0.2 ms]
   [Eden: 45.0M(45.0M)->0.0B(46.0M) Survivors: 6144.0K->5120.0K Heap: 194.3M(1024.0M)->148.6M(12019-11-23T14:00:46.726+0600: 68342.853: [GC pause (G1 2019-11-23T14:05:59.737+0600: 68651.392: [GC pause (G1 Evacuation Pause) (young), 0.0151981 secs]
   [Parallel Time: 14.2 ms, GC Workers: 4]
      [GC Worker Start (ms): Min: 68651392.4, Avg: 68651392.4, Max: 68651392.5, Diff: 0.1]
      [Ext Root Scanning (ms): Min: 0.6, Avg: 0.7, Max: 0.9, Diff: 0.3, Sum: 2.9]
      [Update RS (ms): Min: 1.0, Avg: 1.2, Max: 1.5, Diff: 0.5, Sum: 4.8]
         [Processed Buffers: Min: 2, Avg: 10.8, Max: 26, Diff: 24, Sum: 43]
      [Scan RS (ms): Min: 0.0, Avg: 0.0, Max: 0.0, Diff: 0.0, Sum: 0.0]
      [Code Root Scanning (ms): Min: 0.0, Avg: 0.0, Max: 0.1, Diff: 0.1, Sum: 0.1]
      [Object Copy (ms): Min: 11.0, Avg: 11.5, Max: 11.9, Diff: 0.9, Sum: 46.2]
      [Termination (ms): Min: 0.0, Avg: 0.4, Max: 0.7, Diff: 0.7, Sum: 1.5]
         [Termination Attempts: Min: 1, Avg: 1.2, Max: 2, Diff: 1, Sum: 5]
      [GC Worker Other (ms): Min: 0.0, Avg: 0.0, Max: 0.0, Diff: 0.0, Sum: 0.1]
      [GC Worker Total (ms): Min: 13.9, Avg: 13.9, Max: 14.0, Diff: 0.0, Sum: 55.8]
      [GC Worker End (ms): Min: 68651406.3, Avg: 68651406.4, Max: 68651406.4, Diff: 0.1]
   [Code Root Fixup: 0.0 ms]
   [Code Root Purge: 0.0 ms]
   [Clear CT: 0.0 ms]
   [Other: 1.0 ms]
      [Choose CSet: 0.0 ms]
      [Ref Proc: 0.5 ms]
      [Ref Enq: 0.0 ms]
      [Redirty Cards: 0.1 ms]
      [Humongous Register: 0.1 ms]
      [Humongous Reclaim: 0.0 ms]
      [Free CSet: 0.1 ms]
   [Eden: 46.0M(46.0M)->0.0B(46.0M) Survivors: 5120.0K->5120.0K Heap: 194.6M(1024.0M)->149.1M(12019-11-23T14:07:13.169+0600: 68729.289: [GC pause (G1 2019-11-23T14:14:42.318+0600: 69173.983: [GC pause (G1 Evacuation Pause) (young), 0.0265358 secs]
   [Parallel Time: 23.4 ms, GC Workers: 4]
      [GC Worker Start (ms): Min: 69173985.1, Avg: 69173985.2, Max: 69173985.3, Diff: 0.2]
      [Ext Root Scanning (ms): Min: 4.4, Avg: 7.4, Max: 16.1, Diff: 11.7, Sum: 29.4]
      [Update RS (ms): Min: 0.0, Avg: 2.7, Max: 3.7, Diff: 3.7, Sum: 10.9]
         [Processed Buffers: Min: 0, Avg: 11.0, Max: 35, Diff: 35, Sum: 44]
      [Scan RS (ms): Min: 0.0, Avg: 0.0, Max: 0.0, Diff: 0.0, Sum: 0.0]
      [Code Root Scanning (ms): Min: 0.0, Avg: 0.1, Max: 0.3, Diff: 0.3, Sum: 0.4]
      [Object Copy (ms): Min: 6.7, Avg: 12.6, Max: 14.7, Diff: 7.9, Sum: 50.5]
      [Termination (ms): Min: 0.1, Avg: 0.3, Max: 0.4, Diff: 0.4, Sum: 1.1]
         [Termination Attempts: Min: 3, Avg: 4.8, Max: 6, Diff: 3, Sum: 19]
      [GC Worker Other (ms): Min: 0.0, Avg: 0.1, Max: 0.1, Diff: 0.1, Sum: 0.2]
      [GC Worker Total (ms): Min: 23.1, Avg: 23.2, Max: 23.3, Diff: 0.2, Sum: 92.6]
      [GC Worker End (ms): Min: 69174008.3, Avg: 69174008.4, Max: 69174008.4, Diff: 0.1]
   [Code Root Fixup: 0.0 ms]
   [Code Root Purge: 0.0 ms]
   [Clear CT: 0.0 ms]
   [Other: 3.1 ms]
      [Choose CSet: 0.0 ms]
      [Ref Proc: 0.4 ms]
      [Ref Enq: 0.0 ms]
      [Redirty Cards: 0.1 ms]
      [Humongous Register: 1.8 ms]
      [Humongous Reclaim: 0.0 ms]
      [Free CSet: 0.2 ms]
   [Eden: 46.0M(46.0M)->0.0B(45.0M) Survivors: 5120.0K->6144.0K Heap: 195.1M(1024.0M)->149.6M(1024.0M)]
 [Times: user=0.03 sys=0.04, real=0.03 secs] 
2019-11-23T14:23:09.244+0600: 69680.906: [GC pause (G1 Evacuation Pause) (young), 0.0115448 secs]
   [Parallel Time: 9.8 ms, GC Workers: 4]
      [GC Worker Start (ms): Min: 69680906.5, Avg: 69680906.6, Max: 69680906.6, Diff: 0.0]
      [Ext Root Scanning (ms): Min: 0.6, Avg: 0.7, Max: 0.9, Diff: 0.3, Sum: 2.7]
      [Update RS (ms): Min: 0.8, Avg: 0.9, Max: 1.0, Diff: 0.3, Sum: 3.7]
         [Processed Buffers: Min: 4, Avg: 11.2, Max: 20, Diff: 16, Sum: 45]
      [Scan RS (ms): Min: 0.0, Avg: 0.0, Max: 0.0, Diff: 0.0, Sum: 0.0]
      [Code Root Scanning (ms): Min: 0.0, Avg: 0.0, Max: 0.0, Diff: 0.0, Sum: 0.1]
      [Object Copy (ms): Min: 7.4, Avg: 7.6, Max: 8.0, Diff: 0.7, Sum: 30.4]
      [Termination (ms): Min: 0.0, Avg: 0.5, Max: 0.7, Diff: 0.7, Sum: 1.9]
         [Termination Attempts: Min: 1, Avg: 1.0, Max: 1, Diff: 0, Sum: 4]
      [GC Worker Other (ms): Min: 0.0, Avg: 0.0, Max: 0.0, Diff: 0.0, Sum: 0.0]
      [GC Worker Total (ms): Min: 9.7, Avg: 9.7, Max: 9.7, Diff: 0.0, Sum: 38.9]
      [GC Worker End (ms): Min: 69680916.3, Avg: 69680916.3, Max: 69680916.3, Diff: 0.0]
   [Code Root Fixup: 0.0 ms]
   [Code Root Purge: 0.0 ms]
   [Clear CT: 0.5 ms]
   [Other: 1.2 ms]
      [Choose CSet: 0.0 ms]
      [Ref Proc: 0.8 ms]
      [Ref Enq: 0.0 ms]
      [Redirty Cards: 0.1 ms]
      [Humongous Register: 0.0 ms]
      [Humongous Reclaim: 0.0 ms]
      [Free CSet: 0.1 ms]
   [Eden: 45.0M(45.0M)->0.0B(46.0M) Survivors: 6144.0K->5120.0K Heap: 194.6M(1024.0M)->149.5M(1024.0M)]
 [Times: user=0.03 sys=0.00, real=0.01 secs] 
2019-11-23T14:31:47.096+0600: 70198.755: [GC pause (G1 Evacuation Pause) (young), 0.0309367 secs]
   [Parallel Time: 27.4 ms, GC Workers: 4]
      [GC Worker Start (ms): Min: 70198757.4, Avg: 70198757.5, Max: 70198757.6, Diff: 0.2]
      [Ext Root Scanning (ms): Min: 4.6, Avg: 7.5, Max: 15.3, Diff: 10.7, Sum: 30.0]
      [Update RS (ms): Min: 0.0, Avg: 3.6, Max: 5.0, Diff: 5.0, Sum: 14.3]
         [Processed Buffers: Min: 0, Avg: 11.5, Max: 37, Diff: 37, Sum: 46]
      [Scan RS (ms): Min: 0.0, Avg: 0.0, Max: 0.0, Diff: 0.0, Sum: 0.0]
      [Code Root Scanning (ms): Min: 0.0, Avg: 0.0, Max: 0.1, Diff: 0.1, Sum: 0.1]
      [Object Copy (ms): Min: 11.9, Avg: 15.9, Max: 17.4, Diff: 5.5, Sum: 63.7]
      [Termination (ms): Min: 0.0, Avg: 0.1, Max: 0.4, Diff: 0.4, Sum: 0.6]
         [Termination Attempts: Min: 1, Avg: 1.0, Max: 1, Diff: 0, Sum: 4]
      [GC Worker Other (ms): Min: 0.0, Avg: 0.0, Max: 0.0, Diff: 0.0, Sum: 0.1]
      [GC Worker Total (ms): Min: 27.1, Avg: 27.2, Max: 27.3, Diff: 0.1, Sum: 108.8]
      [GC Worker End (ms): Min: 70198784.7, Avg: 70198784.7, Max: 70198784.7, Diff: 0.1]
   [Code Root Fixup: 0.0 ms]
   [Code Root Purge: 0.0 ms]
   [Clear CT: 0.0 ms]
   [Other: 3.5 ms]
      [Choose CSet: 0.0 ms]
      [Ref Proc: 1.0 ms]
      [Ref Enq: 0.0 ms]
      [Redirty Cards: 0.0 ms]
      [Humongous Register: 1.7 ms]
      [Humongous Reclaim: 0.0 ms]
      [Free CSet: 0.3 ms]
   [Eden: 46.0M(46.0M)->0.0B(46.0M) Survivors: 5120.0K->5120.0K Heap: 195.5M(1024.0M)->149.0M(1024.0M)]
 [Times: user=0.03 sys=0.04, real=0.03 secs] 
2019-11-23T14:40:25.893+0600: 70717.550: [GC pause (G1 Evacuation Pause) (young), 0.0080748 secs]
   [Parallel Time: 7.5 ms, GC Workers: 4]
      [GC Worker Start (ms): Min: 70717550.1, Avg: 70717550.1, Max: 70717550.2, Diff: 0.1]
      [Ext Root Scanning (ms): Min: 0.4, Avg: 0.6, Max: 0.8, Diff: 0.4, Sum: 2.4]
      [Update RS (ms): Min: 0.5, Avg: 0.6, Max: 0.7, Diff: 0.2, Sum: 2.4]
         [Processed Buffers: Min: 4, Avg: 11.0, Max: 22, Diff: 18, Sum: 44]
      [Scan RS (ms): Min: 0.0, Avg: 0.0, Max: 0.0, Diff: 0.0, Sum: 0.0]
      [Code Root Scanning (ms): Min: 0.0, Avg: 0.0, Max: 0.0, Diff: 0.0, Sum: 0.0]
      [Object Copy (ms): Min: 5.2, Avg: 5.4, Max: 5.8, Diff: 0.6, Sum: 21.7]
      [Termination (ms): Min: 0.0, Avg: 0.7, Max: 1.0, Diff: 1.0, Sum: 2.8]
         [Termination Attempts: Min: 1, Avg: 1.0, Max: 1, Diff: 0, Sum: 4]
      [GC Worker Other (ms): Min: 0.0, Avg: 0.0, Max: 0.0, Diff: 0.0, Sum: 0.0]
      [GC Worker Total (ms): Min: 7.2, Avg: 7.3, Max: 7.4, Diff: 0.3, Sum: 29.4]
      [GC Worker End (ms): Min: 70717557.3, Avg: 70717557.5, Max: 70717557.5, Diff: 0.3]
   [Code Root Fixup: 0.0 ms]
   [Code Root Purge: 0.0 ms]
   [Clear CT: 0.1 ms]
   [Other: 0.5 ms]
      [Choose CSet: 0.0 ms]
      [Ref Proc: 0.2 ms]
      [Ref Enq: 0.0 ms]
      [Redirty Cards: 0.0 ms]
      [Humongous Register: 0.0 ms]
      [Humongous Reclaim: 0.0 ms]
      [Free CSet: 0.0 ms]
   [Eden: 46.0M(46.0M)->0.0B(46.0M) Survivors: 5120.0K->5120.0K Heap: 195.0M(1024.0M)->149.0M(1024.0M)]
 [Times: user=0.03 sys=0.00, real=0.01 secs] 
2019-11-23T14:49:10.455+0600: 71242.106: [GC pause (G1 Evacuation Pause) (young), 0.0255358 secs]
   [Parallel Time: 21.9 ms, GC Workers: 4]
      [GC Worker Start (ms): Min: 71242108.7, Avg: 71242110.1, Max: 71242111.8, Diff: 3.1]
      [Ext Root Scanning (ms): Min: 3.1, Avg: 7.4, Max: 16.6, Diff: 13.5, Sum: 29.4]
      [Update RS (ms): Min: 0.0, Avg: 1.7, Max: 2.4, Diff: 2.3, Sum: 6.8]
         [Processed Buffers: Min: 0, Avg: 11.0, Max: 26, Diff: 26, Sum: 44]
      [Scan RS (ms): Min: 0.0, Avg: 0.0, Max: 0.0, Diff: 0.0, Sum: 0.0]
      [Code Root Scanning (ms): Min: 0.0, Avg: 0.0, Max: 0.1, Diff: 0.1, Sum: 0.1]
      [Object Copy (ms): Min: 4.7, Avg: 10.6, Max: 13.0, Diff: 8.4, Sum: 42.3]
      [Termination (ms): Min: 0.0, Avg: 0.5, Max: 0.8, Diff: 0.8, Sum: 1.8]
         [Termination Attempts: Min: 1, Avg: 1.8, Max: 2, Diff: 1, Sum: 7]
      [GC Worker Other (ms): Min: 0.0, Avg: 0.0, Max: 0.0, Diff: 0.0, Sum: 0.1]
      [GC Worker Total (ms): Min: 18.5, Avg: 20.2, Max: 21.7, Diff: 3.2, Sum: 80.7]
      [GC Worker End (ms): Min: 71242130.2, Avg: 71242130.3, Max: 71242130.4, Diff: 0.2]
   [Code Root Fixup: 0.0 ms]
   [Code Root Purge: 0.0 ms]
   [Clear CT: 0.0 ms]
   [Other: 3.6 ms]
      [Choose CSet: 0.0 ms]
      [Ref Proc: 0.3 ms]
      [Ref Enq: 0.0 ms]
      [Redirty Cards: 0.0 ms]
      [Humongous Register: 2.3 ms]
      [Humongous Reclaim: 0.0 ms]
      [Free CSet: 0.2 ms]
   [Eden: 46.0M(46.0M)->0.0B(46.0M) Survivors: 5120.0K->5120.0K Heap: 195.0M(1024.0M)->149.5M(1024.0M)]
 [Times: user=0.02 sys=0.04, real=0.03 secs] 
2019-11-23T14:57:49.808+0600: 71761.455: [GC pause (G1 Evacuation Pause) (young), 0.0252431 secs]
   [Parallel Time: 21.8 ms, GC Workers: 4]
      [GC Worker Start (ms): Min: 71761457.3, Avg: 71761457.4, Max: 71761457.4, Diff: 0.1]
      [Ext Root Scanning (ms): Min: 4.9, Avg: 7.8, Max: 14.6, Diff: 9.7, Sum: 31.2]
      [Update RS (ms): Min: 0.0, Avg: 1.7, Max: 2.9, Diff: 2.9, Sum: 6.9]
         [Processed Buffers: Min: 0, Avg: 10.8, Max: 25, Diff: 25, Sum: 43]
      [Scan RS (ms): Min: 0.0, Avg: 0.0, Max: 0.0, Diff: 0.0, Sum: 0.0]
      [Code Root Scanning (ms): Min: 0.0, Avg: 0.0, Max: 0.1, Diff: 0.1, Sum: 0.1]
      [Object Copy (ms): Min: 6.7, Avg: 11.9, Max: 13.8, Diff: 7.1, Sum: 47.7]
      [Termination (ms): Min: 0.0, Avg: 0.2, Max: 0.4, Diff: 0.4, Sum: 0.7]
         [Termination Attempts: Min: 3, Avg: 4.2, Max: 5, Diff: 2, Sum: 17]
      [GC Worker Other (ms): Min: 0.0, Avg: 0.0, Max: 0.1, Diff: 0.0, Sum: 0.1]
      [GC Worker Total (ms): Min: 21.6, Avg: 21.7, Max: 21.7, Diff: 0.1, Sum: 86.7]
      [GC Worker End (ms): Min: 71761479.0, Avg: 71761479.0, Max: 71761479.0, Diff: 0.0]
   [Code Root Fixup: 0.0 ms]
   [Code Root Purge: 0.0 ms]
   [Clear CT: 0.1 ms]
   [Other: 3.4 ms]
      [Choose CSet: 0.0 ms]
      [Ref Proc: 1.0 ms]
      [Ref Enq: 0.0 ms]
      [Redirty Cards: 0.1 ms]
      [Humongous Register: 1.5 ms]
      [Humongous Reclaim: 0.0 ms]
      [Free CSet: 0.2 ms]
   [Eden: 46.0M(46.0M)->0.0B(46.0M) Survivors: 5120.0K->5120.0K Heap: 195.5M(1024.0M)->149.5M(1024.0M)]
 [Times: user=0.03 sys=0.04, real=0.03 secs] 
2019-11-23T15:05:44.561+0600: 72236.205: [GC pause (G1 Evacuation Pause) (young), 0.0112025 secs]
   [Parallel Time: 10.5 ms, GC Workers: 4]
      [GC Worker Start (ms): Min: 72236204.7, Avg: 72236204.7, Max: 72236204.7, Diff: 0.1]
      [Ext Root Scanning (ms): Min: 0.6, Avg: 0.6, Max: 0.8, Diff: 0.2, Sum: 2.5]
      [Update RS (ms): Min: 0.9, Avg: 1.0, Max: 1.0, Diff: 0.1, Sum: 3.9]
         [Processed Buffers: Min: 4, Avg: 10.8, Max: 15, Diff: 11, Sum: 43]
      [Scan RS (ms): Min: 0.0, Avg: 0.0, Max: 0.0, Diff: 0.0, Sum: 0.0]
      [Code Root Scanning (ms): Min: 0.0, Avg: 0.0, Max: 0.1, Diff: 0.1, Sum: 0.1]
      [Object Copy (ms): Min: 7.7, Avg: 8.2, Max: 8.7, Diff: 1.0, Sum: 32.8]
      [Termination (ms): Min: 0.0, Avg: 0.6, Max: 1.1, Diff: 1.1, Sum: 2.3]
         [Termination Attempts: Min: 1, Avg: 1.0, Max: 1, Diff: 0, Sum: 4]
      [GC Worker Other (ms): Min: 0.0, Avg: 0.0, Max: 0.0, Diff: 0.0, Sum: 0.1]
      [GC Worker Total (ms): Min: 10.3, Avg: 10.4, Max: 10.5, Diff: 0.2, Sum: 41.7]
      [GC Worker End (ms): Min: 72236215.1, Avg: 72236215.1, Max: 72236215.2, Diff: 0.1]
   [Code Root Fixup: 0.0 ms]
   [Code Root Purge: 0.0 ms]
   [Clear CT: 0.1 ms]
   [Other: 0.6 ms]
      [Choose CSet: 0.0 ms]
      [Ref Proc: 0.3 ms]
      [Ref Enq: 0.0 ms]
      [Redirty Cards: 0.0 ms]
      [Humongous Register: 0.0 ms]
      [Humongous Reclaim: 0.0 ms]
      [Free CSet: 0.0 ms]
   [Eden: 46.0M(46.0M)->0.0B(46.0M) Survivors: 5120.0K->5120.0K Heap: 195.5M(1024.0M)->149.0M(1024.0M)]
 [Times: user=0.03 sys=0.01, real=0.01 secs] 
2019-11-23T15:14:25.096+0600: 72756.740: [GC pause (G1 Evacuation Pause) (young), 0.0193462 secs]
   [Parallel Time: 16.2 ms, GC Workers: 4]
      [GC Worker Start (ms): Min: 72756742.1, Avg: 72756742.2, Max: 72756742.2, Diff: 0.2]
      [Ext Root Scanning (ms): Min: 3.5, Avg: 5.9, Max: 12.7, Diff: 9.2, Sum: 23.6]
      [Update RS (ms): Min: 0.0, Avg: 1.6, Max: 2.2, Diff: 2.2, Sum: 6.3]
         [Processed Buffers: Min: 0, Avg: 11.2, Max: 24, Diff: 24, Sum: 45]
      [Scan RS (ms): Min: 0.0, Avg: 0.0, Max: 0.0, Diff: 0.0, Sum: 0.0]
      [Code Root Scanning (ms): Min: 0.0, Avg: 0.0, Max: 0.0, Diff: 0.0, Sum: 0.0]
      [Object Copy (ms): Min: 2.7, Avg: 8.0, Max: 10.1, Diff: 7.4, Sum: 32.0]
      [Termination (ms): Min: 0.0, Avg: 0.5, Max: 0.6, Diff: 0.6, Sum: 1.8]
         [Termination Attempts: Min: 1, Avg: 1.0, Max: 1, Diff: 0, Sum: 4]
      [GC Worker Other (ms): Min: 0.0, Avg: 0.0, Max: 0.0, Diff: 0.0, Sum: 0.1]
      [GC Worker Total (ms): Min: 15.9, Avg: 16.0, Max: 16.1, Diff: 0.2, Sum: 63.9]
      [GC Worker End (ms): Min: 72756758.1, Avg: 72756758.1, Max: 72756758.2, Diff: 0.1]
   [Code Root Fixup: 0.0 ms]
   [Code Root Purge: 0.0 ms]
   [Clear CT: 0.1 ms]
   [Other: 3.1 ms]
      [Choose CSet: 0.0 ms]
      [Ref Proc: 0.4 ms]
      [Ref Enq: 0.0 ms]
      [Redirty Cards: 0.0 ms]
      [Humongous Register: 1.8 ms]
      [Humongous Reclaim: 0.0 ms]
      [Free CSet: 0.2 ms]
   [Eden: 46.0M(46.0M)->0.0B(46.0M) Survivors: 5120.0K->5120.0K Heap: 195.0M(1024.0M)->149.5M(1024.0M)]
 [Times: user=0.02 sys=0.03, real=0.02 secs] 
2019-11-23T15:23:07.586+0600: 73279.227: [GC pause (G1 Evacuation Pause) (young), 0.0157200 secs]
   [Parallel Time: 13.5 ms, GC Workers: 4]
      [GC Worker Start (ms): Min: 73279228.0, Avg: 73279228.3, Max: 73279228.8, Diff: 0.8]
      [Ext Root Scanning (ms): Min: 0.6, Avg: 1.7, Max: 2.9, Diff: 2.3, Sum: 6.9]
      [Update RS (ms): Min: 0.0, Avg: 0.9, Max: 1.5, Diff: 1.5, Sum: 3.4]
         [Processed Buffers: Min: 0, Avg: 11.0, Max: 34, Diff: 34, Sum: 44]
      [Scan RS (ms): Min: 0.0, Avg: 0.1, Max: 0.5, Diff: 0.5, Sum: 0.6]
      [Code Root Scanning (ms): Min: 0.0, Avg: 0.0, Max: 0.0, Diff: 0.0, Sum: 0.0]
      [Object Copy (ms): Min: 8.0, Avg: 8.6, Max: 9.4, Diff: 1.4, Sum: 34.5]
      [Termination (ms): Min: 0.0, Avg: 1.2, Max: 2.0, Diff: 2.0, Sum: 4.9]
         [Termination Attempts: Min: 1, Avg: 2.0, Max: 3, Diff: 2, Sum: 8]
      [GC Worker Other (ms): Min: 0.0, Avg: 0.0, Max: 0.0, Diff: 0.0, Sum: 0.1]
      [GC Worker Total (ms): Min: 11.5, Avg: 12.6, Max: 13.4, Diff: 1.9, Sum: 50.3]
      [GC Worker End (ms): Min: 73279240.3, Avg: 73279240.8, Max: 73279241.4, Diff: 1.1]
   [Code Root Fixup: 0.0 ms]
   [Code Root Purge: 0.0 ms]
   [Clear CT: 0.1 ms]
   [Other: 2.1 ms]
      [Choose CSet: 0.0 ms]
      [Ref Proc: 1.3 ms]
      [Ref Enq: 0.0 ms]
      [Redirty Cards: 0.1 ms]
      [Humongous Register: 0.2 ms]
      [Humongous Reclaim: 0.0 ms]
      [Free CSet: 0.1 ms]
   [Eden: 46.0M(46.0M)->0.0B(46.0M) Survivors: 5120.0K->5120.0K Heap: 195.5M(1024.0M)->149.5M(1024.0M)]
 [Times: user=0.02 sys=0.01, real=0.02 secs] 
2019-11-23T15:31:44.684+0600: 73796.322: [GC pause (G1 Evacuation Pause) (young), 0.0069447 secs]
   [Parallel Time: 6.1 ms, GC Workers: 4]
      [GC Worker Start (ms): Min: 73796322.4, Avg: 73796322.6, Max: 73796322.8, Diff: 0.5]
      [Ext Root Scanning (ms): Min: 0.2, Avg: 0.5, Max: 0.7, Diff: 0.5, Sum: 1.9]
      [Update RS (ms): Min: 0.4, Avg: 0.5, Max: 0.5, Diff: 0.1, Sum: 1.9]
         [Processed Buffers: Min: 6, Avg: 11.0, Max: 19, Diff: 13, Sum: 44]
      [Scan RS (ms): Min: 0.0, Avg: 0.0, Max: 0.0, Diff: 0.0, Sum: 0.0]
      [Code Root Scanning (ms): Min: 0.0, Avg: 0.0, Max: 0.1, Diff: 0.1, Sum: 0.1]
      [Object Copy (ms): Min: 4.5, Avg: 4.6, Max: 4.6, Diff: 0.1, Sum: 18.2]
      [Termination (ms): Min: 0.0, Avg: 0.0, Max: 0.0, Diff: 0.0, Sum: 0.0]
         [Termination Attempts: Min: 1, Avg: 1.2, Max: 2, Diff: 1, Sum: 5]
      [GC Worker Other (ms): Min: 0.0, Avg: 0.0, Max: 0.0, Diff: 0.0, Sum: 0.0]
      [GC Worker Total (ms): Min: 5.3, Avg: 5.5, Max: 5.8, Diff: 0.5, Sum: 22.1]
      [GC Worker End (ms): Min: 73796328.1, Avg: 73796328.1, Max: 73796328.1, Diff: 0.0]
   [Code Root Fixup: 0.0 ms]
   [Code Root Purge: 0.0 ms]
   [Clear CT: 0.1 ms]
   [Other: 0.8 ms]
      [Choose CSet: 0.0 ms]
      [Ref Proc: 0.4 ms]
      [Ref Enq: 0.0 ms]
      [Redirty Cards: 0.0 ms]
      [Humongous Register: 0.0 ms]
      [Humongous Reclaim: 0.0 ms]
      [Free CSet: 0.1 ms]
   [Eden: 46.0M(46.0M)->0.0B(163.0M) Survivors: 5120.0K->4096.0K Heap: 195.5M(1024.0M)->148.6M(1024.0M)]
 [Times: user=0.02 sys=0.00, real=0.01 secs] 
2019-11-23T16:02:02.420+0600: 75614.045: [GC pause (G1 Evacuation Pause) (young), 0.0458074 secs]
   [Parallel Time: 40.2 ms, GC Workers: 4]
      [GC Worker Start (ms): Min: 75614047.1, Avg: 75614047.2, Max: 75614047.5, Diff: 0.5]
      [Ext Root Scanning (ms): Min: 3.6, Avg: 7.3, Max: 17.7, Diff: 14.1, Sum: 29.1]
      [Update RS (ms): Min: 0.0, Avg: 1.6, Max: 2.2, Diff: 2.2, Sum: 6.2]
         [Processed Buffers: Min: 0, Avg: 11.0, Max: 23, Diff: 23, Sum: 44]
      [Scan RS (ms): Min: 0.0, Avg: 0.0, Max: 0.0, Diff: 0.0, Sum: 0.1]
      [Code Root Scanning (ms): Min: 0.0, Avg: 0.0, Max: 0.0, Diff: 0.0, Sum: 0.1]
      [Object Copy (ms): Min: 22.3, Avg: 30.5, Max: 33.7, Diff: 11.4, Sum: 122.0]
      [Termination (ms): Min: 0.0, Avg: 0.5, Max: 1.1, Diff: 1.1, Sum: 1.8]
         [Termination Attempts: Min: 1, Avg: 1.0, Max: 1, Diff: 0, Sum: 4]
      [GC Worker Other (ms): Min: 0.0, Avg: 0.1, Max: 0.1, Diff: 0.1, Sum: 0.2]
      [GC Worker Total (ms): Min: 39.6, Avg: 39.9, Max: 40.0, Diff: 0.4, Sum: 159.6]
      [GC Worker End (ms): Min: 75614087.1, Avg: 75614087.1, Max: 75614087.1, Diff: 0.0]
   [Code Root Fixup: 0.0 ms]
   [Code Root Purge: 0.0 ms]
   [Clear CT: 0.0 ms]
   [Other: 5.6 ms]
      [Choose CSet: 0.0 ms]
      [Ref Proc: 2.2 ms]
      [Ref Enq: 0.0 ms]
      [Redirty Cards: 0.0 ms]
      [Humongous Register: 1.7 ms]
      [Humongous Reclaim: 0.0 ms]
      [Free CSet: 0.9 ms]
   [Eden: 163.0M(163.0M)->0.0B(46.0M) Survivors: 4096.0K->5120.0K Heap: 311.6M(1024.0M)->149.1M(1024.0M)]
 [Times: user=0.02 sys=0.06, real=0.04 secs] 
2019-11-23T16:10:19.478+0600: 76111.099: [GC pause (G1 Evacuation Pause) (young), 0.0076992 secs]
   [Parallel Time: 6.5 ms, GC Workers: 4]
      [GC Worker Start (ms): Min: 76111099.3, Avg: 76111099.3, Max: 76111099.4, Diff: 0.2]
      [Ext Root Scanning (ms): Min: 0.3, Avg: 0.5, Max: 0.7, Diff: 0.3, Sum: 2.0]
      [Update RS (ms): Min: 0.2, Avg: 0.3, Max: 0.4, Diff: 0.2, Sum: 1.3]
         [Processed Buffers: Min: 1, Avg: 10.2, Max: 16, Diff: 15, Sum: 41]
      [Scan RS (ms): Min: 0.0, Avg: 0.0, Max: 0.0, Diff: 0.0, Sum: 0.0]
      [Code Root Scanning (ms): Min: 0.0, Avg: 0.0, Max: 0.0, Diff: 0.0, Sum: 0.0]
      [Object Copy (ms): Min: 5.4, Avg: 5.4, Max: 5.5, Diff: 0.1, Sum: 21.6]
      [Termination (ms): Min: 0.0, Avg: 0.0, Max: 0.0, Diff: 0.0, Sum: 0.0]
         [Termination Attempts: Min: 1, Avg: 1.0, Max: 1, Diff: 0, Sum: 4]
      [GC Worker Other (ms): Min: 0.0, Avg: 0.0, Max: 0.0, Diff: 0.0, Sum: 0.1]
      [GC Worker Total (ms): Min: 6.1, Avg: 6.2, Max: 6.3, Diff: 0.2, Sum: 25.0]
      [GC Worker End (ms): Min: 76111105.6, Avg: 76111105.6, Max: 76111105.6, Diff: 0.0]
   [Code Root Fixup: 0.0 ms]
   [Code Root Purge: 0.0 ms]
   [Clear CT: 0.1 ms]
   [Other: 1.1 ms]
      [Choose CSet: 0.0 ms]
      [Ref Proc: 0.4 ms]
      [Ref Enq: 0.0 ms]
      [Redirty Cards: 0.3 ms]
      [Humongous Register: 0.0 ms]
      [Humongous Reclaim: 0.0 ms]
      [Free CSet: 0.1 ms]
   [Eden: 46.0M(46.0M)->0.0B(46.0M) Survivors: 5120.0K->5120.0K Heap: 195.1M(1024.0M)->149.1M(1024.0M)]
 [Times: user=0.02 sys=0.00, real=0.01 secs] 
2019-11-23T16:18:59.666+0600: 76631.287: [GC pause (G1 Evacuation Pause) (young), 0.0142958 secs]
   [Parallel Time: 13.2 ms, GC Workers: 4]
      [GC Worker Start (ms): Min: 76631287.9, Avg: 76631288.0, Max: 76631288.0, Diff: 0.1]
      [Ext Root Scanning (ms): Min: 1.5, Avg: 1.7, Max: 2.1, Diff: 0.6, Sum: 6.7]
      [Update RS (ms): Min: 0.3, Avg: 0.5, Max: 0.7, Diff: 0.4, Sum: 2.0]
         [Processed Buffers: Min: 2, Avg: 10.5, Max: 18, Diff: 16, Sum: 42]
      [Scan RS (ms): Min: 0.0, Avg: 0.0, Max: 0.0, Diff: 0.0, Sum: 0.0]
      [Code Root Scanning (ms): Min: 0.0, Avg: 0.0, Max: 0.1, Diff: 0.1, Sum: 0.1]
      [Object Copy (ms): Min: 10.0, Avg: 10.3, Max: 10.8, Diff: 0.8, Sum: 41.2]
      [Termination (ms): Min: 0.0, Avg: 0.6, Max: 0.8, Diff: 0.8, Sum: 2.5]
         [Termination Attempts: Min: 1, Avg: 1.0, Max: 1, Diff: 0, Sum: 4]
      [GC Worker Other (ms): Min: 0.0, Avg: 0.0, Max: 0.0, Diff: 0.0, Sum: 0.1]
      [GC Worker Total (ms): Min: 13.0, Avg: 13.1, Max: 13.2, Diff: 0.1, Sum: 52.5]
      [GC Worker End (ms): Min: 76631301.1, Avg: 76631301.1, Max: 76631301.1, Diff: 0.1]
   [Code Root Fixup: 0.0 ms]
   [Code Root Purge: 0.0 ms]
   [Clear CT: 0.1 ms]
   [Other: 1.0 ms]
      [Choose CSet: 0.0 ms]
      [Ref Proc: 0.2 ms]
      [Ref Enq: 0.0 ms]
      [Redirty Cards: 0.0 ms]
      [Humongous Register: 0.3 ms]
      [Humongous Reclaim: 0.0 ms]
      [Free CSet: 0.1 ms]
   [Eden: 46.0M(46.0M)->0.0B(68.0M) Survivors: 5120.0K->5120.0K Heap: 195.1M(1024.0M)->149.4M(1024.0M)]
 [Times: user=0.02 sys=0.01, real=0.02 secs] 
2019-11-23T16:31:41.709+0600: 77393.327: [GC pause (G1 Evacuation Pause) (young), 0.0090115 secs]
   [Parallel Time: 8.3 ms, GC Workers: 4]
      [GC Worker Start (ms): Min: 77393327.1, Avg: 77393327.2, Max: 77393327.3, Diff: 0.2]
      [Ext Root Scanning (ms): Min: 0.4, Avg: 0.6, Max: 0.9, Diff: 0.5, Sum: 2.6]
      [Update RS (ms): Min: 0.2, Avg: 0.4, Max: 0.5, Diff: 0.3, Sum: 1.6]
         [Processed Buffers: Min: 2, Avg: 10.2, Max: 15, Diff: 13, Sum: 41]
      [Scan RS (ms): Min: 0.0, Avg: 0.0, Max: 0.0, Diff: 0.0, Sum: 0.0]
      [Code Root Scanning (ms): Min: 0.0, Avg: 0.0, Max: 0.0, Diff: 0.0, Sum: 0.0]
      [Object Copy (ms): Min: 7.1, Avg: 7.1, Max: 7.2, Diff: 0.1, Sum: 28.6]
      [Termination (ms): Min: 0.0, Avg: 0.0, Max: 0.0, Diff: 0.0, Sum: 0.0]
         [Termination Attempts: Min: 1, Avg: 1.0, Max: 1, Diff: 0, Sum: 4]
      [GC Worker Other (ms): Min: 0.0, Avg: 0.0, Max: 0.0, Diff: 0.0, Sum: 0.1]
      [GC Worker Total (ms): Min: 8.1, Avg: 8.2, Max: 8.3, Diff: 0.2, Sum: 32.9]
      [GC Worker End (ms): Min: 77393335.4, Avg: 77393335.4, Max: 77393335.4, Diff: 0.0]
   [Code Root Fixup: 0.0 ms]
   [Code Root Purge: 0.0 ms]
   [Clear CT: 0.1 ms]
   [Other: 0.6 ms]
      [Choose CSet: 0.0 ms]
      [Ref Proc: 0.2 ms]
      [Ref Enq: 0.0 ms]
      [Redirty Cards: 0.0 ms]
      [Humongous Register: 0.1 ms]
      [Humongous Reclaim: 0.0 ms]
      [Free CSet: 0.1 ms]
   [Eden: 68.0M(68.0M)->0.0B(193.0M) Survivors: 5120.0K->5120.0K Heap: 217.4M(1024.0M)->149.1M(1024.0M)]
 [Times: user=0.02 sys=0.01, real=0.02 secs] 
2019-11-23T17:07:20.273+0600: 79531.874: [GC pause (G1 Evacuation Pause) (young), 0.0366889 secs]
   [Parallel Time: 32.0 ms, GC Workers: 4]
      [GC Worker Start (ms): Min: 79531876.4, Avg: 79531876.5, Max: 79531876.6, Diff: 0.2]
      [Ext Root Scanning (ms): Min: 3.3, Avg: 5.9, Max: 13.4, Diff: 10.1, Sum: 23.6]
      [Update RS (ms): Min: 0.0, Avg: 1.3, Max: 2.4, Diff: 2.4, Sum: 5.2]
         [Processed Buffers: Min: 0, Avg: 10.5, Max: 21, Diff: 21, Sum: 42]
      [Scan RS (ms): Min: 0.0, Avg: 0.0, Max: 0.1, Diff: 0.1, Sum: 0.1]
      [Code Root Scanning (ms): Min: 0.0, Avg: 0.0, Max: 0.2, Diff: 0.2, Sum: 0.2]
      [Object Copy (ms): Min: 16.9, Avg: 23.0, Max: 25.4, Diff: 8.5, Sum: 91.9]
      [Termination (ms): Min: 0.0, Avg: 0.8, Max: 2.0, Diff: 2.0, Sum: 3.1]
         [Termination Attempts: Min: 1, Avg: 1.0, Max: 1, Diff: 0, Sum: 4]
      [GC Worker Other (ms): Min: 0.0, Avg: 0.1, Max: 0.1, Diff: 0.1, Sum: 0.2]
      [GC Worker Total (ms): Min: 30.8, Avg: 31.1, Max: 31.8, Diff: 1.1, Sum: 124.3]
      [GC Worker End (ms): Min: 79531907.3, Avg: 79531907.6, Max: 79531908.4, Diff: 1.0]
   [Code Root Fixup: 0.0 ms]
   [Code Root Purge: 0.0 ms]
   [Clear CT: 0.1 ms]
   [Other: 4.6 ms]
      [Choose CSet: 0.0 ms]
      [Ref Proc: 1.4 ms]
      [Ref Enq: 0.0 ms]
      [Redirty Cards: 0.0 ms]
      [Humongous Register: 1.7 ms]
      [Humongous Reclaim: 0.0 ms]
      [Free CSet: 0.8 ms]
   [Eden: 193.0M(193.0M)->0.0B(45.0M) Survivors: 5120.0K->6144.0K Heap: 342.1M(1024.0M)->150.0M(1024.0M)]
 [Times: user=0.02 sys=0.05, real=0.04 secs] 
2019-11-23T17:15:47.442+0600: 80039.040: [GC pause (G1 Evacuation Pause) (young), 0.0111030 secs]
   [Parallel Time: 10.5 ms, GC Workers: 4]
      [GC Worker Start (ms): Min: 80039040.2, Avg: 80039040.3, Max: 80039040.6, Diff: 0.4]
      [Ext Root Scanning (ms): Min: 0.5, Avg: 1.1, Max: 2.1, Diff: 1.6, Sum: 4.4]
      [Update RS (ms): Min: 0.0, Avg: 0.5, Max: 0.7, Diff: 0.7, Sum: 2.0]
         [Processed Buffers: Min: 0, Avg: 10.5, Max: 21, Diff: 21, Sum: 42]
      [Scan RS (ms): Min: 0.0, Avg: 0.0, Max: 0.0, Diff: 0.0, Sum: 0.0]
      [Code Root Scanning (ms): Min: 0.0, Avg: 0.0, Max: 0.1, Diff: 0.1, Sum: 0.1]
      [Object Copy (ms): Min: 8.2, Avg: 8.6, Max: 8.8, Diff: 0.7, Sum: 34.6]
      [Termination (ms): Min: 0.0, Avg: 0.0, Max: 0.0, Diff: 0.0, Sum: 0.0]
         [Termination Attempts: Min: 1, Avg: 1.0, Max: 1, Diff: 0, Sum: 4]
      [GC Worker Other (ms): Min: 0.0, Avg: 0.0, Max: 0.0, Diff: 0.0, Sum: 0.1]
      [GC Worker Total (ms): Min: 10.0, Avg: 10.3, Max: 10.4, Diff: 0.4, Sum: 41.2]
      [GC Worker End (ms): Min: 80039050.6, Avg: 80039050.6, Max: 80039050.6, Diff: 0.0]
   [Code Root Fixup: 0.0 ms]
   [Code Root Purge: 0.0 ms]
   [Clear CT: 0.1 ms]
   [Other: 0.5 ms]
      [Choose CSet: 0.0 ms]
      [Ref Proc: 0.2 ms]
      [Ref Enq: 0.0 ms]
      [Redirty Cards: 0.1 ms]
      [Humongous Register: 0.1 ms]
      [Humongous Reclaim: 0.0 ms]
      [Free CSet: 0.0 ms]
   [Eden: 45.0M(45.0M)->0.0B(73.0M) Survivors: 6144.0K->5120.0K Heap: 195.0M(1024.0M)->149.1M(1024.0M)]
 [Times: user=0.03 sys=0.01, real=0.01 secs] 
2019-11-23T17:29:36.271+0600: 80867.866: [GC pause (G1 Evacuation Pause) (young), 0.0083382 secs]
   [Parallel Time: 7.8 ms, GC Workers: 4]
      [GC Worker Start (ms): Min: 80867866.6, Avg: 80867866.6, Max: 80867866.6, Diff: 0.0]
      [Ext Root Scanning (ms): Min: 0.5, Avg: 0.5, Max: 0.7, Diff: 0.3, Sum: 2.2]
      [Update RS (ms): Min: 0.2, Avg: 0.4, Max: 0.5, Diff: 0.2, Sum: 1.5]
         [Processed Buffers: Min: 1, Avg: 10.5, Max: 15, Diff: 14, Sum: 42]
      [Scan RS (ms): Min: 0.0, Avg: 0.0, Max: 0.0, Diff: 0.0, Sum: 0.0]
      [Code Root Scanning (ms): Min: 0.0, Avg: 0.0, Max: 0.0, Diff: 0.0, Sum: 0.1]
      [Object Copy (ms): Min: 6.1, Avg: 6.3, Max: 6.7, Diff: 0.5, Sum: 25.1]
      [Termination (ms): Min: 0.0, Avg: 0.5, Max: 0.6, Diff: 0.6, Sum: 1.8]
         [Termination Attempts: Min: 1, Avg: 1.0, Max: 1, Diff: 0, Sum: 4]
      [GC Worker Other (ms): Min: 0.0, Avg: 0.0, Max: 0.0, Diff: 0.0, Sum: 0.0]
      [GC Worker Total (ms): Min: 7.7, Avg: 7.7, Max: 7.7, Diff: 0.0, Sum: 30.8]
      [GC Worker End (ms): Min: 80867874.3, Avg: 80867874.3, Max: 80867874.3, Diff: 0.0]
   [Code Root Fixup: 0.0 ms]
   [Code Root Purge: 0.0 ms]
   [Clear CT: 0.0 ms]
   [Other: 0.5 ms]
      [Choose CSet: 0.0 ms]
      [Ref Proc: 0.2 ms]
      [Ref Enq: 0.0 ms]
      [Redirty Cards: 0.0 ms]
      [Humongous Register: 0.1 ms]
      [Humongous Reclaim: 0.0 ms]
      [Free CSet: 0.0 ms]
   [Eden: 73.0M(73.0M)->0.0B(242.0M) Survivors: 5120.0K->4096.0K Heap: 222.1M(1024.0M)->148.6M(1024.0M)]
 [Times: user=0.01 sys=0.01, real=0.01 secs] 
2019-11-23T18:14:30.065+0600: 83561.658: [GC pause (G1 Evacuation Pause) (young), 0.0454553 secs]
   [Parallel Time: 32.8 ms, GC Workers: 4]
      [GC Worker Start (ms): Min: 83561660.3, Avg: 83561660.4, Max: 83561660.5, Diff: 0.2]
      [Ext Root Scanning (ms): Min: 2.5, Avg: 5.3, Max: 12.3, Diff: 9.8, Sum: 21.3]
      [Update RS (ms): Min: 0.0, Avg: 1.4, Max: 2.5, Diff: 2.5, Sum: 5.6]
         [Processed Buffers: Min: 0, Avg: 10.5, Max: 24, Diff: 24, Sum: 42]
      [Scan RS (ms): Min: 0.0, Avg: 0.0, Max: 0.1, Diff: 0.1, Sum: 0.1]
      [Code Root Scanning (ms): Min: 0.0, Avg: 0.1, Max: 0.1, Diff: 0.1, Sum: 0.3]
      [Object Copy (ms): Min: 19.5, Avg: 25.2, Max: 28.7, Diff: 9.1, Sum: 100.8]
      [Termination (ms): Min: 0.0, Avg: 0.4, Max: 0.6, Diff: 0.6, Sum: 1.6]
         [Termination Attempts: Min: 1, Avg: 1.0, Max: 1, Diff: 0, Sum: 4]
      [GC Worker Other (ms): Min: 0.0, Avg: 0.0, Max: 0.0, Diff: 0.0, Sum: 0.1]
      [GC Worker Total (ms): Min: 32.4, Avg: 32.4, Max: 32.5, Diff: 0.2, Sum: 129.8]
      [GC Worker End (ms): Min: 83561692.8, Avg: 83561692.9, Max: 83561692.9, Diff: 0.1]
   [Code Root Fixup: 0.0 ms]
   [Code Root Purge: 0.0 ms]
   [Clear CT: 0.2 ms]
   [Other: 12.5 ms]
      [Choose CSet: 0.0 ms]
      [Ref Proc: 9.3 ms]
      [Ref Enq: 0.0 ms]
      [Redirty Cards: 0.0 ms]
      [Humongous Register: 1.8 ms]
      [Humongous Reclaim: 0.0 ms]
      [Free CSet: 0.5 ms]
   [Eden: 242.0M(242.0M)->0.0B(46.0M) Survivors: 4096.0K->5120.0K Heap: 390.6M(1024.0M)->149.6M(1024.0M)]
 [Times: user=0.02 sys=0.06, real=0.05 secs] 
2019-11-23T18:23:12.454+0600: 84084.045: [GC pause (G1 Evacuation Pause) (young), 0.0183358 secs]
   [Parallel Time: 17.1 ms, GC Workers: 4]
      [GC Worker Start (ms): Min: 84084045.2, Avg: 84084045.2, Max: 84084045.3, Diff: 0.0]
      [Ext Root Scanning (ms): Min: 1.5, Avg: 2.4, Max: 3.4, Diff: 1.9, Sum: 9.6]
      [Update RS (ms): Min: 1.1, Avg: 1.6, Max: 3.0, Diff: 1.8, Sum: 6.5]
         [Processed Buffers: Min: 1, Avg: 10.5, Max: 20, Diff: 19, Sum: 42]
      [Scan RS (ms): Min: 0.0, Avg: 0.0, Max: 0.0, Diff: 0.0, Sum: 0.0]
      [Code Root Scanning (ms): Min: 0.0, Avg: 0.0, Max: 0.1, Diff: 0.1, Sum: 0.1]
      [Object Copy (ms): Min: 10.5, Avg: 12.5, Max: 14.2, Diff: 3.6, Sum: 50.2]
      [Termination (ms): Min: 0.0, Avg: 0.4, Max: 0.6, Diff: 0.6, Sum: 1.7]
         [Termination Attempts: Min: 1, Avg: 1.0, Max: 1, Diff: 0, Sum: 4]
      [GC Worker Other (ms): Min: 0.0, Avg: 0.0, Max: 0.0, Diff: 0.0, Sum: 0.1]
      [GC Worker Total (ms): Min: 17.0, Avg: 17.0, Max: 17.1, Diff: 0.1, Sum: 68.2]
      [GC Worker End (ms): Min: 84084062.3, Avg: 84084062.3, Max: 84084062.3, Diff: 0.1]
   [Code Root Fixup: 0.0 ms]
   [Code Root Purge: 0.0 ms]
   [Clear CT: 0.1 ms]
   [Other: 1.1 ms]
      [Choose CSet: 0.0 ms]
      [Ref Proc: 0.7 ms]
      [Ref Enq: 0.0 ms]
      [Redirty Cards: 0.0 ms]
      [Humongous Register: 0.1 ms]
      [Humongous Reclaim: 0.0 ms]
      [Free CSet: 0.1 ms]
   [Eden: 46.0M(46.0M)->0.0B(46.0M) Survivors: 5120.0K->5120.0K Heap: 195.6M(1024.0M)->149.7M(1024.0M)]
 [Times: user=0.03 sys=0.01, real=0.02 secs] 
2019-11-23T18:54:33.819+0600: 84597.619: [GC pause (G1 Evacuation Pause) (young), 0.0292662 secs]
   [Parallel Time: 25.7 ms, GC Workers: 4]
      [GC Worker Start (ms): Min: 84597621.0, Avg: 84597621.0, Max: 84597621.1, Diff: 0.2]
      [Ext Root Scanning (ms): Min: 2.7, Avg: 6.3, Max: 17.0, Diff: 14.3, Sum: 25.4]
      [Update RS (ms): Min: 0.0, Avg: 1.6, Max: 3.7, Diff: 3.7, Sum: 6.6]
         [Processed Buffers: Min: 0, Avg: 10.2, Max: 22, Diff: 22, Sum: 41]
      [Scan RS (ms): Min: 0.0, Avg: 0.0, Max: 0.0, Diff: 0.0, Sum: 0.0]
      [Code Root Scanning (ms): Min: 0.0, Avg: 0.0, Max: 0.1, Diff: 0.1, Sum: 0.1]
      [Object Copy (ms): Min: 8.6, Avg: 17.5, Max: 21.3, Diff: 12.7, Sum: 69.9]
      [Termination (ms): Min: 0.0, Avg: 0.0, Max: 0.0, Diff: 0.0, Sum: 0.1]
         [Termination Attempts: Min: 1, Avg: 1.2, Max: 2, Diff: 1, Sum: 5]
      [GC Worker Other (ms): Min: 0.0, Avg: 0.0, Max: 0.0, Diff: 0.0, Sum: 0.1]
      [GC Worker Total (ms): Min: 25.4, Avg: 25.5, Max: 25.6, Diff: 0.2, Sum: 102.1]
      [GC Worker End (ms): Min: 84597646.6, Avg: 84597646.6, Max: 84597646.6, Diff: 0.0]
   [Code Root Fixup: 0.0 ms]
   [Code Root Purge: 0.0 ms]
   [Clear CT: 0.1 ms]
   [Other: 3.5 ms]
      [Choose CSet: 0.0 ms]
      [Ref Proc: 0.8 ms]
      [Ref Enq: 0.0 ms]
      [Redirty Cards: 0.0 ms]
      [Humongous Register: 1.6 ms]
      [Humongous Reclaim: 0.0 ms]
      [Free CSet: 0.5 ms]
   [Eden: 46.0M(46.0M)->0.0B(45.0M) Survivors: 5120.0K->6144.0K Heap: 195.7M(1024.0M)->150.2M(1024.0M)]
 [Times: user=0.03 sys=0.04, real=0.03 secs] 
2019-11-23T19:03:03.782+0600: 85107.580: [GC pause (G1 Evacuation Pause) (young), 0.0104875 secs]
   [Parallel Time: 8.9 ms, GC Workers: 4]
      [GC Worker Start (ms): Min: 85107580.7, Avg: 85107580.7, Max: 85107580.7, Diff: 0.0]
      [Ext Root Scanning (ms): Min: 0.9, Avg: 1.2, Max: 1.8, Diff: 0.9, Sum: 4.7]
      [Update RS (ms): Min: 0.0, Avg: 0.6, Max: 0.8, Diff: 0.8, Sum: 2.3]
         [Processed Buffers: Min: 1, Avg: 10.5, Max: 20, Diff: 19, Sum: 42]
      [Scan RS (ms): Min: 0.0, Avg: 0.0, Max: 0.0, Diff: 0.0, Sum: 0.0]
      [Code Root Scanning (ms): Min: 0.0, Avg: 0.0, Max: 0.1, Diff: 0.1, Sum: 0.2]
      [Object Copy (ms): Min: 6.4, Avg: 6.6, Max: 7.0, Diff: 0.6, Sum: 26.3]
      [Termination (ms): Min: 0.0, Avg: 0.5, Max: 0.7, Diff: 0.7, Sum: 1.9]
         [Termination Attempts: Min: 1, Avg: 2.0, Max: 3, Diff: 2, Sum: 8]
      [GC Worker Other (ms): Min: 0.0, Avg: 0.0, Max: 0.0, Diff: 0.0, Sum: 0.0]
      [GC Worker Total (ms): Min: 8.8, Avg: 8.9, Max: 8.9, Diff: 0.1, Sum: 35.4]
      [GC Worker End (ms): Min: 85107589.5, Avg: 85107589.6, Max: 85107589.6, Diff: 0.1]
   [Code Root Fixup: 0.0 ms]
   [Code Root Purge: 0.0 ms]
   [Clear CT: 0.1 ms]
   [Other: 1.5 ms]
      [Choose CSet: 0.0 ms]
      [Ref Proc: 0.9 ms]
      [Ref Enq: 0.0 ms]
      [Redirty Cards: 0.0 ms]
      [Humongous Register: 0.2 ms]
      [Humongous Reclaim: 0.0 ms]
      [Free CSet: 0.1 ms]
   [Eden: 45.0M(45.0M)->0.0B(46.0M) Survivors: 6144.0K->5120.0K Heap: 195.2M(1024.0M)->149.7M(1024.0M)]
 [Times: user=0.02 sys=0.01, real=0.01 secs] 
2019-11-23T19:11:39.122+0600: 85622.919: [GC pause (G1 Evacuation Pause) (young), 0.0171155 secs]
   [Parallel Time: 13.5 ms, GC Workers: 4]
      [GC Worker Start (ms): Min: 85622922.0, Avg: 85622922.2, Max: 85622922.3, Diff: 0.2]
      [Ext Root Scanning (ms): Min: 3.9, Avg: 6.2, Max: 13.2, Diff: 9.3, Sum: 24.9]
      [Update RS (ms): Min: 0.0, Avg: 1.3, Max: 1.7, Diff: 1.7, Sum: 5.0]
         [Processed Buffers: Min: 0, Avg: 10.5, Max: 23, Diff: 23, Sum: 42]
      [Scan RS (ms): Min: 0.0, Avg: 0.0, Max: 0.0, Diff: 0.0, Sum: 0.0]
      [Code Root Scanning (ms): Min: 0.0, Avg: 0.0, Max: 0.1, Diff: 0.1, Sum: 0.1]
      [Object Copy (ms): Min: 0.0, Avg: 5.6, Max: 7.6, Diff: 7.5, Sum: 22.5]
      [Termination (ms): Min: 0.0, Avg: 0.0, Max: 0.0, Diff: 0.0, Sum: 0.0]
         [Termination Attempts: Min: 1, Avg: 1.0, Max: 1, Diff: 0, Sum: 4]
      [GC Worker Other (ms): Min: 0.0, Avg: 0.1, Max: 0.2, Diff: 0.1, Sum: 0.3]
      [GC Worker Total (ms): Min: 13.2, Avg: 13.3, Max: 13.4, Diff: 0.2, Sum: 53.0]
      [GC Worker End (ms): Min: 85622935.4, Avg: 85622935.4, Max: 85622935.4, Diff: 0.0]
   [Code Root Fixup: 0.0 ms]
   [Code Root Purge: 0.0 ms]
   [Clear CT: 0.1 ms]
   [Other: 3.5 ms]
      [Choose CSet: 0.0 ms]
      [Ref Proc: 0.4 ms]
      [Ref Enq: 0.0 ms]
      [Redirty Cards: 0.1 ms]
      [Humongous Register: 2.1 ms]
      [Humongous Reclaim: 0.0 ms]
      [Free CSet: 0.2 ms]
   [Eden: 46.0M(46.0M)->0.0B(48.0M) Survivors: 5120.0K->4096.0K Heap: 195.7M(1024.0M)->148.7M(1024.0M)]
 [Times: user=0.02 sys=0.03, real=0.02 secs] 
2019-11-23T19:20:39.650+0600: 86163.447: [GC pause (G1 Evacuation Pause) (young), 0.0094460 secs]
   [Parallel Time: 8.8 ms, GC Workers: 4]
      [GC Worker Start (ms): Min: 86163447.1, Avg: 86163447.2, Max: 86163447.6, Diff: 0.5]
      [Ext Root Scanning (ms): Min: 0.4, Avg: 0.9, Max: 1.3, Diff: 0.8, Sum: 3.7]
      [Update RS (ms): Min: 0.3, Avg: 0.6, Max: 0.8, Diff: 0.5, Sum: 2.4]
         [Processed Buffers: Min: 1, Avg: 10.2, Max: 21, Diff: 20, Sum: 41]
      [Scan RS (ms): Min: 0.0, Avg: 0.0, Max: 0.0, Diff: 0.0, Sum: 0.1]
      [Code Root Scanning (ms): Min: 0.0, Avg: 0.1, Max: 0.3, Diff: 0.3, Sum: 0.3]
      [Object Copy (ms): Min: 6.8, Avg: 6.9, Max: 7.0, Diff: 0.3, Sum: 27.8]
      [Termination (ms): Min: 0.0, Avg: 0.0, Max: 0.0, Diff: 0.0, Sum: 0.0]
         [Termination Attempts: Min: 1, Avg: 1.0, Max: 1, Diff: 0, Sum: 4]
      [GC Worker Other (ms): Min: 0.0, Avg: 0.0, Max: 0.0, Diff: 0.0, Sum: 0.1]
      [GC Worker Total (ms): Min: 8.2, Avg: 8.6, Max: 8.7, Diff: 0.5, Sum: 34.4]
      [GC Worker End (ms): Min: 86163455.8, Avg: 86163455.8, Max: 86163455.8, Diff: 0.0]
   [Code Root Fixup: 0.0 ms]
   [Code Root Purge: 0.0 ms]
   [Clear CT: 0.1 ms]
   [Other: 0.6 ms]
      [Choose CSet: 0.0 ms]
      [Ref Proc: 0.2 ms]
      [Ref Enq: 0.0 ms]
      [Redirty Cards: 0.0 ms]
      [Humongous Register: 0.0 ms]
      [Humongous Reclaim: 0.0 ms]
      [Free CSet: 0.1 ms]
   [Eden: 48.0M(48.0M)->0.0B(119.0M) Survivors: 4096.0K->5120.0K Heap: 196.7M(1024.0M)->149.2M(1024.0M)]
 [Times: user=0.03 sys=0.01, real=0.01 secs] 
2019-11-23T19:42:22.057+0600: 87465.858: [GC pause (G1 Evacuation Pause) (young), 0.0198752 secs]
   [Parallel Time: 15.1 ms, GC Workers: 4]
      [GC Worker Start (ms): Min: 87465859.7, Avg: 87465859.8, Max: 87465859.9, Diff: 0.1]
      [Ext Root Scanning (ms): Min: 1.8, Avg: 4.8, Max: 11.6, Diff: 9.8, Sum: 19.2]
      [Update RS (ms): Min: 0.0, Avg: 1.1, Max: 1.5, Diff: 1.5, Sum: 4.3]
         [Processed Buffers: Min: 0, Avg: 10.5, Max: 21, Diff: 21, Sum: 42]
      [Scan RS (ms): Min: 0.0, Avg: 0.0, Max: 0.0, Diff: 0.0, Sum: 0.1]
      [Code Root Scanning (ms): Min: 0.0, Avg: 0.0, Max: 0.1, Diff: 0.1, Sum: 0.1]
      [Object Copy (ms): Min: 3.3, Avg: 7.9, Max: 9.5, Diff: 6.2, Sum: 31.7]
      [Termination (ms): Min: 0.0, Avg: 0.0, Max: 0.0, Diff: 0.0, Sum: 0.0]
         [Termination Attempts: Min: 1, Avg: 1.8, Max: 2, Diff: 1, Sum: 7]
      [GC Worker Other (ms): Min: 0.0, Avg: 1.1, Max: 2.2, Diff: 2.2, Sum: 4.3]
      [GC Worker Total (ms): Min: 14.9, Avg: 15.0, Max: 15.0, Diff: 0.2, Sum: 59.8]
      [GC Worker End (ms): Min: 87465874.7, Avg: 87465874.7, Max: 87465874.8, Diff: 0.0]
   [Code Root Fixup: 0.0 ms]
   [Code Root Purge: 0.0 ms]
   [Clear CT: 0.1 ms]
   [Other: 4.7 ms]
      [Choose CSet: 0.0 ms]
      [Ref Proc: 2.0 ms]
      [Ref Enq: 0.0 ms]
      [Redirty Cards: 0.1 ms]
      [Humongous Register: 1.6 ms]
      [Humongous Reclaim: 0.0 ms]
      [Free CSet: 0.3 ms]
   [Eden: 119.0M(119.0M)->0.0B(120.0M) Survivors: 5120.0K->6144.0K Heap: 268.2M(1024.0M)->150.1M(1024.0M)]
 [Times: user=0.02 sys=0.03, real=0.02 secs] 
2019-11-23T20:04:51.969+0600: 88815.760: [GC pause (G1 Evacuation Pause) (young), 0.0365294 secs]
   [Parallel Time: 30.6 ms, GC Workers: 4]
      [GC Worker Start (ms): Min: 88815761.6, Avg: 88815761.7, Max: 88815761.8, Diff: 0.2]
      [Ext Root Scanning (ms): Min: 3.7, Avg: 6.5, Max: 13.6, Diff: 9.9, Sum: 25.8]
      [Update RS (ms): Min: 0.0, Avg: 1.3, Max: 2.2, Diff: 2.2, Sum: 5.3]
         [Processed Buffers: Min: 0, Avg: 10.2, Max: 22, Diff: 22, Sum: 41]
      [Scan RS (ms): Min: 0.0, Avg: 0.0, Max: 0.0, Diff: 0.0, Sum: 0.1]
      [Code Root Scanning (ms): Min: 0.0, Avg: 0.0, Max: 0.1, Diff: 0.1, Sum: 0.1]
      [Object Copy (ms): Min: 15.0, Avg: 20.2, Max: 22.5, Diff: 7.5, Sum: 81.0]
      [Termination (ms): Min: 0.0, Avg: 0.8, Max: 2.1, Diff: 2.1, Sum: 3.0]
         [Termination Attempts: Min: 1, Avg: 1.0, Max: 1, Diff: 0, Sum: 4]
      [GC Worker Other (ms): Min: 0.0, Avg: 0.7, Max: 2.1, Diff: 2.1, Sum: 3.0]
      [GC Worker Total (ms): Min: 28.8, Avg: 29.6, Max: 30.5, Diff: 1.7, Sum: 118.3]
      [GC Worker End (ms): Min: 88815790.5, Avg: 88815791.3, Max: 88815792.1, Diff: 1.6]
   [Code Root Fixup: 0.0 ms]
   [Code Root Purge: 0.0 ms]
   [Clear CT: 0.5 ms]
   [Other: 5.5 ms]
      [Choose CSet: 0.0 ms]
      [Ref Proc: 3.2 ms]
      [Ref Enq: 0.0 ms]
      [Redirty Cards: 0.1 ms]
      [Humongous Register: 1.2 ms]
      [Humongous Reclaim: 0.0 ms]
      [Free CSet: 0.4 ms]
   [Eden: 120.0M(120.0M)->0.0B(46.0M) Survivors: 6144.0K->5120.0K Heap: 270.1M(1024.0M)->149.7M(1024.0M)]
 [Times: user=0.02 sys=0.05, real=0.04 secs] 
2019-11-23T20:13:30.261+0600: 89334.050: [GC pause (G1 Evacuation Pause) (young), 0.0109953 secs]
   [Parallel Time: 10.0 ms, GC Workers: 4]
      [GC Worker Start (ms): Min: 89334050.8, Avg: 89334050.8, Max: 89334050.9, Diff: 0.1]
      [Ext Root Scanning (ms): Min: 1.1, Avg: 1.5, Max: 2.4, Diff: 1.3, Sum: 5.9]
      [Update RS (ms): Min: 0.0, Avg: 0.5, Max: 0.7, Diff: 0.7, Sum: 2.0]
         [Processed Buffers: Min: 0, Avg: 10.2, Max: 16, Diff: 16, Sum: 41]
      [Scan RS (ms): Min: 0.0, Avg: 0.0, Max: 0.0, Diff: 0.0, Sum: 0.0]
      [Code Root Scanning (ms): Min: 0.0, Avg: 0.0, Max: 0.1, Diff: 0.1, Sum: 0.1]
      [Object Copy (ms): Min: 7.5, Avg: 7.8, Max: 8.0, Diff: 0.5, Sum: 31.3]
      [Termination (ms): Min: 0.0, Avg: 0.0, Max: 0.0, Diff: 0.0, Sum: 0.0]
         [Termination Attempts: Min: 1, Avg: 1.8, Max: 2, Diff: 1, Sum: 7]
      [GC Worker Other (ms): Min: 0.0, Avg: 0.0, Max: 0.1, Diff: 0.1, Sum: 0.2]
      [GC Worker Total (ms): Min: 9.9, Avg: 9.9, Max: 9.9, Diff: 0.0, Sum: 39.6]
      [GC Worker End (ms): Min: 89334060.7, Avg: 89334060.7, Max: 89334060.7, Diff: 0.0]
   [Code Root Fixup: 0.0 ms]
   [Code Root Purge: 0.0 ms]
   [Clear CT: 0.1 ms]
   [Other: 0.9 ms]
      [Choose CSet: 0.0 ms]
      [Ref Proc: 0.2 ms]
      [Ref Enq: 0.0 ms]
      [Redirty Cards: 0.0 ms]
      [Humongous Register: 0.3 ms]
      [Humongous Reclaim: 0.0 ms]
      [Free CSet: 0.1 ms]
   [Eden: 46.0M(46.0M)->0.0B(60.0M) Survivors: 5120.0K->5120.0K Heap: 195.7M(1024.0M)->149.2M(1024.0M)]
 [Times: user=0.03 sys=0.01, real=0.01 secs] 
2019-11-23T20:24:44.391+0600: 90008.179: [GC pause (G1 Evacuation Pause) (young), 0.0122243 secs]
   [Parallel Time: 9.9 ms, GC Workers: 4]
      [GC Worker Start (ms): Min: 90008178.8, Avg: 90008178.9, Max: 90008178.9, Diff: 0.0]
      [Ext Root Scanning (ms): Min: 0.5, Avg: 0.6, Max: 0.7, Diff: 0.2, Sum: 2.3]
      [Update RS (ms): Min: 1.1, Avg: 1.2, Max: 1.2, Diff: 0.1, Sum: 4.7]
         [Processed Buffers: Min: 1, Avg: 10.5, Max: 17, Diff: 16, Sum: 42]
      [Scan RS (ms): Min: 0.0, Avg: 0.0, Max: 0.0, Diff: 0.0, Sum: 0.0]
      [Code Root Scanning (ms): Min: 0.0, Avg: 0.0, Max: 0.0, Diff: 0.0, Sum: 0.0]
      [Object Copy (ms): Min: 7.1, Avg: 7.4, Max: 8.0, Diff: 0.9, Sum: 29.8]
      [Termination (ms): Min: 0.0, Avg: 0.6, Max: 0.8, Diff: 0.8, Sum: 2.4]
         [Termination Attempts: Min: 1, Avg: 1.0, Max: 1, Diff: 0, Sum: 4]
      [GC Worker Other (ms): Min: 0.0, Avg: 0.0, Max: 0.0, Diff: 0.0, Sum: 0.1]
      [GC Worker Total (ms): Min: 9.8, Avg: 9.8, Max: 9.9, Diff: 0.1, Sum: 39.3]
      [GC Worker End (ms): Min: 90008188.6, Avg: 90008188.7, Max: 90008188.7, Diff: 0.1]
   [Code Root Fixup: 0.0 ms]
   [Code Root Purge: 0.0 ms]
   [Clear CT: 1.0 ms]
   [Other: 1.3 ms]
      [Choose CSet: 0.0 ms]
      [Ref Proc: 0.9 ms]
      [Ref Enq: 0.0 ms]
      [Redirty Cards: 0.0 ms]
      [Humongous Register: 0.1 ms]
      [Humongous Reclaim: 0.0 ms]
      [Free CSet: 0.1 ms]
   [Eden: 60.0M(60.0M)->0.0B(125.0M) Survivors: 5120.0K->5120.0K Heap: 209.2M(1024.0M)->149.2M(1024.0M)]
 [Times: user=0.02 sys=0.01, real=0.01 secs] 
2019-11-23T20:47:31.765+0600: 91375.546: [GC pause (G1 Evacuation Pause) (young), 0.0310541 secs]
   [Parallel Time: 26.2 ms, GC Workers: 4]
      [GC Worker Start (ms): Min: 91375548.7, Avg: 91375548.8, Max: 91375549.0, Diff: 0.3]
      [Ext Root Scanning (ms): Min: 3.0, Avg: 5.5, Max: 12.2, Diff: 9.2, Sum: 22.1]
      [Update RS (ms): Min: 0.0, Avg: 1.1, Max: 1.5, Diff: 1.5, Sum: 4.4]
         [Processed Buffers: Min: 0, Avg: 10.5, Max: 18, Diff: 18, Sum: 42]
      [Scan RS (ms): Min: 0.0, Avg: 0.0, Max: 0.0, Diff: 0.0, Sum: 0.1]
      [Code Root Scanning (ms): Min: 0.0, Avg: 0.0, Max: 0.0, Diff: 0.0, Sum: 0.0]
      [Object Copy (ms): Min: 13.2, Avg: 18.8, Max: 21.3, Diff: 8.1, Sum: 75.1]
      [Termination (ms): Min: 0.0, Avg: 0.4, Max: 0.6, Diff: 0.6, Sum: 1.7]
         [Termination Attempts: Min: 1, Avg: 1.2, Max: 2, Diff: 1, Sum: 5]
      [GC Worker Other (ms): Min: 0.1, Avg: 0.1, Max: 0.2, Diff: 0.1, Sum: 0.4]
      [GC Worker Total (ms): Min: 25.9, Avg: 25.9, Max: 26.1, Diff: 0.2, Sum: 103.8]
      [GC Worker End (ms): Min: 91375574.7, Avg: 91375574.8, Max: 91375574.9, Diff: 0.1]
   [Code Root Fixup: 0.0 ms]
   [Code Root Purge: 0.0 ms]
   [Clear CT: 0.0 ms]
   [Other: 4.8 ms]
      [Choose CSet: 0.0 ms]
      [Ref Proc: 1.6 ms]
      [Ref Enq: 0.0 ms]
      [Redirty Cards: 0.0 ms]
      [Humongous Register: 1.4 ms]
      [Humongous Reclaim: 0.0 ms]
      [Free CSet: 0.3 ms]
   [Eden: 125.0M(125.0M)->0.0B(46.0M) Survivors: 5120.0K->5120.0K Heap: 274.2M(1024.0M)->149.7M(1024.0M)]
 [Times: user=0.02 sys=0.04, real=0.03 secs] 
2019-11-23T20:56:08.324+0600: 91892.102: [GC pause (G1 Evacuation Pause) (young), 0.0107214 secs]
   [Parallel Time: 9.8 ms, GC Workers: 4]
      [GC Worker Start (ms): Min: 91892102.4, Avg: 91892102.4, Max: 91892102.4, Diff: 0.1]
      [Ext Root Scanning (ms): Min: 0.5, Avg: 1.2, Max: 1.8, Diff: 1.3, Sum: 4.6]
      [Update RS (ms): Min: 0.0, Avg: 0.5, Max: 0.7, Diff: 0.7, Sum: 1.9]
         [Processed Buffers: Min: 2, Avg: 10.5, Max: 26, Diff: 24, Sum: 42]
      [Scan RS (ms): Min: 0.0, Avg: 0.0, Max: 0.0, Diff: 0.0, Sum: 0.0]
      [Code Root Scanning (ms): Min: 0.0, Avg: 0.0, Max: 0.0, Diff: 0.0, Sum: 0.0]
      [Object Copy (ms): Min: 7.8, Avg: 7.9, Max: 7.9, Diff: 0.1, Sum: 31.6]
      [Termination (ms): Min: 0.0, Avg: 0.0, Max: 0.0, Diff: 0.0, Sum: 0.0]
         [Termination Attempts: Min: 1, Avg: 1.0, Max: 1, Diff: 0, Sum: 4]
      [GC Worker Other (ms): Min: 0.0, Avg: 0.2, Max: 0.7, Diff: 0.7, Sum: 0.8]
      [GC Worker Total (ms): Min: 9.7, Avg: 9.7, Max: 9.8, Diff: 0.1, Sum: 38.9]
      [GC Worker End (ms): Min: 91892112.1, Avg: 91892112.1, Max: 91892112.1, Diff: 0.0]
   [Code Root Fixup: 0.0 ms]
   [Code Root Purge: 0.0 ms]
   [Clear CT: 0.1 ms]
   [Other: 0.9 ms]
      [Choose CSet: 0.0 ms]
      [Ref Proc: 0.2 ms]
      [Ref Enq: 0.0 ms]
      [Redirty Cards: 0.1 ms]
      [Humongous Register: 0.3 ms]
      [Humongous Reclaim: 0.0 ms]
      [Free CSet: 0.1 ms]
   [Eden: 46.0M(46.0M)->0.0B(98.0M) Survivors: 5120.0K->5120.0K Heap: 195.7M(1024.0M)->149.2M(1024.0M)]
 [Times: user=0.02 sys=0.01, real=0.01 secs] 
2019-11-23T21:14:33.198+0600: 92996.969: [GC pause (G1 Evacuation Pause) (young), 0.0199379 secs]
   [Parallel Time: 16.7 ms, GC Workers: 4]
      [GC Worker Start (ms): Min: 92996971.4, Avg: 92996971.5, Max: 92996971.5, Diff: 0.1]
      [Ext Root Scanning (ms): Min: 4.4, Avg: 7.0, Max: 14.8, Diff: 10.4, Sum: 28.0]
      [Update RS (ms): Min: 0.0, Avg: 1.3, Max: 1.8, Diff: 1.8, Sum: 5.2]
         [Processed Buffers: Min: 0, Avg: 10.2, Max: 20, Diff: 20, Sum: 41]
      [Scan RS (ms): Min: 0.0, Avg: 0.0, Max: 0.0, Diff: 0.0, Sum: 0.1]
      [Code Root Scanning (ms): Min: 0.0, Avg: 0.0, Max: 0.0, Diff: 0.0, Sum: 0.0]
      [Object Copy (ms): Min: 1.8, Avg: 8.1, Max: 10.3, Diff: 8.5, Sum: 32.5]
      [Termination (ms): Min: 0.0, Avg: 0.0, Max: 0.0, Diff: 0.0, Sum: 0.0]
         [Termination Attempts: Min: 1, Avg: 1.0, Max: 1, Diff: 0, Sum: 4]
      [GC Worker Other (ms): Min: 0.0, Avg: 0.1, Max: 0.1, Diff: 0.1, Sum: 0.3]
      [GC Worker Total (ms): Min: 16.5, Avg: 16.5, Max: 16.6, Diff: 0.1, Sum: 66.1]
      [GC Worker End (ms): Min: 92996988.0, Avg: 92996988.0, Max: 92996988.0, Diff: 0.0]
   [Code Root Fixup: 0.0 ms]
   [Code Root Purge: 0.0 ms]
   [Clear CT: 0.1 ms]
   [Other: 3.2 ms]
      [Choose CSet: 0.0 ms]
      [Ref Proc: 0.4 ms]
      [Ref Enq: 0.0 ms]
      [Redirty Cards: 0.0 ms]
      [Humongous Register: 1.8 ms]
      [Humongous Reclaim: 0.0 ms]
      [Free CSet: 0.3 ms]
   [Eden: 98.0M(98.0M)->0.0B(102.0M) Survivors: 5120.0K->5120.0K Heap: 247.2M(1024.0M)->149.2M(1024.0M)]
 [Times: user=0.02 sys=0.04, real=0.03 secs] 
2019-11-23T21:33:04.187+0600: 94107.952: [GC pause (G1 Evacuation Pause) (young), 0.0109697 secs]
   [Parallel Time: 10.0 ms, GC Workers: 4]
      [GC Worker Start (ms): Min: 94107952.3, Avg: 94107952.3, Max: 94107952.3, Diff: 0.1]
      [Ext Root Scanning (ms): Min: 0.7, Avg: 1.2, Max: 2.4, Diff: 1.7, Sum: 4.9]
      [Update RS (ms): Min: 0.0, Avg: 0.5, Max: 0.8, Diff: 0.8, Sum: 2.0]
         [Processed Buffers: Min: 0, Avg: 10.5, Max: 23, Diff: 23, Sum: 42]
      [Scan RS (ms): Min: 0.0, Avg: 0.0, Max: 0.1, Diff: 0.1, Sum: 0.1]
      [Code Root Scanning (ms): Min: 0.0, Avg: 0.0, Max: 0.0, Diff: 0.0, Sum: 0.0]
      [Object Copy (ms): Min: 7.5, Avg: 8.1, Max: 8.4, Diff: 0.9, Sum: 32.5]
      [Termination (ms): Min: 0.0, Avg: 0.0, Max: 0.0, Diff: 0.0, Sum: 0.0]
         [Termination Attempts: Min: 1, Avg: 1.0, Max: 1, Diff: 0, Sum: 4]
      [GC Worker Other (ms): Min: 0.0, Avg: 0.0, Max: 0.0, Diff: 0.0, Sum: 0.1]
      [GC Worker Total (ms): Min: 9.9, Avg: 9.9, Max: 9.9, Diff: 0.0, Sum: 39.6]
      [GC Worker End (ms): Min: 94107962.2, Avg: 94107962.2, Max: 94107962.2, Diff: 0.0]
   [Code Root Fixup: 0.0 ms]
   [Code Root Purge: 0.0 ms]
   [Clear CT: 0.1 ms]
   [Other: 0.8 ms]
      [Choose CSet: 0.0 ms]
      [Ref Proc: 0.5 ms]
      [Ref Enq: 0.0 ms]
      [Redirty Cards: 0.1 ms]
      [Humongous Register: 0.0 ms]
      [Humongous Reclaim: 0.0 ms]
      [Free CSet: 0.1 ms]
   [Eden: 102.0M(102.0M)->0.0B(196.0M) Survivors: 5120.0K->5120.0K Heap: 251.2M(1024.0M)->149.2M(1024.0M)]
 [Times: user=0.03 sys=0.01, real=0.01 secs] 
2019-11-23T22:23:26.346+0600: 96309.047: [GC pause (G1 Evacuation Pause) (young), 0.0320239 secs]
   [Parallel Time: 27.7 ms, GC Workers: 4]
      [GC Worker Start (ms): Min: 96309049.5, Avg: 96309049.7, Max: 96309050.1, Diff: 0.5]
      [Ext Root Scanning (ms): Min: 2.5, Avg: 4.9, Max: 11.5, Diff: 9.0, Sum: 19.7]
      [Update RS (ms): Min: 0.0, Avg: 1.9, Max: 2.7, Diff: 2.7, Sum: 7.5]
         [Processed Buffers: Min: 0, Avg: 10.8, Max: 31, Diff: 31, Sum: 43]
      [Scan RS (ms): Min: 0.0, Avg: 0.0, Max: 0.1, Diff: 0.1, Sum: 0.1]
      [Code Root Scanning (ms): Min: 0.0, Avg: 0.0, Max: 0.0, Diff: 0.0, Sum: 0.0]
      [Object Copy (ms): Min: 15.7, Avg: 20.2, Max: 22.0, Diff: 6.4, Sum: 81.0]
      [Termination (ms): Min: 0.0, Avg: 0.2, Max: 0.4, Diff: 0.4, Sum: 1.0]
         [Termination Attempts: Min: 1, Avg: 1.0, Max: 1, Diff: 0, Sum: 4]
      [GC Worker Other (ms): Min: 0.0, Avg: 0.0, Max: 0.1, Diff: 0.0, Sum: 0.2]
      [GC Worker Total (ms): Min: 27.0, Avg: 27.4, Max: 27.6, Diff: 0.6, Sum: 109.5]
      [GC Worker End (ms): Min: 96309077.0, Avg: 96309077.1, Max: 96309077.1, Diff: 0.1]
   [Code Root Fixup: 0.0 ms]
   [Code Root Purge: 0.0 ms]
   [Clear CT: 0.2 ms]
   [Other: 4.2 ms]
      [Choose CSet: 0.0 ms]
      [Ref Proc: 0.6 ms]
      [Ref Enq: 0.0 ms]
      [Redirty Cards: 0.1 ms]
      [Humongous Register: 1.5 ms]
      [Humongous Reclaim: 0.0 ms]
      [Free CSet: 0.4 ms]
   [Eden: 196.0M(196.0M)->0.0B(46.0M) Survivors: 5120.0K->5120.0K Heap: 345.2M(1024.0M)->149.2M(1024.0M)]
 [Times: user=0.03 sys=0.06, real=0.03 secs] 
2019-11-23T22:32:01.342+0600: 96824.040: [GC pause (G1 Evacuation Pause) (young), 0.0254392 secs]
   [Parallel Time: 20.7 ms, GC Workers: 4]
      [GC Worker Start (ms): Min: 96824043.0, Avg: 96824043.2, Max: 96824043.4, Diff: 0.3]
      [Ext Root Scanning (ms): Min: 4.3, Avg: 6.7, Max: 13.4, Diff: 9.1, Sum: 26.8]
      [Update RS (ms): Min: 0.0, Avg: 2.3, Max: 3.7, Diff: 3.7, Sum: 9.2]
         [Processed Buffers: Min: 0, Avg: 10.5, Max: 21, Diff: 21, Sum: 42]
      [Scan RS (ms): Min: 0.0, Avg: 0.0, Max: 0.0, Diff: 0.0, Sum: 0.1]
      [Code Root Scanning (ms): Min: 0.0, Avg: 0.0, Max: 0.0, Diff: 0.0, Sum: 0.0]
      [Object Copy (ms): Min: 6.4, Avg: 10.9, Max: 13.1, Diff: 6.7, Sum: 43.5]
      [Termination (ms): Min: 0.0, Avg: 0.4, Max: 0.8, Diff: 0.8, Sum: 1.6]
         [Termination Attempts: Min: 1, Avg: 1.2, Max: 2, Diff: 1, Sum: 5]
      [GC Worker Other (ms): Min: 0.0, Avg: 0.0, Max: 0.0, Diff: 0.0, Sum: 0.1]
      [GC Worker Total (ms): Min: 20.0, Avg: 20.3, Max: 20.6, Diff: 0.6, Sum: 81.3]
      [GC Worker End (ms): Min: 96824063.4, Avg: 96824063.5, Max: 96824063.6, Diff: 0.3]
   [Code Root Fixup: 0.0 ms]
   [Code Root Purge: 0.0 ms]
   [Clear CT: 0.1 ms]
   [Other: 4.7 ms]
      [Choose CSet: 0.0 ms]
      [Ref Proc: 0.9 ms]
      [Ref Enq: 0.0 ms]
      [Redirty Cards: 0.1 ms]
      [Humongous Register: 2.6 ms]
      [Humongous Reclaim: 0.0 ms]
      [Free CSet: 0.3 ms]
   [Eden: 46.0M(46.0M)->0.0B(46.0M) Survivors: 5120.0K->5120.0K Heap: 195.2M(1024.0M)->149.2M(1024.0M)]
 [Times: user=0.02 sys=0.03, real=0.02 secs] 
2019-11-23T22:40:01.351+0600: 97304.046: [GC pause (G1 Evacuation Pause) (young), 0.0090088 secs]
   [Parallel Time: 8.3 ms, GC Workers: 4]
      [GC Worker Start (ms): Min: 97304046.5, Avg: 97304046.5, Max: 97304046.5, Diff: 0.0]
      [Ext Root Scanning (ms): Min: 0.7, Avg: 0.9, Max: 1.0, Diff: 0.3, Sum: 3.5]
      [Update RS (ms): Min: 0.4, Avg: 0.4, Max: 0.5, Diff: 0.1, Sum: 1.8]
         [Processed Buffers: Min: 1, Avg: 10.2, Max: 20, Diff: 19, Sum: 41]
      [Scan RS (ms): Min: 0.0, Avg: 0.0, Max: 0.0, Diff: 0.0, Sum: 0.0]
      [Code Root Scanning (ms): Min: 0.0, Avg: 0.0, Max: 0.0, Diff: 0.0, Sum: 0.0]
      [Object Copy (ms): Min: 6.8, Avg: 6.9, Max: 7.0, Diff: 0.2, Sum: 27.6]
      [Termination (ms): Min: 0.0, Avg: 0.0, Max: 0.0, Diff: 0.0, Sum: 0.0]
         [Termination Attempts: Min: 1, Avg: 1.0, Max: 1, Diff: 0, Sum: 4]
      [GC Worker Other (ms): Min: 0.0, Avg: 0.0, Max: 0.0, Diff: 0.0, Sum: 0.0]
      [GC Worker Total (ms): Min: 8.2, Avg: 8.2, Max: 8.3, Diff: 0.0, Sum: 33.0]
      [GC Worker End (ms): Min: 97304054.7, Avg: 97304054.7, Max: 97304054.7, Diff: 0.0]
   [Code Root Fixup: 0.0 ms]
   [Code Root Purge: 0.0 ms]
   [Clear CT: 0.1 ms]
   [Other: 0.6 ms]
      [Choose CSet: 0.0 ms]
      [Ref Proc: 0.2 ms]
      [Ref Enq: 0.0 ms]
      [Redirty Cards: 0.1 ms]
      [Humongous Register: 0.0 ms]
      [Humongous Reclaim: 0.0 ms]
      [Free CSet: 0.1 ms]
   [Eden: 46.0M(46.0M)->0.0B(56.0M) Survivors: 5120.0K->5120.0K Heap: 195.2M(1024.0M)->149.2M(1024.0M)]
 [Times: user=0.03 sys=0.01, real=0.01 secs] 
2019-11-23T22:50:26.351+0600: 97929.044: [GC pause (G1 Evacuation Pause) (young), 0.0391377 secs]
   [Parallel Time: 34.8 ms, GC Workers: 4]
      [GC Worker Start (ms): Min: 97929046.3, Avg: 97929046.4, Max: 97929046.5, Diff: 0.2]
      [Ext Root Scanning (ms): Min: 3.5, Avg: 7.4, Max: 19.0, Diff: 15.5, Sum: 29.7]
      [Update RS (ms): Min: 0.0, Avg: 1.5, Max: 2.4, Diff: 2.4, Sum: 6.0]
         [Processed Buffers: Min: 0, Avg: 10.5, Max: 21, Diff: 21, Sum: 42]
      [Scan RS (ms): Min: 0.0, Avg: 0.0, Max: 0.0, Diff: 0.0, Sum: 0.0]
      [Code Root Scanning (ms): Min: 0.0, Avg: 0.0, Max: 0.1, Diff: 0.1, Sum: 0.1]
      [Object Copy (ms): Min: 15.5, Avg: 25.4, Max: 29.1, Diff: 13.6, Sum: 101.6]
      [Termination (ms): Min: 0.0, Avg: 0.2, Max: 0.4, Diff: 0.4, Sum: 1.0]
         [Termination Attempts: Min: 1, Avg: 1.2, Max: 2, Diff: 1, Sum: 5]
      [GC Worker Other (ms): Min: 0.0, Avg: 0.0, Max: 0.1, Diff: 0.1, Sum: 0.1]
      [GC Worker Total (ms): Min: 34.4, Avg: 34.6, Max: 34.7, Diff: 0.3, Sum: 138.5]
      [GC Worker End (ms): Min: 97929081.0, Avg: 97929081.0, Max: 97929081.1, Diff: 0.1]
   [Code Root Fixup: 0.0 ms]
   [Code Root Purge: 0.0 ms]
   [Clear CT: 0.1 ms]
   [Other: 4.2 ms]
      [Choose CSet: 0.0 ms]
      [Ref Proc: 1.3 ms]
      [Ref Enq: 0.0 ms]
      [Redirty Cards: 0.1 ms]
      [Humongous Register: 1.7 ms]
      [Humongous Reclaim: 0.0 ms]
      [Free CSet: 0.3 ms]
   [Eden: 56.0M(56.0M)->0.0B(45.0M) Survivors: 5120.0K->6144.0K Heap: 205.2M(1024.0M)->150.3M(1024.0M)]
 [Times: user=0.02 sys=0.05, real=0.04 secs] 
2019-11-23T22:58:53.410+0600: 98436.105: [GC pause (G1 Evacuation Pause) (young), 0.0289941 secs]
   [Parallel Time: 24.1 ms, GC Workers: 4]
      [GC Worker Start (ms): Min: 98436109.5, Avg: 98436109.6, Max: 98436109.7, Diff: 0.2]
      [Ext Root Scanning (ms): Min: 5.8, Avg: 9.9, Max: 22.2, Diff: 16.5, Sum: 39.7]
      [Update RS (ms): Min: 0.0, Avg: 1.4, Max: 2.0, Diff: 2.0, Sum: 5.7]
         [Processed Buffers: Min: 0, Avg: 10.2, Max: 32, Diff: 32, Sum: 41]
      [Scan RS (ms): Min: 0.0, Avg: 0.0, Max: 0.0, Diff: 0.0, Sum: 0.0]
      [Code Root Scanning (ms): Min: 0.0, Avg: 0.0, Max: 0.0, Diff: 0.0, Sum: 0.1]
      [Object Copy (ms): Min: 1.7, Avg: 12.5, Max: 16.2, Diff: 14.4, Sum: 49.9]
      [Termination (ms): Min: 0.0, Avg: 0.0, Max: 0.0, Diff: 0.0, Sum: 0.0]
         [Termination Attempts: Min: 1, Avg: 1.8, Max: 2, Diff: 1, Sum: 7]
      [GC Worker Other (ms): Min: 0.0, Avg: 0.0, Max: 0.1, Diff: 0.0, Sum: 0.2]
      [GC Worker Total (ms): Min: 23.8, Avg: 23.9, Max: 24.0, Diff: 0.2, Sum: 95.6]
      [GC Worker End (ms): Min: 98436133.5, Avg: 98436133.5, Max: 98436133.5, Diff: 0.0]
   [Code Root Fixup: 0.0 ms]
   [Code Root Purge: 0.0 ms]
   [Clear CT: 0.1 ms]
   [Other: 4.8 ms]
      [Choose CSet: 0.0 ms]
      [Ref Proc: 0.3 ms]
      [Ref Enq: 0.0 ms]
      [Redirty Cards: 0.0 ms]
      [Humongous Register: 3.6 ms]
      [Humongous Reclaim: 0.0 ms]
      [Free CSet: 0.3 ms]
   [Eden: 45.0M(45.0M)->0.0B(46.0M) Survivors: 6144.0K->5120.0K Heap: 195.3M(1024.0M)->149.8M(1024.0M)]
 [Times: user=0.02 sys=0.03, real=0.03 secs] 
2019-11-23T23:07:31.229+0600: 98953.922: [GC pause (G1 Evacuation Pause) (young), 0.0096480 secs]
   [Parallel Time: 8.5 ms, GC Workers: 4]
      [GC Worker Start (ms): Min: 98953922.6, Avg: 98953922.6, Max: 98953922.6, Diff: 0.0]
      [Ext Root Scanning (ms): Min: 1.0, Avg: 1.0, Max: 1.1, Diff: 0.2, Sum: 4.2]
      [Update RS (ms): Min: 0.4, Avg: 0.5, Max: 0.5, Diff: 0.0, Sum: 1.8]
         [Processed Buffers: Min: 1, Avg: 10.0, Max: 27, Diff: 26, Sum: 40]
      [Scan RS (ms): Min: 0.0, Avg: 0.0, Max: 0.0, Diff: 0.0, Sum: 0.0]
      [Code Root Scanning (ms): Min: 0.0, Avg: 0.0, Max: 0.0, Diff: 0.0, Sum: 0.0]
      [Object Copy (ms): Min: 6.8, Avg: 6.9, Max: 6.9, Diff: 0.1, Sum: 27.5]
      [Termination (ms): Min: 0.0, Avg: 0.0, Max: 0.0, Diff: 0.0, Sum: 0.0]
         [Termination Attempts: Min: 1, Avg: 1.0, Max: 1, Diff: 0, Sum: 4]
      [GC Worker Other (ms): Min: 0.0, Avg: 0.0, Max: 0.0, Diff: 0.0, Sum: 0.1]
      [GC Worker Total (ms): Min: 8.4, Avg: 8.4, Max: 8.4, Diff: 0.0, Sum: 33.7]
      [GC Worker End (ms): Min: 98953931.0, Avg: 98953931.0, Max: 98953931.1, Diff: 0.0]
   [Code Root Fixup: 0.0 ms]
   [Code Root Purge: 0.0 ms]
   [Clear CT: 0.1 ms]
   [Other: 1.0 ms]
      [Choose CSet: 0.0 ms]
      [Ref Proc: 0.6 ms]
      [Ref Enq: 0.0 ms]
      [Redirty Cards: 0.1 ms]
      [Humongous Register: 0.0 ms]
      [Humongous Reclaim: 0.0 ms]
      [Free CSet: 0.1 ms]
   [Eden: 46.0M(46.0M)->0.0B(46.0M) Survivors: 5120.0K->5120.0K Heap: 195.8M(1024.0M)->149.3M(1024.0M)]
 [Times: user=0.02 sys=0.00, real=0.02 secs] 
2019-11-23T23:16:09.481+0600: 99472.173: [GC pause (G1 Evacuation Pause) (young), 0.0063414 secs]
   [Parallel Time: 5.1 ms, GC Workers: 4]
      [GC Worker Start (ms): Min: 99472172.9, Avg: 99472172.9, Max: 99472172.9, Diff: 0.1]
      [Ext Root Scanning (ms): Min: 0.5, Avg: 0.5, Max: 0.7, Diff: 0.2, Sum: 2.1]
      [Update RS (ms): Min: 0.4, Avg: 0.4, Max: 0.4, Diff: 0.0, Sum: 1.7]
         [Processed Buffers: Min: 3, Avg: 10.5, Max: 18, Diff: 15, Sum: 42]
      [Scan RS (ms): Min: 0.0, Avg: 0.0, Max: 0.0, Diff: 0.0, Sum: 0.0]
      [Code Root Scanning (ms): Min: 0.0, Avg: 0.0, Max: 0.0, Diff: 0.0, Sum: 0.0]
      [Object Copy (ms): Min: 3.9, Avg: 4.1, Max: 4.1, Diff: 0.2, Sum: 16.3]
      [Termination (ms): Min: 0.0, Avg: 0.0, Max: 0.0, Diff: 0.0, Sum: 0.0]
         [Termination Attempts: Min: 1, Avg: 1.0, Max: 1, Diff: 0, Sum: 4]
      [GC Worker Other (ms): Min: 0.0, Avg: 0.0, Max: 0.0, Diff: 0.0, Sum: 0.1]
      [GC Worker Total (ms): Min: 5.0, Avg: 5.1, Max: 5.1, Diff: 0.1, Sum: 20.2]
      [GC Worker End (ms): Min: 99472178.0, Avg: 99472178.0, Max: 99472178.0, Diff: 0.0]
   [Code Root Fixup: 0.0 ms]
   [Code Root Purge: 0.0 ms]
   [Clear CT: 0.1 ms]
   [Other: 1.2 ms]
      [Choose CSet: 0.0 ms]
      [Ref Proc: 0.8 ms]
      [Ref Enq: 0.0 ms]
      [Redirty Cards: 0.0 ms]
      [Humongous Register: 0.0 ms]
      [Humongous Reclaim: 0.0 ms]
      [Free CSet: 0.0 ms]
   [Eden: 46.0M(46.0M)->0.0B(117.0M) Survivors: 5120.0K->5120.0K Heap: 195.3M(1024.0M)->149.3M(1024.0M)]
 [Times: user=0.02 sys=0.00, real=0.00 secs] 
2019-11-23T23:38:06.370+0600: 100789.046: [GC pause (G1 Evacuation Pause) (young), 0.0227863 secs]
   [Parallel Time: 19.3 ms, GC Workers: 4]
      [GC Worker Start (ms): Min: 100789048.4, Avg: 100789048.4, Max: 100789048.5, Diff: 0.1]
      [Ext Root Scanning (ms): Min: 2.6, Avg: 5.8, Max: 14.5, Diff: 11.8, Sum: 23.3]
      [Update RS (ms): Min: 0.0, Avg: 1.5, Max: 2.2, Diff: 2.2, Sum: 6.1]
         [Processed Buffers: Min: 0, Avg: 10.8, Max: 25, Diff: 25, Sum: 43]
      [Scan RS (ms): Min: 0.0, Avg: 0.0, Max: 0.0, Diff: 0.0, Sum: 0.1]
      [Code Root Scanning (ms): Min: 0.0, Avg: 0.0, Max: 0.0, Diff: 0.0, Sum: 0.0]
      [Object Copy (ms): Min: 4.7, Avg: 10.9, Max: 13.2, Diff: 8.5, Sum: 43.7]
      [Termination (ms): Min: 0.0, Avg: 0.4, Max: 0.5, Diff: 0.5, Sum: 1.6]
         [Termination Attempts: Min: 1, Avg: 1.0, Max: 1, Diff: 0, Sum: 4]
      [GC Worker Other (ms): Min: 0.0, Avg: 0.4, Max: 0.9, Diff: 0.9, Sum: 1.7]
      [GC Worker Total (ms): Min: 19.0, Avg: 19.1, Max: 19.2, Diff: 0.1, Sum: 76.4]
      [GC Worker End (ms): Min: 100789067.5, Avg: 100789067.5, Max: 100789067.5, Diff: 0.0]
   [Code Root Fixup: 0.0 ms]
   [Code Root Purge: 0.0 ms]
   [Clear CT: 0.1 ms]
   [Other: 3.3 ms]
      [Choose CSet: 0.0 ms]
      [Ref Proc: 0.5 ms]
      [Ref Enq: 0.0 ms]
      [Redirty Cards: 0.1 ms]
      [Humongous Register: 1.6 ms]
      [Humongous Reclaim: 0.0 ms]
      [Free CSet: 0.4 ms]
   [Eden: 117.0M(117.0M)->0.0B(75.0M) Survivors: 5120.0K->4096.0K Heap: 266.3M(1024.0M)->148.8M(1024.0M)]
 [Times: user=0.02 sys=0.04, real=0.02 secs] 
2019-11-23T23:51:31.375+0600: 101594.046: [GC pause (G1 Evacuation Pause) (young), 0.0079005 secs]
   [Parallel Time: 7.1 ms, GC Workers: 4]
      [GC Worker Start (ms): Min: 101594046.3, Avg: 101594046.3, Max: 101594046.4, Diff: 0.1]
      [Ext Root Scanning (ms): Min: 0.7, Avg: 0.9, Max: 1.0, Diff: 0.3, Sum: 3.7]
      [Update RS (ms): Min: 0.1, Avg: 0.5, Max: 1.1, Diff: 0.9, Sum: 2.1]
         [Processed Buffers: Min: 1, Avg: 10.5, Max: 19, Diff: 18, Sum: 42]
      [Scan RS (ms): Min: 0.0, Avg: 0.0, Max: 0.0, Diff: 0.0, Sum: 0.0]
      [Code Root Scanning (ms): Min: 0.0, Avg: 0.0, Max: 0.0, Diff: 0.0, Sum: 0.0]
      [Object Copy (ms): Min: 5.0, Avg: 5.1, Max: 5.6, Diff: 0.6, Sum: 20.5]
      [Termination (ms): Min: 0.0, Avg: 0.3, Max: 0.6, Diff: 0.6, Sum: 1.2]
         [Termination Attempts: Min: 1, Avg: 1.0, Max: 1, Diff: 0, Sum: 4]
      [GC Worker Other (ms): Min: 0.0, Avg: 0.2, Max: 0.6, Diff: 0.6, Sum: 0.7]
      [GC Worker Total (ms): Min: 7.0, Avg: 7.1, Max: 7.1, Diff: 0.1, Sum: 28.3]
      [GC Worker End (ms): Min: 101594053.4, Avg: 101594053.4, Max: 101594053.4, Diff: 0.0]
   [Code Root Fixup: 0.0 ms]
   [Code Root Purge: 0.0 ms]
   [Clear CT: 0.1 ms]
   [Other: 0.7 ms]
      [Choose CSet: 0.0 ms]
      [Ref Proc: 0.4 ms]
      [Ref Enq: 0.0 ms]
      [Redirty Cards: 0.0 ms]
      [Humongous Register: 0.0 ms]
      [Humongous Reclaim: 0.0 ms]
      [Free CSet: 0.0 ms]
   [Eden: 75.0M(75.0M)->0.0B(222.0M) Survivors: 4096.0K->5120.0K Heap: 223.8M(1024.0M)->149.3M(1024.0M)]
 [Times: user=0.02 sys=0.00, real=0.01 secs] 
2019-11-24T00:33:19.330+0600: 104101.996: [GC pause (G1 Evacuation Pause) (young), 0.0424528 secs]
   [Parallel Time: 36.8 ms, GC Workers: 4]
      [GC Worker Start (ms): Min: 104101998.5, Avg: 104101998.6, Max: 104101998.7, Diff: 0.2]
      [Ext Root Scanning (ms): Min: 2.7, Avg: 5.2, Max: 12.4, Diff: 9.7, Sum: 20.8]
      [Update RS (ms): Min: 0.0, Avg: 1.1, Max: 1.7, Diff: 1.7, Sum: 4.2]
         [Processed Buffers: Min: 0, Avg: 10.2, Max: 25, Diff: 25, Sum: 41]
      [Scan RS (ms): Min: 0.0, Avg: 0.0, Max: 0.1, Diff: 0.1, Sum: 0.1]
      [Code Root Scanning (ms): Min: 0.0, Avg: 0.0, Max: 0.0, Diff: 0.0, Sum: 0.0]
      [Object Copy (ms): Min: 23.6, Avg: 29.8, Max: 32.4, Diff: 8.8, Sum: 119.0]
      [Termination (ms): Min: 0.0, Avg: 0.4, Max: 0.6, Diff: 0.6, Sum: 1.7]
         [Termination Attempts: Min: 1, Avg: 1.2, Max: 2, Diff: 1, Sum: 5]
      [GC Worker Other (ms): Min: 0.0, Avg: 0.0, Max: 0.0, Diff: 0.0, Sum: 0.1]
      [GC Worker Total (ms): Min: 36.4, Avg: 36.5, Max: 36.6, Diff: 0.2, Sum: 146.0]
      [GC Worker End (ms): Min: 104102035.1, Avg: 104102035.1, Max: 104102035.2, Diff: 0.1]
   [Code Root Fixup: 0.0 ms]
   [Code Root Purge: 0.0 ms]
   [Clear CT: 0.2 ms]
   [Other: 5.5 ms]
      [Choose CSet: 0.0 ms]
      [Ref Proc: 1.9 ms]
      [Ref Enq: 0.0 ms]
      [Redirty Cards: 0.1 ms]
      [Humongous Register: 1.2 ms]
      [Humongous Reclaim: 0.0 ms]
      [Free CSet: 0.7 ms]
   [Eden: 222.0M(222.0M)->0.0B(46.0M) Survivors: 5120.0K->5120.0K Heap: 371.3M(1024.0M)->149.3M(1024.0M)]
 [Times: user=0.03 sys=0.06, real=0.04 secs] 
2019-11-24T00:41:22.498+0600: 104585.165: [GC pause (G1 Evacuation Pause) (young), 0.0103155 secs]
   [Parallel Time: 9.6 ms, GC Workers: 4]
      [GC Worker Start (ms): Min: 104585165.2, Avg: 104585165.2, Max: 104585165.2, Diff: 0.0]
      [Ext Root Scanning (ms): Min: 0.7, Avg: 0.8, Max: 0.9, Diff: 0.2, Sum: 3.2]
      [Update RS (ms): Min: 0.3, Avg: 0.4, Max: 0.6, Diff: 0.2, Sum: 1.8]
         [Processed Buffers: Min: 1, Avg: 10.2, Max: 19, Diff: 18, Sum: 41]
      [Scan RS (ms): Min: 0.0, Avg: 0.0, Max: 0.0, Diff: 0.0, Sum: 0.0]
      [Code Root Scanning (ms): Min: 0.0, Avg: 0.0, Max: 0.0, Diff: 0.0, Sum: 0.0]
      [Object Copy (ms): Min: 8.0, Avg: 8.3, Max: 8.5, Diff: 0.5, Sum: 33.0]
      [Termination (ms): Min: 0.0, Avg: 0.0, Max: 0.0, Diff: 0.0, Sum: 0.1]
         [Termination Attempts: Min: 1, Avg: 1.8, Max: 2, Diff: 1, Sum: 7]
      [GC Worker Other (ms): Min: 0.0, Avg: 0.0, Max: 0.0, Diff: 0.0, Sum: 0.1]
      [GC Worker Total (ms): Min: 9.5, Avg: 9.5, Max: 9.5, Diff: 0.0, Sum: 38.1]
      [GC Worker End (ms): Min: 104585174.7, Avg: 104585174.7, Max: 104585174.7, Diff: 0.0]
   [Code Root Fixup: 0.0 ms]
   [Code Root Purge: 0.0 ms]
   [Clear CT: 0.0 ms]
   [Other: 0.7 ms]
      [Choose CSet: 0.0 ms]
      [Ref Proc: 0.4 ms]
      [Ref Enq: 0.0 ms]
      [Redirty Cards: 0.0 ms]
      [Humongous Register: 0.0 ms]
      [Humongous Reclaim: 0.0 ms]
      [Free CSet: 0.0 ms]
   [Eden: 46.0M(46.0M)->0.0B(47.0M) Survivors: 5120.0K->4096.0K Heap: 195.3M(1024.0M)->148.8M(1024.0M)]
 [Times: user=0.02 sys=0.01, real=0.01 secs] 
2019-11-24T00:50:06.380+0600: 105109.045: [GC pause (G1 Evacuation Pause) (young), 0.0087124 secs]
   [Parallel Time: 7.7 ms, GC Workers: 4]
      [GC Worker Start (ms): Min: 105109045.5, Avg: 105109045.7, Max: 105109046.1, Diff: 0.6]
      [Ext Root Scanning (ms): Min: 0.0, Avg: 0.8, Max: 2.1, Diff: 2.1, Sum: 3.2]
      [Update RS (ms): Min: 0.0, Avg: 0.3, Max: 0.4, Diff: 0.4, Sum: 1.1]
         [Processed Buffers: Min: 0, Avg: 10.5, Max: 24, Diff: 24, Sum: 42]
      [Scan RS (ms): Min: 0.0, Avg: 0.0, Max: 0.0, Diff: 0.0, Sum: 0.0]
      [Code Root Scanning (ms): Min: 0.0, Avg: 0.0, Max: 0.0, Diff: 0.0, Sum: 0.0]
      [Object Copy (ms): Min: 4.9, Avg: 6.0, Max: 6.7, Diff: 1.7, Sum: 23.8]
      [Termination (ms): Min: 0.0, Avg: 0.4, Max: 0.6, Diff: 0.6, Sum: 1.7]
         [Termination Attempts: Min: 1, Avg: 1.0, Max: 1, Diff: 0, Sum: 4]
      [GC Worker Other (ms): Min: 0.0, Avg: 0.0, Max: 0.0, Diff: 0.0, Sum: 0.1]
      [GC Worker Total (ms): Min: 7.0, Avg: 7.5, Max: 7.7, Diff: 0.6, Sum: 30.0]
      [GC Worker End (ms): Min: 105109053.1, Avg: 105109053.2, Max: 105109053.2, Diff: 0.1]
   [Code Root Fixup: 0.0 ms]
   [Code Root Purge: 0.0 ms]
   [Clear CT: 0.0 ms]
   [Other: 1.0 ms]
      [Choose CSet: 0.0 ms]
      [Ref Proc: 0.7 ms]
      [Ref Enq: 0.0 ms]
      [Redirty Cards: 0.0 ms]
      [Humongous Register: 0.0 ms]
      [Humongous Reclaim: 0.0 ms]
      [Free CSet: 0.0 ms]
   [Eden: 47.0M(47.0M)->0.0B(105.0M) Survivors: 4096.0K->5120.0K Heap: 195.8M(1024.0M)->149.3M(1024.0M)]
 [Times: user=0.02 sys=0.01, real=0.01 secs] 
2019-11-24T01:09:50.778+0600: 106293.444: [GC pause (G1 Evacuation Pause) (young), 0.0247639 secs]
   [Parallel Time: 20.1 ms, GC Workers: 4]
      [GC Worker Start (ms): Min: 106293447.1, Avg: 106293447.2, Max: 106293447.4, Diff: 0.3]
      [Ext Root Scanning (ms): Min: 2.9, Avg: 6.4, Max: 14.7, Diff: 11.9, Sum: 25.6]
      [Update RS (ms): Min: 0.0, Avg: 1.1, Max: 1.4, Diff: 1.4, Sum: 4.3]
         [Processed Buffers: Min: 0, Avg: 10.5, Max: 22, Diff: 22, Sum: 42]
      [Scan RS (ms): Min: 0.0, Avg: 0.0, Max: 0.0, Diff: 0.0, Sum: 0.1]
      [Code Root Scanning (ms): Min: 0.0, Avg: 0.0, Max: 0.0, Diff: 0.0, Sum: 0.0]
      [Object Copy (ms): Min: 2.8, Avg: 9.3, Max: 11.8, Diff: 9.0, Sum: 37.1]
      [Termination (ms): Min: 0.0, Avg: 0.5, Max: 1.0, Diff: 1.0, Sum: 2.0]
         [Termination Attempts: Min: 1, Avg: 1.0, Max: 1, Diff: 0, Sum: 4]
      [GC Worker Other (ms): Min: 2.1, Avg: 2.5, Max: 3.2, Diff: 1.1, Sum: 9.9]
      [GC Worker Total (ms): Min: 19.5, Avg: 19.7, Max: 20.0, Diff: 0.4, Sum: 78.9]
      [GC Worker End (ms): Min: 106293466.7, Avg: 106293466.9, Max: 106293467.1, Diff: 0.4]
   [Code Root Fixup: 0.0 ms]
   [Code Root Purge: 0.0 ms]
   [Clear CT: 0.1 ms]
   [Other: 4.5 ms]
      [Choose CSet: 0.0 ms]
      [Ref Proc: 1.3 ms]
      [Ref Enq: 0.0 ms]
      [Redirty Cards: 0.0 ms]
      [Humongous Register: 2.3 ms]
      [Humongous Reclaim: 0.0 ms]
      [Free CSet: 0.3 ms]
   [Eden: 105.0M(105.0M)->0.0B(47.0M) Survivors: 5120.0K->4096.0K Heap: 254.3M(1024.0M)->148.8M(1024.0M)]
 [Times: user=0.02 sys=0.03, real=0.03 secs] 
2019-11-24T01:18:46.123+0600: 106828.788: [GC pause (G1 Evacuation Pause) (young), 0.0132432 secs]
   [Parallel Time: 12.1 ms, GC Workers: 4]
      [GC Worker Start (ms): Min: 106828789.0, Avg: 106828789.4, Max: 106828789.9, Diff: 0.9]
      [Ext Root Scanning (ms): Min: 1.0, Avg: 2.1, Max: 3.4, Diff: 2.5, Sum: 8.3]
      [Update RS (ms): Min: 0.0, Avg: 0.4, Max: 0.8, Diff: 0.8, Sum: 1.7]
         [Processed Buffers: Min: 0, Avg: 10.8, Max: 25, Diff: 25, Sum: 43]
      [Scan RS (ms): Min: 0.0, Avg: 0.0, Max: 0.0, Diff: 0.0, Sum: 0.0]
      [Code Root Scanning (ms): Min: 0.0, Avg: 0.0, Max: 0.0, Diff: 0.0, Sum: 0.0]
      [Object Copy (ms): Min: 7.9, Avg: 8.7, Max: 9.3, Diff: 1.4, Sum: 34.6]
      [Termination (ms): Min: 0.0, Avg: 0.5, Max: 0.6, Diff: 0.6, Sum: 1.8]
         [Termination Attempts: Min: 1, Avg: 1.0, Max: 1, Diff: 0, Sum: 4]
      [GC Worker Other (ms): Min: 0.0, Avg: 0.0, Max: 0.0, Diff: 0.0, Sum: 0.1]
      [GC Worker Total (ms): Min: 11.0, Avg: 11.7, Max: 12.0, Diff: 1.0, Sum: 46.6]
      [GC Worker End (ms): Min: 106828800.9, Avg: 106828801.0, Max: 106828801.1, Diff: 0.1]
   [Code Root Fixup: 0.0 ms]
   [Code Root Purge: 0.0 ms]
   [Clear CT: 0.0 ms]
   [Other: 1.1 ms]
      [Choose CSet: 0.0 ms]
      [Ref Proc: 0.3 ms]
      [Ref Enq: 0.0 ms]
      [Redirty Cards: 0.1 ms]
      [Humongous Register: 0.3 ms]
      [Humongous Reclaim: 0.0 ms]
      [Free CSet: 0.1 ms]
   [Eden: 47.0M(47.0M)->0.0B(105.0M) Survivors: 4096.0K->5120.0K Heap: 195.8M(1024.0M)->149.3M(1024.0M)]
 [Times: user=0.02 sys=0.01, real=0.01 secs] 
2019-11-24T01:38:26.354+0600: 108009.018: [GC pause (G1 Evacuation Pause) (young), 0.0124730 secs]
   [Parallel Time: 10.5 ms, GC Workers: 4]
      [GC Worker Start (ms): Min: 108009018.1, Avg: 108009018.1, Max: 108009018.1, Diff: 0.0]
      [Ext Root Scanning (ms): Min: 1.6, Avg: 1.8, Max: 2.0, Diff: 0.4, Sum: 7.4]
      [Update RS (ms): Min: 0.3, Avg: 0.5, Max: 0.7, Diff: 0.3, Sum: 1.9]
         [Processed Buffers: Min: 6, Avg: 10.5, Max: 15, Diff: 9, Sum: 42]
      [Scan RS (ms): Min: 0.0, Avg: 0.0, Max: 0.0, Diff: 0.0, Sum: 0.0]
      [Code Root Scanning (ms): Min: 0.0, Avg: 0.0, Max: 0.0, Diff: 0.0, Sum: 0.0]
      [Object Copy (ms): Min: 7.4, Avg: 7.6, Max: 7.8, Diff: 0.4, Sum: 30.6]
      [Termination (ms): Min: 0.0, Avg: 0.3, Max: 0.5, Diff: 0.5, Sum: 1.1]
         [Termination Attempts: Min: 2, Avg: 4.0, Max: 5, Diff: 3, Sum: 16]
      [GC Worker Other (ms): Min: 0.0, Avg: 0.0, Max: 0.1, Diff: 0.0, Sum: 0.2]
      [GC Worker Total (ms): Min: 10.3, Avg: 10.3, Max: 10.4, Diff: 0.1, Sum: 41.2]
      [GC Worker End (ms): Min: 108009028.4, Avg: 108009028.4, Max: 108009028.5, Diff: 0.1]
   [Code Root Fixup: 0.0 ms]
   [Code Root Purge: 0.0 ms]
   [Clear CT: 0.1 ms]
   [Other: 1.9 ms]
      [Choose CSet: 0.0 ms]
      [Ref Proc: 1.2 ms]
      [Ref Enq: 0.0 ms]
      [Redirty Cards: 0.0 ms]
      [Humongous Register: 0.2 ms]
      [Humongous Reclaim: 0.0 ms]
      [Free CSet: 0.1 ms]
   [Eden: 105.0M(105.0M)->0.0B(204.0M) Survivors: 5120.0K->5120.0K Heap: 254.3M(1024.0M)->149.8M(1024.0M)]
 [Times: user=0.03 sys=0.01, real=0.01 secs] 
2019-11-24T02:16:06.386+0600: 110269.045: [GC pause (G1 Evacuation Pause) (young), 0.0254889 secs]
   [Parallel Time: 19.9 ms, GC Workers: 4]
      [GC Worker Start (ms): Min: 110269046.6, Avg: 110269046.7, Max: 110269046.8, Diff: 0.2]
      [Ext Root Scanning (ms): Min: 2.9, Avg: 6.6, Max: 17.4, Diff: 14.5, Sum: 26.3]
      [Update RS (ms): Min: 0.0, Avg: 1.3, Max: 1.8, Diff: 1.8, Sum: 5.1]
         [Processed Buffers: Min: 0, Avg: 10.2, Max: 17, Diff: 17, Sum: 41]
      [Scan RS (ms): Min: 0.0, Avg: 0.0, Max: 0.1, Diff: 0.0, Sum: 0.1]
      [Code Root Scanning (ms): Min: 0.0, Avg: 0.0, Max: 0.0, Diff: 0.0, Sum: 0.0]
      [Object Copy (ms): Min: 2.4, Avg: 11.8, Max: 14.9, Diff: 12.6, Sum: 47.1]
      [Termination (ms): Min: 0.0, Avg: 0.0, Max: 0.0, Diff: 0.0, Sum: 0.0]
         [Termination Attempts: Min: 1, Avg: 1.0, Max: 1, Diff: 0, Sum: 4]
      [GC Worker Other (ms): Min: 0.0, Avg: 0.0, Max: 0.0, Diff: 0.0, Sum: 0.2]
      [GC Worker Total (ms): Min: 19.6, Avg: 19.7, Max: 19.8, Diff: 0.2, Sum: 78.8]
      [GC Worker End (ms): Min: 110269066.4, Avg: 110269066.4, Max: 110269066.4, Diff: 0.0]
   [Code Root Fixup: 0.0 ms]
   [Code Root Purge: 2.4 ms]
   [Clear CT: 0.1 ms]
   [Other: 3.1 ms]
      [Choose CSet: 0.0 ms]
      [Ref Proc: 0.5 ms]
      [Ref Enq: 0.0 ms]
      [Redirty Cards: 0.1 ms]
      [Humongous Register: 1.5 ms]
      [Humongous Reclaim: 0.0 ms]
      [Free CSet: 0.4 ms]
   [Eden: 204.0M(204.0M)->0.0B(74.0M) Survivors: 5120.0K->5120.0K Heap: 353.8M(1024.0M)->149.8M(1024.0M)]
 [Times: user=0.02 sys=0.04, real=0.03 secs] 
2019-11-24T02:30:00.940+0600: 111103.590: [GC pause (G1 Evacuation Pause) (young), 0.0114354 secs]
   [Parallel Time: 9.1 ms, GC Workers: 4]
      [GC Worker Start (ms): Min: 111103590.2, Avg: 111103590.2, Max: 111103590.2, Diff: 0.0]
      [Ext Root Scanning (ms): Min: 0.7, Avg: 0.9, Max: 1.5, Diff: 0.9, Sum: 3.6]
      [Update RS (ms): Min: 0.0, Avg: 0.6, Max: 1.1, Diff: 1.1, Sum: 2.5]
         [Processed Buffers: Min: 0, Avg: 10.5, Max: 24, Diff: 24, Sum: 42]
      [Scan RS (ms): Min: 0.0, Avg: 0.0, Max: 0.0, Diff: 0.0, Sum: 0.0]
      [Code Root Scanning (ms): Min: 0.0, Avg: 0.0, Max: 0.0, Diff: 0.0, Sum: 0.0]
      [Object Copy (ms): Min: 6.6, Avg: 6.9, Max: 7.5, Diff: 0.9, Sum: 27.7]
      [Termination (ms): Min: 0.0, Avg: 0.5, Max: 0.7, Diff: 0.7, Sum: 2.0]
         [Termination Attempts: Min: 1, Avg: 1.0, Max: 1, Diff: 0, Sum: 4]
      [GC Worker Other (ms): Min: 0.0, Avg: 0.0, Max: 0.0, Diff: 0.0, Sum: 0.1]
      [GC Worker Total (ms): Min: 8.9, Avg: 9.0, Max: 9.0, Diff: 0.1, Sum: 35.8]
      [GC Worker End (ms): Min: 111103599.1, Avg: 111103599.2, Max: 111103599.2, Diff: 0.0]
   [Code Root Fixup: 0.0 ms]
   [Code Root Purge: 0.0 ms]
   [Clear CT: 0.2 ms]
   [Other: 2.2 ms]
      [Choose CSet: 0.0 ms]
      [Ref Proc: 1.3 ms]
      [Ref Enq: 0.0 ms]
      [Redirty Cards: 0.1 ms]
      [Humongous Register: 0.3 ms]
      [Humongous Reclaim: 0.0 ms]
      [Free CSet: 0.1 ms]
   [Eden: 74.0M(74.0M)->0.0B(255.0M) Survivors: 5120.0K->5120.0K Heap: 223.8M(1024.0M)->149.3M(1024.0M)]
 [Times: user=0.03 sys=0.01, real=0.01 secs] 
2019-11-24T03:17:24.422+0600: 113947.061: [GC pause (G1 Evacuation Pause) (young), 0.0899550 secs]
   [Parallel Time: 82.7 ms, GC Workers: 4]
      [GC Worker Start (ms): Min: 113947062.9, Avg: 113947063.0, Max: 113947063.1, Diff: 0.1]
      [Ext Root Scanning (ms): Min: 3.1, Avg: 7.2, Max: 18.2, Diff: 15.2, Sum: 28.7]
      [Update RS (ms): Min: 0.0, Avg: 1.4, Max: 2.4, Diff: 2.4, Sum: 5.4]
         [Processed Buffers: Min: 0, Avg: 10.5, Max: 20, Diff: 20, Sum: 42]
      [Scan RS (ms): Min: 0.0, Avg: 0.0, Max: 0.1, Diff: 0.1, Sum: 0.1]
      [Code Root Scanning (ms): Min: 0.0, Avg: 0.0, Max: 0.0, Diff: 0.0, Sum: 0.0]
      [Object Copy (ms): Min: 60.7, Avg: 71.0, Max: 74.7, Diff: 13.9, Sum: 284.0]
      [Termination (ms): Min: 0.0, Avg: 1.7, Max: 3.5, Diff: 3.5, Sum: 6.9]
         [Termination Attempts: Min: 1, Avg: 1.0, Max: 1, Diff: 0, Sum: 4]
      [GC Worker Other (ms): Min: 0.0, Avg: 0.0, Max: 0.0, Diff: 0.0, Sum: 0.2]
      [GC Worker Total (ms): Min: 80.2, Avg: 81.3, Max: 82.5, Diff: 2.4, Sum: 325.4]
      [GC Worker End (ms): Min: 113947143.1, Avg: 113947144.3, Max: 113947145.5, Diff: 2.4]
   [Code Root Fixup: 0.0 ms]
   [Code Root Purge: 0.0 ms]
   [Clear CT: 0.2 ms]
   [Other: 7.1 ms]
      [Choose CSet: 0.0 ms]
      [Ref Proc: 4.7 ms]
      [Ref Enq: 0.0 ms]
      [Redirty Cards: 0.0 ms]
      [Humongous Register: 1.2 ms]
      [Humongous Reclaim: 0.0 ms]
      [Free CSet: 0.5 ms]
   [Eden: 255.0M(255.0M)->0.0B(46.0M) Survivors: 5120.0K->5120.0K Heap: 404.3M(1024.0M)->149.9M(1024.0M)]
 [Times: user=0.03 sys=0.09, real=0.09 secs] 
2019-11-24T03:26:06.410+0600: 114469.047: [GC pause (G1 Evacuation Pause) (young), 0.0116737 secs]
   [Parallel Time: 10.1 ms, GC Workers: 4]
      [GC Worker Start (ms): Min: 114469047.9, Avg: 114469047.9, Max: 114469048.0, Diff: 0.1]
      [Ext Root Scanning (ms): Min: 0.9, Avg: 1.3, Max: 2.1, Diff: 1.2, Sum: 5.4]
      [Update RS (ms): Min: 0.0, Avg: 0.5, Max: 0.9, Diff: 0.9, Sum: 2.0]
         [Processed Buffers: Min: 0, Avg: 10.5, Max: 27, Diff: 27, Sum: 42]
      [Scan RS (ms): Min: 0.0, Avg: 0.0, Max: 0.0, Diff: 0.0, Sum: 0.0]
      [Code Root Scanning (ms): Min: 0.0, Avg: 0.0, Max: 0.0, Diff: 0.0, Sum: 0.0]
      [Object Copy (ms): Min: 7.4, Avg: 7.7, Max: 8.0, Diff: 0.6, Sum: 30.6]
      [Termination (ms): Min: 0.0, Avg: 0.3, Max: 0.5, Diff: 0.5, Sum: 1.3]
         [Termination Attempts: Min: 1, Avg: 1.0, Max: 1, Diff: 0, Sum: 4]
      [GC Worker Other (ms): Min: 0.0, Avg: 0.0, Max: 0.0, Diff: 0.0, Sum: 0.1]
      [GC Worker Total (ms): Min: 9.7, Avg: 9.8, Max: 9.9, Diff: 0.2, Sum: 39.4]
      [GC Worker End (ms): Min: 114469057.7, Avg: 114469057.8, Max: 114469057.9, Diff: 0.2]
   [Code Root Fixup: 0.0 ms]
   [Code Root Purge: 0.0 ms]
   [Clear CT: 0.0 ms]
   [Other: 1.5 ms]
      [Choose CSet: 0.0 ms]
      [Ref Proc: 0.8 ms]
      [Ref Enq: 0.0 ms]
      [Redirty Cards: 0.0 ms]
      [Humongous Register: 0.4 ms]
      [Humongous Reclaim: 0.0 ms]
      [Free CSet: 0.1 ms]
   [Eden: 46.0M(46.0M)->0.0B(46.0M) Survivors: 5120.0K->5120.0K Heap: 195.9M(1024.0M)->149.4M(1024.0M)]
 [Times: user=0.02 sys=0.01, real=0.01 secs] 
2019-11-24T03:34:45.795+0600: 114988.433: [GC pause (G1 Evacuation Pause) (young), 0.0244273 secs]
   [Parallel Time: 22.4 ms, GC Workers: 4]
      [GC Worker Start (ms): Min: 114988432.7, Avg: 114988432.8, Max: 114988432.9, Diff: 0.1]
      [Ext Root Scanning (ms): Min: 0.4, Avg: 2.3, Max: 7.4, Diff: 7.0, Sum: 9.1]
      [Update RS (ms): Min: 0.0, Avg: 0.5, Max: 1.1, Diff: 1.1, Sum: 2.1]
         [Processed Buffers: Min: 0, Avg: 10.5, Max: 21, Diff: 21, Sum: 42]
      [Scan RS (ms): Min: 0.0, Avg: 0.0, Max: 0.0, Diff: 0.0, Sum: 0.0]
      [Code Root Scanning (ms): Min: 0.0, Avg: 0.0, Max: 0.0, Diff: 0.0, Sum: 0.0]
      [Object Copy (ms): Min: 9.6, Avg: 13.8, Max: 15.6, Diff: 5.9, Sum: 55.1]
      [Termination (ms): Min: 0.0, Avg: 1.8, Max: 6.1, Diff: 6.1, Sum: 7.4]
         [Termination Attempts: Min: 1, Avg: 1.0, Max: 1, Diff: 0, Sum: 4]
      [GC Worker Other (ms): Min: 0.0, Avg: 0.0, Max: 0.0, Diff: 0.0, Sum: 0.1]
      [GC Worker Total (ms): Min: 17.1, Avg: 18.4, Max: 22.3, Diff: 5.3, Sum: 73.8]
      [GC Worker End (ms): Min: 114988449.9, Avg: 114988451.3, Max: 114988455.1, Diff: 5.2]
   [Code Root Fixup: 0.0 ms]
   [Code Root Purge: 0.0 ms]
   [Clear CT: 1.1 ms]
   [Other: 0.9 ms]
      [Choose CSet: 0.0 ms]
      [Ref Proc: 0.5 ms]
      [Ref Enq: 0.0 ms]
      [Redirty Cards: 0.1 ms]
      [Humongous Register: 0.0 ms]
      [Humongous Reclaim: 0.0 ms]
      [Free CSet: 0.1 ms]
   [Eden: 46.0M(46.0M)->0.0B(46.0M) Survivors: 5120.0K->5120.0K Heap: 195.4M(1024.0M)->149.9M(1024.0M)]
 [Times: user=0.02 sys=0.01, real=0.03 secs] 
2019-11-24T03:42:37.412+0600: 115460.049: [GC pause (G1 Evacuation Pause) (young), 0.0368542 secs]
   [Parallel Time: 36.0 ms, GC Workers: 4]
      [GC Worker Start (ms): Min: 115460052.0, Avg: 115460060.0, Max: 115460066.9, Diff: 14.9]
      [Ext Root Scanning (ms): Min: 0.0, Avg: 0.7, Max: 2.6, Diff: 2.6, Sum: 2.7]
      [Update RS (ms): Min: 0.0, Avg: 0.4, Max: 1.6, Diff: 1.6, Sum: 1.6]
         [Processed Buffers: Min: 0, Avg: 10.5, Max: 42, Diff: 42, Sum: 42]
      [Scan RS (ms): Min: 0.0, Avg: 0.0, Max: 0.0, Diff: 0.0, Sum: 0.0]
      [Code Root Scanning (ms): Min: 0.0, Avg: 0.0, Max: 0.0, Diff: 0.0, Sum: 0.0]
      [Object Copy (ms): Min: 12.6, Avg: 20.1, Max: 26.1, Diff: 13.5, Sum: 80.6]
      [Termination (ms): Min: 0.0, Avg: 3.0, Max: 5.2, Diff: 5.2, Sum: 11.8]
         [Termination Attempts: Min: 1, Avg: 1.0, Max: 1, Diff: 0, Sum: 4]
      [GC Worker Other (ms): Min: 0.0, Avg: 0.0, Max: 0.0, Diff: 0.0, Sum: 0.1]
      [GC Worker Total (ms): Min: 17.8, Avg: 24.2, Max: 31.9, Diff: 14.1, Sum: 96.8]
      [GC Worker End (ms): Min: 115460083.7, Avg: 115460084.2, Max: 115460084.8, Diff: 1.1]
   [Code Root Fixup: 0.0 ms]
   [Code Root Purge: 0.0 ms]
   [Clear CT: 0.1 ms]
   [Other: 0.8 ms]
      [Choose CSet: 0.0 ms]
      [Ref Proc: 0.3 ms]
      [Ref Enq: 0.0 ms]
      [Redirty Cards: 0.1 ms]
      [Humongous Register: 0.0 ms]
      [Humongous Reclaim: 0.0 ms]
      [Free CSet: 0.1 ms]
   [Eden: 46.0M(46.0M)->0.0B(46.0M) Survivors: 5120.0K->5120.0K Heap: 195.9M(1024.0M)->149.4M(1024.0M)]
 [Times: user=0.03 sys=0.00, real=0.04 secs] 
2019-11-24T03:51:19.084+0600: 115981.719: [GC pause (G1 Evacuation Pause) (young), 0.0201464 secs]
   [Parallel Time: 17.4 ms, GC Workers: 4]
      [GC Worker Start (ms): Min: 115981719.7, Avg: 115981719.7, Max: 115981719.7, Diff: 0.1]
      [Ext Root Scanning (ms): Min: 0.9, Avg: 1.2, Max: 1.9, Diff: 0.9, Sum: 4.8]
      [Update RS (ms): Min: 0.0, Avg: 0.7, Max: 1.0, Diff: 1.0, Sum: 2.8]
         [Processed Buffers: Min: 5, Avg: 10.5, Max: 14, Diff: 9, Sum: 42]
      [Scan RS (ms): Min: 0.0, Avg: 0.0, Max: 0.0, Diff: 0.0, Sum: 0.1]
      [Code Root Scanning (ms): Min: 0.0, Avg: 0.0, Max: 0.0, Diff: 0.0, Sum: 0.0]
      [Object Copy (ms): Min: 9.1, Avg: 10.3, Max: 11.5, Diff: 2.3, Sum: 41.2]
      [Termination (ms): Min: 0.0, Avg: 3.0, Max: 6.2, Diff: 6.2, Sum: 11.9]
         [Termination Attempts: Min: 1, Avg: 1.0, Max: 1, Diff: 0, Sum: 4]
      [GC Worker Other (ms): Min: 0.0, Avg: 0.0, Max: 0.0, Diff: 0.0, Sum: 0.1]
      [GC Worker Total (ms): Min: 13.5, Avg: 15.2, Max: 17.3, Diff: 3.8, Sum: 60.8]
      [GC Worker End (ms): Min: 115981733.2, Avg: 115981734.9, Max: 115981737.0, Diff: 3.8]
   [Code Root Fixup: 0.0 ms]
   [Code Root Purge: 0.0 ms]
   [Clear CT: 0.2 ms]
   [Other: 2.5 ms]
      [Choose CSet: 0.0 ms]
      [Ref Proc: 1.8 ms]
      [Ref Enq: 0.0 ms]
      [Redirty Cards: 0.1 ms]
      [Humongous Register: 0.2 ms]
      [Humongous Reclaim: 0.0 ms]
      [Free CSet: 0.2 ms]
   [Eden: 46.0M(46.0M)->0.0B(46.0M) Survivors: 5120.0K->5120.0K Heap: 195.4M(1024.0M)->149.4M(1024.0M)]
 [Times: user=0.04 sys=0.00, real=0.02 secs] 
2019-11-24T03:59:59.307+0600: 116501.941: [GC pause (G1 Evacuation Pause) (young), 0.1176063 secs]
   [Parallel Time: 113.2 ms, GC Workers: 4]
      [GC Worker Start (ms): Min: 116501943.0, Avg: 116501943.1, Max: 116501943.5, Diff: 0.4]
      [Ext Root Scanning (ms): Min: 0.7, Avg: 1.8, Max: 3.9, Diff: 3.3, Sum: 7.1]
      [Update RS (ms): Min: 0.0, Avg: 1.6, Max: 2.9, Diff: 2.9, Sum: 6.3]
         [Processed Buffers: Min: 0, Avg: 10.5, Max: 26, Diff: 26, Sum: 42]
      [Scan RS (ms): Min: 0.0, Avg: 0.0, Max: 0.0, Diff: 0.0, Sum: 0.0]
      [Code Root Scanning (ms): Min: 0.0, Avg: 0.0, Max: 0.0, Diff: 0.0, Sum: 0.0]
      [Object Copy (ms): Min: 105.3, Avg: 106.5, Max: 107.2, Diff: 1.9, Sum: 425.8]
      [Termination (ms): Min: 0.0, Avg: 1.6, Max: 2.7, Diff: 2.7, Sum: 6.6]
         [Termination Attempts: Min: 1, Avg: 1.5, Max: 3, Diff: 2, Sum: 6]
      [GC Worker Other (ms): Min: 0.0, Avg: 0.1, Max: 0.2, Diff: 0.2, Sum: 0.3]
      [GC Worker Total (ms): Min: 111.1, Avg: 111.6, Max: 112.0, Diff: 0.8, Sum: 446.2]
      [GC Worker End (ms): Min: 116502054.2, Avg: 116502054.7, Max: 116502055.3, Diff: 1.1]
   [Code Root Fixup: 0.0 ms]
   [Code Root Purge: 0.0 ms]
   [Clear CT: 0.1 ms]
   [Other: 4.3 ms]
      [Choose CSet: 0.0 ms]
      [Ref Proc: 2.0 ms]
      [Ref Enq: 0.0 ms]
      [Redirty Cards: 0.1 ms]
      [Humongous Register: 0.3 ms]
      [Humongous Reclaim: 0.0 ms]
      [Free CSet: 0.6 ms]
   [Eden: 46.0M(46.0M)->0.0B(46.0M) Survivors: 5120.0K->5120.0K Heap: 195.4M(1024.0M)->149.9M(1024.0M)]
 [Times: user=0.05 sys=0.03, real=0.12 secs] 
2019-11-24T07:49:10.629+0600: 116989.047: [GC pause (G1 Evacuation Pause) (young), 0.0317860 secs]
   [Parallel Time: 22.0 ms, GC Workers: 4]
      [GC Worker Start (ms): Min: 116989055.0, Avg: 116989055.0, Max: 116989055.1, Diff: 0.1]
      [Ext Root Scanning (ms): Min: 2.1, Avg: 5.7, Max: 16.6, Diff: 14.5, Sum: 23.0]
      [Update RS (ms): Min: 0.0, Avg: 4.3, Max: 9.5, Diff: 9.5, Sum: 17.2]
         [Processed Buffers: Min: 0, Avg: 11.5, Max: 33, Diff: 33, Sum: 46]
      [Scan RS (ms): Min: 0.0, Avg: 0.0, Max: 0.0, Diff: 0.0, Sum: 0.0]
      [Code Root Scanning (ms): Min: 0.0, Avg: 0.0, Max: 0.0, Diff: 0.0, Sum: 0.0]
      [Object Copy (ms): Min: 4.7, Avg: 11.2, Max: 15.6, Diff: 10.9, Sum: 45.0]
      [Termination (ms): Min: 0.0, Avg: 0.5, Max: 0.6, Diff: 0.6, Sum: 1.8]
         [Termination Attempts: Min: 1, Avg: 1.2, Max: 2, Diff: 1, Sum: 5]
      [GC Worker Other (ms): Min: 0.0, Avg: 0.0, Max: 0.0, Diff: 0.0, Sum: 0.1]
      [GC Worker Total (ms): Min: 21.7, Avg: 21.8, Max: 21.8, Diff: 0.1, Sum: 87.1]
      [GC Worker End (ms): Min: 116989076.7, Avg: 116989076.8, Max: 116989076.8, Diff: 0.1]
   [Code Root Fixup: 0.0 ms]
   [Code Root Purge: 0.0 ms]
   [Clear CT: 0.0 ms]
   [Other: 9.7 ms]
      [Choose CSet: 0.0 ms]
      [Ref Proc: 1.0 ms]
      [Ref Enq: 0.0 ms]
      [Redirty Cards: 0.1 ms]
      [Humongous Register: 5.6 ms]
      [Humongous Reclaim: 0.0 ms]
      [Free CSet: 0.3 ms]
   [Eden: 46.0M(46.0M)->0.0B(46.0M) Survivors: 5120.0K->5120.0K Heap: 195.9M(1024.0M)->149.9M(1024.0M)]
 [Times: user=0.02 sys=0.03, real=0.04 secs] 
2019-11-24T07:57:53.234+0600: 117509.044: [GC pause (G1 Evacuation Pause) (young), 0.0204630 secs]
   [Parallel Time: 17.6 ms, GC Workers: 4]
      [GC Worker Start (ms): Min: 117509046.0, Avg: 117509046.1, Max: 117509046.2, Diff: 0.2]
      [Ext Root Scanning (ms): Min: 3.1, Avg: 5.9, Max: 13.7, Diff: 10.6, Sum: 23.4]
      [Update RS (ms): Min: 0.0, Avg: 2.1, Max: 3.2, Diff: 3.2, Sum: 8.5]
         [Processed Buffers: Min: 0, Avg: 10.5, Max: 36, Diff: 36, Sum: 42]
      [Scan RS (ms): Min: 0.0, Avg: 0.0, Max: 0.0, Diff: 0.0, Sum: 0.0]
      [Code Root Scanning (ms): Min: 0.0, Avg: 0.0, Max: 0.0, Diff: 0.0, Sum: 0.0]
      [Object Copy (ms): Min: 3.7, Avg: 9.0, Max: 10.9, Diff: 7.2, Sum: 35.8]
      [Termination (ms): Min: 0.0, Avg: 0.4, Max: 0.5, Diff: 0.5, Sum: 1.6]
         [Termination Attempts: Min: 1, Avg: 2.2, Max: 3, Diff: 2, Sum: 9]
      [GC Worker Other (ms): Min: 0.0, Avg: 0.0, Max: 0.1, Diff: 0.0, Sum: 0.2]
      [GC Worker Total (ms): Min: 17.3, Avg: 17.4, Max: 17.5, Diff: 0.2, Sum: 69.6]
      [GC Worker End (ms): Min: 117509063.5, Avg: 117509063.5, Max: 117509063.5, Diff: 0.0]
   [Code Root Fixup: 0.0 ms]
   [Code Root Purge: 0.0 ms]
   [Clear CT: 0.0 ms]
   [Other: 2.8 ms]
      [Choose CSet: 0.0 ms]
      [Ref Proc: 0.3 ms]
      [Ref Enq: 0.0 ms]
      [Redirty Cards: 0.0 ms]
      [Humongous Register: 1.6 ms]
      [Humongous Reclaim: 0.0 ms]
      [Free CSet: 0.2 ms]
   [Eden: 46.0M(46.0M)->0.0B(46.0M) Survivors: 5120.0K->5120.0K Heap: 195.9M(1024.0M)->149.9M(1024.0M)]
 [Times: user=0.02 sys=0.03, real=0.02 secs] 
2019-11-24T08:06:31.638+0600: 118027.440: [GC pause (G1 Evacuation Pause) (young), 0.0393689 secs]
   [Parallel Time: 35.7 ms, GC Workers: 4]
      [GC Worker Start (ms): Min: 118027442.4, Avg: 118027442.4, Max: 118027442.5, Diff: 0.2]
      [Ext Root Scanning (ms): Min: 4.0, Avg: 8.4, Max: 20.6, Diff: 16.6, Sum: 33.7]
      [Update RS (ms): Min: 0.0, Avg: 3.0, Max: 4.8, Diff: 4.8, Sum: 12.2]
         [Processed Buffers: Min: 0, Avg: 10.5, Max: 31, Diff: 31, Sum: 42]
      [Scan RS (ms): Min: 0.0, Avg: 0.0, Max: 0.1, Diff: 0.1, Sum: 0.1]
      [Code Root Scanning (ms): Min: 0.0, Avg: 0.0, Max: 0.0, Diff: 0.0, Sum: 0.0]
      [Object Copy (ms): Min: 14.7, Avg: 23.2, Max: 26.5, Diff: 11.8, Sum: 92.9]
      [Termination (ms): Min: 0.0, Avg: 0.6, Max: 1.2, Diff: 1.2, Sum: 2.5]
         [Termination Attempts: Min: 1, Avg: 1.0, Max: 1, Diff: 0, Sum: 4]
      [GC Worker Other (ms): Min: 0.0, Avg: 0.0, Max: 0.1, Diff: 0.0, Sum: 0.2]
      [GC Worker Total (ms): Min: 35.3, Avg: 35.4, Max: 35.5, Diff: 0.2, Sum: 141.5]
      [GC Worker End (ms): Min: 118027477.7, Avg: 118027477.8, Max: 118027478.0, Diff: 0.3]
   [Code Root Fixup: 0.0 ms]
   [Code Root Purge: 0.0 ms]
   [Clear CT: 0.0 ms]
   [Other: 3.6 ms]
      [Choose CSet: 0.0 ms]
      [Ref Proc: 1.1 ms]
      [Ref Enq: 0.0 ms]
      [Redirty Cards: 0.0 ms]
      [Humongous Register: 1.6 ms]
      [Humongous Reclaim: 0.0 ms]
      [Free CSet: 0.2 ms]
   [Eden: 46.0M(46.0M)->0.0B(46.0M) Survivors: 5120.0K->5120.0K Heap: 195.9M(1024.0M)->149.9M(1024.0M)]
 [Times: user=0.03 sys=0.03, real=0.04 secs] 
2019-11-24T08:15:11.068+0600: 118546.864: [GC pause (G1 Evacuation Pause) (young), 0.0110678 secs]
   [Parallel Time: 10.4 ms, GC Workers: 4]
      [GC Worker Start (ms): Min: 118546863.7, Avg: 118546863.7, Max: 118546863.8, Diff: 0.1]
      [Ext Root Scanning (ms): Min: 0.6, Avg: 0.9, Max: 1.6, Diff: 1.0, Sum: 3.7]
      [Update RS (ms): Min: 0.0, Avg: 0.5, Max: 0.7, Diff: 0.7, Sum: 2.0]
         [Processed Buffers: Min: 0, Avg: 10.5, Max: 16, Diff: 16, Sum: 42]
      [Scan RS (ms): Min: 0.0, Avg: 0.0, Max: 0.0, Diff: 0.0, Sum: 0.0]
      [Code Root Scanning (ms): Min: 0.0, Avg: 0.0, Max: 0.0, Diff: 0.0, Sum: 0.0]
      [Object Copy (ms): Min: 8.0, Avg: 8.4, Max: 9.0, Diff: 0.9, Sum: 33.5]
      [Termination (ms): Min: 0.0, Avg: 0.5, Max: 0.7, Diff: 0.7, Sum: 1.9]
         [Termination Attempts: Min: 1, Avg: 1.2, Max: 2, Diff: 1, Sum: 5]
      [GC Worker Other (ms): Min: 0.0, Avg: 0.0, Max: 0.0, Diff: 0.0, Sum: 0.1]
      [GC Worker Total (ms): Min: 10.2, Avg: 10.3, Max: 10.4, Diff: 0.1, Sum: 41.3]
      [GC Worker End (ms): Min: 118546874.0, Avg: 118546874.0, Max: 118546874.1, Diff: 0.0]
   [Code Root Fixup: 0.0 ms]
   [Code Root Purge: 0.0 ms]
   [Clear CT: 0.0 ms]
   [Other: 0.6 ms]
      [Choose CSet: 0.0 ms]
      [Ref Proc: 0.3 ms]
      [Ref Enq: 0.0 ms]
      [Redirty Cards: 0.0 ms]
      [Humongous Register: 0.0 ms]
      [Humongous Reclaim: 0.0 ms]
      [Free CSet: 0.0 ms]
   [Eden: 46.0M(46.0M)->0.0B(46.0M) Survivors: 5120.0K->5120.0K Heap: 195.9M(1024.0M)->149.9M(1024.0M)]
 [Times: user=0.03 sys=0.01, real=0.01 secs] 
2019-11-24T08:23:08.241+0600: 119024.046: [GC pause (G1 Evacuation Pause) (young), 0.0314887 secs]
   [Parallel Time: 22.1 ms, GC Workers: 4]
      [GC Worker Start (ms): Min: 119024053.4, Avg: 119024053.4, Max: 119024053.5, Diff: 0.1]
      [Ext Root Scanning (ms): Min: 5.0, Avg: 9.3, Max: 21.8, Diff: 16.8, Sum: 37.0]
      [Update RS (ms): Min: 0.0, Avg: 2.2, Max: 3.1, Diff: 3.1, Sum: 8.8]
         [Processed Buffers: Min: 0, Avg: 10.5, Max: 37, Diff: 37, Sum: 42]
      [Scan RS (ms): Min: 0.0, Avg: 0.0, Max: 0.0, Diff: 0.0, Sum: 0.0]
      [Code Root Scanning (ms): Min: 0.0, Avg: 0.0, Max: 0.0, Diff: 0.0, Sum: 0.0]
      [Object Copy (ms): Min: 0.0, Avg: 10.1, Max: 13.9, Diff: 13.9, Sum: 40.4]
      [Termination (ms): Min: 0.0, Avg: 0.4, Max: 0.6, Diff: 0.6, Sum: 1.4]
         [Termination Attempts: Min: 1, Avg: 2.0, Max: 3, Diff: 2, Sum: 8]
      [GC Worker Other (ms): Min: 0.0, Avg: 0.0, Max: 0.0, Diff: 0.0, Sum: 0.1]
      [GC Worker Total (ms): Min: 21.9, Avg: 21.9, Max: 22.0, Diff: 0.1, Sum: 87.7]
      [GC Worker End (ms): Min: 119024075.3, Avg: 119024075.3, Max: 119024075.4, Diff: 0.1]
   [Code Root Fixup: 0.0 ms]
   [Code Root Purge: 0.0 ms]
   [Clear CT: 0.1 ms]
   [Other: 9.3 ms]
      [Choose CSet: 0.0 ms]
      [Ref Proc: 1.0 ms]
      [Ref Enq: 0.0 ms]
      [Redirty Cards: 0.1 ms]
      [Humongous Register: 7.3 ms]
      [Humongous Reclaim: 0.0 ms]
      [Free CSet: 0.4 ms]
   [Eden: 46.0M(46.0M)->0.0B(46.0M) Survivors: 5120.0K->5120.0K Heap: 195.9M(1024.0M)->149.8M(1024.0M)]
 [Times: user=0.02 sys=0.03, real=0.03 secs] 
2019-11-24T08:31:43.193+0600: 119538.995: [GC pause (G1 Evacuation Pause) (young), 0.0120588 secs]
   [Parallel Time: 11.3 ms, GC Workers: 4]
      [GC Worker Start (ms): Min: 119538994.9, Avg: 119538995.0, Max: 119538995.1, Diff: 0.2]
      [Ext Root Scanning (ms): Min: 1.0, Avg: 1.8, Max: 3.8, Diff: 2.9, Sum: 7.2]
      [Update RS (ms): Min: 0.0, Avg: 1.1, Max: 1.5, Diff: 1.5, Sum: 4.3]
         [Processed Buffers: Min: 0, Avg: 11.0, Max: 16, Diff: 16, Sum: 44]
      [Scan RS (ms): Min: 0.0, Avg: 0.0, Max: 0.0, Diff: 0.0, Sum: 0.0]
      [Code Root Scanning (ms): Min: 0.0, Avg: 0.0, Max: 0.0, Diff: 0.0, Sum: 0.0]
      [Object Copy (ms): Min: 7.3, Avg: 7.8, Max: 8.1, Diff: 0.8, Sum: 31.4]
      [Termination (ms): Min: 0.0, Avg: 0.5, Max: 0.6, Diff: 0.6, Sum: 1.8]
         [Termination Attempts: Min: 1, Avg: 1.0, Max: 1, Diff: 0, Sum: 4]
      [GC Worker Other (ms): Min: 0.0, Avg: 0.0, Max: 0.0, Diff: 0.0, Sum: 0.0]
      [GC Worker Total (ms): Min: 11.1, Avg: 11.2, Max: 11.3, Diff: 0.2, Sum: 44.7]
      [GC Worker End (ms): Min: 119539006.1, Avg: 119539006.2, Max: 119539006.2, Diff: 0.1]
   [Code Root Fixup: 0.0 ms]
   [Code Root Purge: 0.0 ms]
   [Clear CT: 0.1 ms]
   [Other: 0.7 ms]
      [Choose CSet: 0.0 ms]
      [Ref Proc: 0.2 ms]
      [Ref Enq: 0.0 ms]
      [Redirty Cards: 0.1 ms]
      [Humongous Register: 0.0 ms]
      [Humongous Reclaim: 0.0 ms]
      [Free CSet: 0.0 ms]
   [Eden: 46.0M(46.0M)->0.0B(46.0M) Survivors: 5120.0K->5120.0K Heap: 195.8M(1024.0M)->150.3M(1024.0M)]
 [Times: user=0.03 sys=0.01, real=0.01 secs] 
2019-11-24T08:40:25.273+0600: 120061.072: [GC pause (G1 Evacuation Pause) (young), 0.0112603 secs]
   [Parallel Time: 10.6 ms, GC Workers: 4]
      [GC Worker Start (ms): Min: 120061072.5, Avg: 120061072.5, Max: 120061072.5, Diff: 0.0]
      [Ext Root Scanning (ms): Min: 0.7, Avg: 1.0, Max: 1.8, Diff: 1.0, Sum: 4.1]
      [Update RS (ms): Min: 0.0, Avg: 1.0, Max: 1.4, Diff: 1.4, Sum: 4.1]
         [Processed Buffers: Min: 0, Avg: 11.0, Max: 26, Diff: 26, Sum: 44]
      [Scan RS (ms): Min: 0.0, Avg: 0.0, Max: 0.0, Diff: 0.0, Sum: 0.0]
      [Code Root Scanning (ms): Min: 0.0, Avg: 0.0, Max: 0.0, Diff: 0.0, Sum: 0.0]
      [Object Copy (ms): Min: 7.7, Avg: 8.0, Max: 8.3, Diff: 0.6, Sum: 32.0]
      [Termination (ms): Min: 0.0, Avg: 0.4, Max: 0.6, Diff: 0.6, Sum: 1.6]
         [Termination Attempts: Min: 1, Avg: 1.0, Max: 1, Diff: 0, Sum: 4]
      [GC Worker Other (ms): Min: 0.0, Avg: 0.0, Max: 0.0, Diff: 0.0, Sum: 0.0]
      [GC Worker Total (ms): Min: 10.4, Avg: 10.5, Max: 10.6, Diff: 0.2, Sum: 41.9]
      [GC Worker End (ms): Min: 120061082.9, Avg: 120061083.0, Max: 120061083.1, Diff: 0.2]
   [Code Root Fixup: 0.0 ms]
   [Code Root Purge: 0.0 ms]
   [Clear CT: 0.0 ms]
   [Other: 0.6 ms]
      [Choose CSet: 0.0 ms]
      [Ref Proc: 0.2 ms]
      [Ref Enq: 0.0 ms]
      [Redirty Cards: 0.1 ms]
      [Humongous Register: 0.0 ms]
      [Humongous Reclaim: 0.0 ms]
      [Free CSet: 0.0 ms]
   [Eden: 46.0M(46.0M)->0.0B(46.0M) Survivors: 5120.0K->5120.0K Heap: 196.3M(1024.0M)->150.6M(1024.0M)]
 [Times: user=0.03 sys=0.01, real=0.01 secs] 
2019-11-24T08:49:04.516+0600: 120580.313: [GC pause (G1 Evacuation Pause) (young), 0.0201977 secs]
   [Parallel Time: 16.2 ms, GC Workers: 4]
      [GC Worker Start (ms): Min: 120580315.9, Avg: 120580316.0, Max: 120580316.2, Diff: 0.2]
      [Ext Root Scanning (ms): Min: 4.0, Avg: 6.4, Max: 13.1, Diff: 9.0, Sum: 25.4]
      [Update RS (ms): Min: 0.0, Avg: 3.3, Max: 4.6, Diff: 4.6, Sum: 13.1]
         [Processed Buffers: Min: 0, Avg: 11.0, Max: 26, Diff: 26, Sum: 44]
      [Scan RS (ms): Min: 0.0, Avg: 0.0, Max: 0.0, Diff: 0.0, Sum: 0.0]
      [Code Root Scanning (ms): Min: 0.0, Avg: 0.0, Max: 0.0, Diff: 0.0, Sum: 0.0]
      [Object Copy (ms): Min: 2.3, Avg: 5.7, Max: 7.2, Diff: 4.9, Sum: 23.0]
      [Termination (ms): Min: 0.0, Avg: 0.4, Max: 0.6, Diff: 0.6, Sum: 1.8]
         [Termination Attempts: Min: 1, Avg: 1.0, Max: 1, Diff: 0, Sum: 4]
      [GC Worker Other (ms): Min: 0.0, Avg: 0.0, Max: 0.1, Diff: 0.1, Sum: 0.2]
      [GC Worker Total (ms): Min: 15.8, Avg: 15.9, Max: 16.0, Diff: 0.2, Sum: 63.4]
      [GC Worker End (ms): Min: 120580331.8, Avg: 120580331.9, Max: 120580332.0, Diff: 0.2]
   [Code Root Fixup: 0.0 ms]
   [Code Root Purge: 0.0 ms]
   [Clear CT: 0.0 ms]
   [Other: 4.0 ms]
      [Choose CSet: 0.0 ms]
      [Ref Proc: 1.0 ms]
      [Ref Enq: 0.0 ms]
      [Redirty Cards: 0.0 ms]
      [Humongous Register: 2.0 ms]
      [Humongous Reclaim: 0.0 ms]
      [Free CSet: 0.2 ms]
   [Eden: 46.0M(46.0M)->0.0B(46.0M) Survivors: 5120.0K->5120.0K Heap: 196.6M(1024.0M)->150.6M(1024.0M)]
 [Times: user=0.03 sys=0.03, real=0.02 secs] 
2019-11-24T08:57:48.121+0600: 121103.912: [GC pause (G1 Evacuation Pause) (young), 0.0114271 secs]
   [Parallel Time: 10.8 ms, GC Workers: 4]
      [GC Worker Start (ms): Min: 121103912.4, Avg: 121103912.5, Max: 121103912.5, Diff: 0.0]
      [Ext Root Scanning (ms): Min: 0.7, Avg: 0.8, Max: 0.8, Diff: 0.1, Sum: 3.0]
      [Update RS (ms): Min: 0.8, Avg: 0.9, Max: 1.0, Diff: 0.2, Sum: 3.5]
         [Processed Buffers: Min: 6, Avg: 11.2, Max: 14, Diff: 8, Sum: 45]
      [Scan RS (ms): Min: 0.0, Avg: 0.0, Max: 0.0, Diff: 0.0, Sum: 0.0]
      [Code Root Scanning (ms): Min: 0.0, Avg: 0.0, Max: 0.0, Diff: 0.0, Sum: 0.0]
      [Object Copy (ms): Min: 7.2, Avg: 8.0, Max: 8.9, Diff: 1.7, Sum: 32.2]
      [Termination (ms): Min: 0.0, Avg: 1.0, Max: 1.9, Diff: 1.9, Sum: 3.9]
         [Termination Attempts: Min: 1, Avg: 1.0, Max: 1, Diff: 0, Sum: 4]
      [GC Worker Other (ms): Min: 0.0, Avg: 0.0, Max: 0.0, Diff: 0.0, Sum: 0.0]
      [GC Worker Total (ms): Min: 10.6, Avg: 10.7, Max: 10.8, Diff: 0.2, Sum: 42.7]
      [GC Worker End (ms): Min: 121103923.0, Avg: 121103923.1, Max: 121103923.2, Diff: 0.2]
   [Code Root Fixup: 0.0 ms]
   [Code Root Purge: 0.0 ms]
   [Clear CT: 0.0 ms]
   [Other: 0.5 ms]
      [Choose CSet: 0.0 ms]
      [Ref Proc: 0.2 ms]
      [Ref Enq: 0.0 ms]
      [Redirty Cards: 0.0 ms]
      [Humongous Register: 0.0 ms]
      [Humongous Reclaim: 0.0 ms]
      [Free CSet: 0.0 ms]
   [Eden: 46.0M(46.0M)->0.0B(46.0M) Survivors: 5120.0K->5120.0K Heap: 196.6M(1024.0M)->150.7M(1024.0M)]
 [Times: user=0.03 sys=0.01, real=0.01 secs] 
2019-11-24T09:06:30.847+0600: 121626.634: [GC pause (G1 Evacuation Pause) (young), 0.0168356 secs]
   [Parallel Time: 13.5 ms, GC Workers: 4]
      [GC Worker Start (ms): Min: 121626637.0, Avg: 121626637.1, Max: 121626637.1, Diff: 0.2]
      [Ext Root Scanning (ms): Min: 3.1, Avg: 3.5, Max: 4.7, Diff: 1.6, Sum: 14.1]
      [Update RS (ms): Min: 0.0, Avg: 0.9, Max: 1.3, Diff: 1.3, Sum: 3.4]
         [Processed Buffers: Min: 0, Avg: 11.2, Max: 22, Diff: 22, Sum: 45]
      [Scan RS (ms): Min: 0.0, Avg: 0.0, Max: 0.0, Diff: 0.0, Sum: 0.0]
      [Code Root Scanning (ms): Min: 0.0, Avg: 0.0, Max: 0.0, Diff: 0.0, Sum: 0.0]
      [Object Copy (ms): Min: 8.3, Avg: 8.6, Max: 9.0, Diff: 0.7, Sum: 34.2]
      [Termination (ms): Min: 0.0, Avg: 0.3, Max: 0.7, Diff: 0.7, Sum: 1.3]
         [Termination Attempts: Min: 1, Avg: 1.0, Max: 1, Diff: 0, Sum: 4]
      [GC Worker Other (ms): Min: 0.0, Avg: 0.0, Max: 0.0, Diff: 0.0, Sum: 0.1]
      [GC Worker Total (ms): Min: 13.2, Avg: 13.3, Max: 13.4, Diff: 0.3, Sum: 53.2]
      [GC Worker End (ms): Min: 121626650.3, Avg: 121626650.4, Max: 121626650.4, Diff: 0.1]
   [Code Root Fixup: 0.0 ms]
   [Code Root Purge: 0.0 ms]
   [Clear CT: 0.1 ms]
   [Other: 3.2 ms]
      [Choose CSet: 0.0 ms]
      [Ref Proc: 0.2 ms]
      [Ref Enq: 0.0 ms]
      [Redirty Cards: 0.1 ms]
      [Humongous Register: 2.2 ms]
      [Humongous Reclaim: 0.0 ms]
      [Free CSet: 0.1 ms]
   [Eden: 46.0M(46.0M)->0.0B(46.0M) Survivors: 5120.0K->5120.0K Heap: 196.7M(1024.0M)->150.7M(1024.0M)]
 [Times: user=0.03 sys=0.02, real=0.02 secs] 
2019-11-24T09:15:13.024+0600: 122148.808: [GC pause (G1 Evacuation Pause) (young), 0.0090866 secs]
   [Parallel Time: 8.5 ms, GC Workers: 4]
      [GC Worker Start (ms): Min: 122148808.2, Avg: 122148808.2, Max: 122148808.2, Diff: 0.1]
      [Ext Root Scanning (ms): Min: 0.6, Avg: 1.2, Max: 2.6, Diff: 2.0, Sum: 4.6]
      [Update RS (ms): Min: 0.0, Avg: 0.7, Max: 1.0, Diff: 1.0, Sum: 2.9]
         [Processed Buffers: Min: 0, Avg: 11.5, Max: 28, Diff: 28, Sum: 46]
      [Scan RS (ms): Min: 0.0, Avg: 0.0, Max: 0.0, Diff: 0.0, Sum: 0.0]
      [Code Root Scanning (ms): Min: 0.0, Avg: 0.0, Max: 0.0, Diff: 0.0, Sum: 0.0]
      [Object Copy (ms): Min: 5.8, Avg: 6.5, Max: 6.8, Diff: 1.0, Sum: 26.1]
      [Termination (ms): Min: 0.0, Avg: 0.0, Max: 0.0, Diff: 0.0, Sum: 0.0]
         [Termination Attempts: Min: 1, Avg: 1.2, Max: 2, Diff: 1, Sum: 5]
      [GC Worker Other (ms): Min: 0.0, Avg: 0.0, Max: 0.1, Diff: 0.0, Sum: 0.1]
      [GC Worker Total (ms): Min: 8.4, Avg: 8.4, Max: 8.5, Diff: 0.1, Sum: 33.8]
      [GC Worker End (ms): Min: 122148816.6, Avg: 122148816.6, Max: 122148816.7, Diff: 0.0]
   [Code Root Fixup: 0.0 ms]
   [Code Root Purge: 0.0 ms]
   [Clear CT: 0.0 ms]
   [Other: 0.5 ms]
      [Choose CSet: 0.0 ms]
      [Ref Proc: 0.2 ms]
      [Ref Enq: 0.0 ms]
      [Redirty Cards: 0.0 ms]
      [Humongous Register: 0.0 ms]
      [Humongous Reclaim: 0.0 ms]
      [Free CSet: 0.0 ms]
   [Eden: 46.0M(46.0M)->0.0B(119.0M) Survivors: 5120.0K->5120.0K Heap: 196.7M(1024.0M)->151.3M(1024.0M)]
 [Times: user=0.03 sys=0.01, real=0.01 secs] 
2019-11-24T09:36:56.328+0600: 123452.105: [GC pause (G1 Evacuation Pause) (young), 0.0369916 secs]
   [Parallel Time: 33.8 ms, GC Workers: 4]
      [GC Worker Start (ms): Min: 123452106.9, Avg: 123452107.1, Max: 123452107.3, Diff: 0.4]
      [Ext Root Scanning (ms): Min: 2.9, Avg: 6.7, Max: 12.7, Diff: 9.8, Sum: 26.9]
      [Update RS (ms): Min: 0.0, Avg: 2.1, Max: 2.9, Diff: 2.9, Sum: 8.4]
         [Processed Buffers: Min: 0, Avg: 11.8, Max: 20, Diff: 20, Sum: 47]
      [Scan RS (ms): Min: 0.0, Avg: 0.0, Max: 0.0, Diff: 0.0, Sum: 0.1]
      [Code Root Scanning (ms): Min: 0.0, Avg: 0.0, Max: 0.0, Diff: 0.0, Sum: 0.0]
      [Object Copy (ms): Min: 20.8, Avg: 23.5, Max: 24.5, Diff: 3.8, Sum: 93.9]
      [Termination (ms): Min: 0.0, Avg: 0.0, Max: 0.0, Diff: 0.0, Sum: 0.0]
         [Termination Attempts: Min: 1, Avg: 1.2, Max: 2, Diff: 1, Sum: 5]
      [GC Worker Other (ms): Min: 0.0, Avg: 1.1, Max: 3.1, Diff: 3.1, Sum: 4.5]
      [GC Worker Total (ms): Min: 33.3, Avg: 33.5, Max: 33.6, Diff: 0.4, Sum: 133.9]
      [GC Worker End (ms): Min: 123452140.6, Avg: 123452140.6, Max: 123452140.6, Diff: 0.0]
   [Code Root Fixup: 0.0 ms]
   [Code Root Purge: 0.0 ms]
   [Clear CT: 0.1 ms]
   [Other: 3.1 ms]
      [Choose CSet: 0.0 ms]
      [Ref Proc: 0.4 ms]
      [Ref Enq: 0.0 ms]
      [Redirty Cards: 0.0 ms]
      [Humongous Register: 1.7 ms]
      [Humongous Reclaim: 0.0 ms]
      [Free CSet: 0.3 ms]
   [Eden: 119.0M(119.0M)->0.0B(46.0M) Survivors: 5120.0K->5120.0K Heap: 270.3M(1024.0M)->151.3M(1024.0M)]
 [Times: user=0.03 sys=0.05, real=0.04 secs] 
2019-11-24T09:45:38.274+0600: 123974.048: [GC pause (G1 Evacuation Pause) (young), 0.0098990 secs]
   [Parallel Time: 9.3 ms, GC Workers: 4]
      [GC Worker Start (ms): Min: 123974047.8, Avg: 123974047.8, Max: 123974047.9, Diff: 0.1]
      [Ext Root Scanning (ms): Min: 0.7, Avg: 0.9, Max: 1.2, Diff: 0.5, Sum: 3.6]
      [Update RS (ms): Min: 0.6, Avg: 1.0, Max: 1.1, Diff: 0.5, Sum: 3.8]
         [Processed Buffers: Min: 1, Avg: 11.0, Max: 25, Diff: 24, Sum: 44]
      [Scan RS (ms): Min: 0.0, Avg: 0.0, Max: 0.0, Diff: 0.0, Sum: 0.0]
      [Code Root Scanning (ms): Min: 0.0, Avg: 0.0, Max: 0.0, Diff: 0.0, Sum: 0.0]
      [Object Copy (ms): Min: 7.2, Avg: 7.2, Max: 7.2, Diff: 0.0, Sum: 28.9]
      [Termination (ms): Min: 0.0, Avg: 0.0, Max: 0.0, Diff: 0.0, Sum: 0.0]
         [Termination Attempts: Min: 1, Avg: 2.0, Max: 3, Diff: 2, Sum: 8]
      [GC Worker Other (ms): Min: 0.0, Avg: 0.0, Max: 0.1, Diff: 0.1, Sum: 0.2]
      [GC Worker Total (ms): Min: 9.1, Avg: 9.1, Max: 9.2, Diff: 0.1, Sum: 36.5]
      [GC Worker End (ms): Min: 123974056.9, Avg: 123974057.0, Max: 123974057.0, Diff: 0.1]
   [Code Root Fixup: 0.0 ms]
   [Code Root Purge: 0.0 ms]
   [Clear CT: 0.1 ms]
   [Other: 0.5 ms]
      [Choose CSet: 0.0 ms]
      [Ref Proc: 0.2 ms]
      [Ref Enq: 0.0 ms]
      [Redirty Cards: 0.0 ms]
      [Humongous Register: 0.0 ms]
      [Humongous Reclaim: 0.0 ms]
      [Free CSet: 0.0 ms]
   [Eden: 46.0M(46.0M)->0.0B(45.0M) Survivors: 5120.0K->6144.0K Heap: 197.3M(1024.0M)->152.1M(1024.0M)]
 [Times: user=0.03 sys=0.00, real=0.01 secs] 
2019-11-24T09:54:05.742+0600: 124481.513: [GC pause (G1 Evacuation Pause) (young), 0.0095245 secs]
   [Parallel Time: 8.3 ms, GC Workers: 4]
      [GC Worker Start (ms): Min: 124481512.7, Avg: 124481512.8, Max: 124481512.8, Diff: 0.0]
      [Ext Root Scanning (ms): Min: 0.5, Avg: 0.9, Max: 1.9, Diff: 1.4, Sum: 3.5]
      [Update RS (ms): Min: 0.0, Avg: 0.8, Max: 1.2, Diff: 1.2, Sum: 3.0]
         [Processed Buffers: Min: 0, Avg: 11.8, Max: 20, Diff: 20, Sum: 47]
      [Scan RS (ms): Min: 0.0, Avg: 0.0, Max: 0.0, Diff: 0.0, Sum: 0.0]
      [Code Root Scanning (ms): Min: 0.0, Avg: 0.0, Max: 0.0, Diff: 0.0, Sum: 0.0]
      [Object Copy (ms): Min: 6.0, Avg: 6.1, Max: 6.3, Diff: 0.4, Sum: 24.5]
      [Termination (ms): Min: 0.0, Avg: 0.4, Max: 0.5, Diff: 0.5, Sum: 1.5]
         [Termination Attempts: Min: 1, Avg: 1.0, Max: 1, Diff: 0, Sum: 4]
      [GC Worker Other (ms): Min: 0.0, Avg: 0.0, Max: 0.0, Diff: 0.0, Sum: 0.0]
      [GC Worker Total (ms): Min: 8.1, Avg: 8.2, Max: 8.2, Diff: 0.1, Sum: 32.7]
      [GC Worker End (ms): Min: 124481520.9, Avg: 124481520.9, Max: 124481521.0, Diff: 0.1]
   [Code Root Fixup: 0.0 ms]
   [Code Root Purge: 0.0 ms]
   [Clear CT: 0.0 ms]
   [Other: 1.2 ms]
      [Choose CSet: 0.0 ms]
      [Ref Proc: 0.8 ms]
      [Ref Enq: 0.0 ms]
      [Redirty Cards: 0.0 ms]
      [Humongous Register: 0.0 ms]
      [Humongous Reclaim: 0.0 ms]
      [Free CSet: 0.0 ms]
   [Eden: 45.0M(45.0M)->0.0B(118.0M) Survivors: 6144.0K->5120.0K Heap: 197.1M(1024.0M)->151.6M(1024.0M)]
 [Times: user=0.03 sys=0.01, real=0.01 secs] 
2019-11-24T10:16:17.757+0600: 125813.519: [GC pause (G1 Evacuation Pause) (young), 0.0292401 secs]
   [Parallel Time: 25.1 ms, GC Workers: 4]
      [GC Worker Start (ms): Min: 125813521.3, Avg: 125813521.4, Max: 125813521.6, Diff: 0.2]
      [Ext Root Scanning (ms): Min: 4.8, Avg: 7.0, Max: 12.8, Diff: 8.0, Sum: 28.0]
      [Update RS (ms): Min: 0.0, Avg: 1.9, Max: 3.3, Diff: 3.3, Sum: 7.7]
         [Processed Buffers: Min: 0, Avg: 11.0, Max: 16, Diff: 16, Sum: 44]
      [Scan RS (ms): Min: 0.0, Avg: 0.0, Max: 0.0, Diff: 0.0, Sum: 0.1]
      [Code Root Scanning (ms): Min: 0.0, Avg: 0.0, Max: 0.0, Diff: 0.0, Sum: 0.0]
      [Object Copy (ms): Min: 10.9, Avg: 15.1, Max: 18.7, Diff: 7.8, Sum: 60.4]
      [Termination (ms): Min: 0.0, Avg: 0.8, Max: 1.2, Diff: 1.2, Sum: 3.1]
         [Termination Attempts: Min: 1, Avg: 1.2, Max: 2, Diff: 1, Sum: 5]
      [GC Worker Other (ms): Min: 0.0, Avg: 0.1, Max: 0.1, Diff: 0.1, Sum: 0.3]
      [GC Worker Total (ms): Min: 24.7, Avg: 24.9, Max: 25.0, Diff: 0.3, Sum: 99.6]
      [GC Worker End (ms): Min: 125813546.3, Avg: 125813546.3, Max: 125813546.4, Diff: 0.1]
   [Code Root Fixup: 0.0 ms]
   [Code Root Purge: 0.0 ms]
   [Clear CT: 0.1 ms]
   [Other: 4.0 ms]
      [Choose CSet: 0.0 ms]
      [Ref Proc: 0.9 ms]
      [Ref Enq: 0.0 ms]
      [Redirty Cards: 0.0 ms]
      [Humongous Register: 2.0 ms]
      [Humongous Reclaim: 0.0 ms]
      [Free CSet: 0.3 ms]
   [Eden: 118.0M(118.0M)->0.0B(46.0M) Survivors: 5120.0K->5120.0K Heap: 269.6M(1024.0M)->151.6M(1024.0M)]
 [Times: user=0.03 sys=0.04, real=0.03 secs] 
2019-11-24T10:24:18.287+0600: 126294.046: [GC pause (G1 Evacuation Pause) (young), 0.0083423 secs]
   [Parallel Time: 7.3 ms, GC Workers: 4]
      [GC Worker Start (ms): Min: 126294045.7, Avg: 126294045.7, Max: 126294045.7, Diff: 0.0]
      [Ext Root Scanning (ms): Min: 0.5, Avg: 0.5, Max: 0.7, Diff: 0.2, Sum: 2.2]
      [Update RS (ms): Min: 0.7, Avg: 0.8, Max: 0.8, Diff: 0.1, Sum: 3.2]
         [Processed Buffers: Min: 2, Avg: 11.2, Max: 27, Diff: 25, Sum: 45]
      [Scan RS (ms): Min: 0.0, Avg: 0.0, Max: 0.0, Diff: 0.0, Sum: 0.0]
      [Code Root Scanning (ms): Min: 0.0, Avg: 0.0, Max: 0.0, Diff: 0.0, Sum: 0.0]
      [Object Copy (ms): Min: 5.4, Avg: 5.5, Max: 5.7, Diff: 0.3, Sum: 22.0]
      [Termination (ms): Min: 0.0, Avg: 0.3, Max: 0.4, Diff: 0.4, Sum: 1.1]
         [Termination Attempts: Min: 1, Avg: 1.0, Max: 1, Diff: 0, Sum: 4]
      [GC Worker Other (ms): Min: 0.0, Avg: 0.0, Max: 0.0, Diff: 0.0, Sum: 0.0]
      [GC Worker Total (ms): Min: 7.1, Avg: 7.1, Max: 7.2, Diff: 0.1, Sum: 28.5]
      [GC Worker End (ms): Min: 126294052.8, Avg: 126294052.8, Max: 126294052.9, Diff: 0.1]
   [Code Root Fixup: 0.0 ms]
   [Code Root Purge: 0.0 ms]
   [Clear CT: 0.0 ms]
   [Other: 1.0 ms]
      [Choose CSet: 0.0 ms]
      [Ref Proc: 0.7 ms]
      [Ref Enq: 0.0 ms]
      [Redirty Cards: 0.0 ms]
      [Humongous Register: 0.0 ms]
      [Humongous Reclaim: 0.0 ms]
      [Free CSet: 0.1 ms]
   [Eden: 46.0M(46.0M)->0.0B(121.0M) Survivors: 5120.0K->5120.0K Heap: 197.6M(1024.0M)->152.2M(1024.0M)]
 [Times: user=0.02 sys=0.00, real=0.01 secs] 
2019-11-24T10:47:06.437+0600: 127662.191: [GC pause (G1 Evacuation Pause) (young), 0.0398633 secs]
   [Parallel Time: 34.6 ms, GC Workers: 4]
      [GC Worker Start (ms): Min: 127662193.6, Avg: 127662193.8, Max: 127662193.9, Diff: 0.3]
      [Ext Root Scanning (ms): Min: 3.9, Avg: 6.2, Max: 13.1, Diff: 9.1, Sum: 24.9]
      [Update RS (ms): Min: 0.0, Avg: 4.6, Max: 6.1, Diff: 6.1, Sum: 18.4]
         [Processed Buffers: Min: 0, Avg: 12.5, Max: 21, Diff: 21, Sum: 50]
      [Scan RS (ms): Min: 0.0, Avg: 0.0, Max: 0.0, Diff: 0.0, Sum: 0.1]
      [Code Root Scanning (ms): Min: 0.0, Avg: 0.0, Max: 0.0, Diff: 0.0, Sum: 0.0]
      [Object Copy (ms): Min: 21.0, Avg: 23.1, Max: 24.1, Diff: 3.1, Sum: 92.2]
      [Termination (ms): Min: 0.0, Avg: 0.4, Max: 0.5, Diff: 0.5, Sum: 1.4]
         [Termination Attempts: Min: 1, Avg: 1.2, Max: 2, Diff: 1, Sum: 5]
      [GC Worker Other (ms): Min: 0.0, Avg: 0.0, Max: 0.1, Diff: 0.1, Sum: 0.2]
      [GC Worker Total (ms): Min: 34.2, Avg: 34.3, Max: 34.4, Diff: 0.2, Sum: 137.2]
      [GC Worker End (ms): Min: 127662228.0, Avg: 127662228.1, Max: 127662228.1, Diff: 0.1]
   [Code Root Fixup: 0.0 ms]
   [Code Root Purge: 0.0 ms]
   [Clear CT: 0.1 ms]
   [Other: 5.2 ms]
      [Choose CSet: 0.0 ms]
      [Ref Proc: 1.9 ms]
      [Ref Enq: 0.0 ms]
      [Redirty Cards: 0.0 ms]
      [Humongous Register: 2.2 ms]
      [Humongous Reclaim: 0.0 ms]
      [Free CSet: 0.4 ms]
   [Eden: 121.0M(121.0M)->0.0B(46.0M) Survivors: 5120.0K->5120.0K Heap: 273.2M(1024.0M)->152.7M(1024.0M)]
 [Times: user=0.03 sys=0.05, real=0.04 secs] 
2019-11-24T10:55:48.289+0600: 128184.040: [GC pause (G1 Evacuation Pause) (young), 0.0119526 secs]
   [Parallel Time: 10.2 ms, GC Workers: 4]
      [GC Worker Start (ms): Min: 128184040.5, Avg: 128184040.6, Max: 128184040.8, Diff: 0.4]
      [Ext Root Scanning (ms): Min: 0.8, Avg: 1.4, Max: 2.6, Diff: 1.8, Sum: 5.6]
      [Update RS (ms): Min: 0.0, Avg: 0.8, Max: 1.1, Diff: 1.1, Sum: 3.1]
         [Processed Buffers: Min: 0, Avg: 10.8, Max: 21, Diff: 21, Sum: 43]
      [Scan RS (ms): Min: 0.0, Avg: 0.0, Max: 0.0, Diff: 0.0, Sum: 0.0]
      [Code Root Scanning (ms): Min: 0.0, Avg: 0.0, Max: 0.0, Diff: 0.0, Sum: 0.0]
      [Object Copy (ms): Min: 7.5, Avg: 7.8, Max: 7.9, Diff: 0.5, Sum: 31.0]
      [Termination (ms): Min: 0.0, Avg: 0.0, Max: 0.0, Diff: 0.0, Sum: 0.1]
         [Termination Attempts: Min: 1, Avg: 1.0, Max: 1, Diff: 0, Sum: 4]
      [GC Worker Other (ms): Min: 0.0, Avg: 0.0, Max: 0.0, Diff: 0.0, Sum: 0.1]
      [GC Worker Total (ms): Min: 9.8, Avg: 10.0, Max: 10.1, Diff: 0.4, Sum: 40.0]
      [GC Worker End (ms): Min: 128184050.6, Avg: 128184050.6, Max: 128184050.6, Diff: 0.0]
   [Code Root Fixup: 0.0 ms]
   [Code Root Purge: 0.0 ms]
   [Clear CT: 0.1 ms]
   [Other: 1.7 ms]
      [Choose CSet: 0.0 ms]
      [Ref Proc: 1.2 ms]
      [Ref Enq: 0.0 ms]
      [Redirty Cards: 0.0 ms]
      [Humongous Register: 0.1 ms]
      [Humongous Reclaim: 0.0 ms]
      [Free CSet: 0.1 ms]
   [Eden: 46.0M(46.0M)->0.0B(46.0M) Survivors: 5120.0K->5120.0K Heap: 198.7M(1024.0M)->153.1M(1024.0M)]
 [Times: user=0.02 sys=0.01, real=0.02 secs] 
2019-11-24T11:04:25.022+0600: 128700.771: [GC pause (G1 Evacuation Pause) (young), 0.0171726 secs]
   [Parallel Time: 16.4 ms, GC Workers: 4]
      [GC Worker Start (ms): Min: 128700771.1, Avg: 128700771.2, Max: 128700771.2, Diff: 0.1]
      [Ext Root Scanning (ms): Min: 0.9, Avg: 1.5, Max: 3.0, Diff: 2.2, Sum: 6.2]
      [Update RS (ms): Min: 4.3, Avg: 5.8, Max: 6.4, Diff: 2.0, Sum: 23.2]
         [Processed Buffers: Min: 4, Avg: 11.2, Max: 24, Diff: 20, Sum: 45]
      [Scan RS (ms): Min: 0.0, Avg: 0.0, Max: 0.0, Diff: 0.0, Sum: 0.0]
      [Code Root Scanning (ms): Min: 0.0, Avg: 0.0, Max: 0.0, Diff: 0.0, Sum: 0.0]
      [Object Copy (ms): Min: 8.8, Avg: 8.9, Max: 9.0, Diff: 0.3, Sum: 35.7]
      [Termination (ms): Min: 0.0, Avg: 0.0, Max: 0.0, Diff: 0.0, Sum: 0.1]
         [Termination Attempts: Min: 1, Avg: 1.8, Max: 2, Diff: 1, Sum: 7]
      [GC Worker Other (ms): Min: 0.0, Avg: 0.0, Max: 0.0, Diff: 0.0, Sum: 0.1]
      [GC Worker Total (ms): Min: 16.3, Avg: 16.3, Max: 16.4, Diff: 0.1, Sum: 65.3]
      [GC Worker End (ms): Min: 128700787.5, Avg: 128700787.5, Max: 128700787.5, Diff: 0.0]
   [Code Root Fixup: 0.0 ms]
   [Code Root Purge: 0.0 ms]
   [Clear CT: 0.0 ms]
   [Other: 0.7 ms]
      [Choose CSet: 0.0 ms]
      [Ref Proc: 0.2 ms]
      [Ref Enq: 0.0 ms]
      [Redirty Cards: 0.0 ms]
      [Humongous Register: 0.2 ms]
      [Humongous Reclaim: 0.0 ms]
      [Free CSet: 0.1 ms]
   [Eden: 46.0M(46.0M)->0.0B(46.0M) Survivors: 5120.0K->5120.0K Heap: 199.1M(1024.0M)->152.6M(1024.0M)]
 [Times: user=0.03 sys=0.01, real=0.02 secs] 
2019-11-24T11:13:01.629+0600: 129217.372: [GC pause (G1 Evacuation Pause) (young), 0.0098055 secs]
   [Parallel Time: 8.8 ms, GC Workers: 4]
      [GC Worker Start (ms): Min: 129217372.0, Avg: 129217372.1, Max: 129217372.4, Diff: 0.5]
      [Ext Root Scanning (ms): Min: 0.0, Avg: 1.2, Max: 2.5, Diff: 2.5, Sum: 4.8]
      [Update RS (ms): Min: 0.0, Avg: 1.6, Max: 3.5, Diff: 3.5, Sum: 6.3]
         [Processed Buffers: Min: 0, Avg: 11.0, Max: 33, Diff: 33, Sum: 44]
      [Scan RS (ms): Min: 0.0, Avg: 0.0, Max: 0.0, Diff: 0.0, Sum: 0.0]
      [Code Root Scanning (ms): Min: 0.0, Avg: 0.0, Max: 0.0, Diff: 0.0, Sum: 0.0]
      [Object Copy (ms): Min: 3.9, Avg: 5.1, Max: 5.6, Diff: 1.7, Sum: 20.2]
      [Termination (ms): Min: 0.0, Avg: 0.0, Max: 0.0, Diff: 0.0, Sum: 0.0]
         [Termination Attempts: Min: 1, Avg: 1.0, Max: 1, Diff: 0, Sum: 4]
      [GC Worker Other (ms): Min: 0.0, Avg: 0.7, Max: 2.8, Diff: 2.8, Sum: 2.9]
      [GC Worker Total (ms): Min: 8.2, Avg: 8.5, Max: 8.7, Diff: 0.5, Sum: 34.2]
      [GC Worker End (ms): Min: 129217380.6, Avg: 129217380.6, Max: 129217380.6, Diff: 0.0]
   [Code Root Fixup: 0.0 ms]
   [Code Root Purge: 0.0 ms]
   [Clear CT: 0.1 ms]
   [Other: 0.9 ms]
      [Choose CSet: 0.0 ms]
      [Ref Proc: 0.5 ms]
      [Ref Enq: 0.0 ms]
      [Redirty Cards: 0.1 ms]
      [Humongous Register: 0.0 ms]
      [Humongous Reclaim: 0.0 ms]
      [Free CSet: 0.1 ms]
   [Eden: 46.0M(46.0M)->0.0B(109.0M) Survivors: 5120.0K->4096.0K Heap: 198.6M(1024.0M)->152.3M(1024.0M)]
 [Times: user=0.03 sys=0.01, real=0.02 secs] 
2019-11-24T11:32:47.211+0600: 130402.945: [GC pause (G1 Evacuation Pause) (young), 0.0135958 secs]
   [Parallel Time: 12.7 ms, GC Workers: 4]
      [GC Worker Start (ms): Min: 130402945.5, Avg: 130402945.5, Max: 130402945.7, Diff: 0.2]
      [Ext Root Scanning (ms): Min: 0.7, Avg: 0.9, Max: 1.0, Diff: 0.3, Sum: 3.5]
      [Update RS (ms): Min: 1.9, Avg: 2.0, Max: 2.1, Diff: 0.1, Sum: 7.9]
         [Processed Buffers: Min: 3, Avg: 12.5, Max: 33, Diff: 30, Sum: 50]
      [Scan RS (ms): Min: 0.0, Avg: 0.0, Max: 0.0, Diff: 0.0, Sum: 0.1]
      [Code Root Scanning (ms): Min: 0.0, Avg: 0.0, Max: 0.0, Diff: 0.0, Sum: 0.0]
      [Object Copy (ms): Min: 9.6, Avg: 9.7, Max: 9.8, Diff: 0.2, Sum: 38.8]
      [Termination (ms): Min: 0.0, Avg: 0.0, Max: 0.0, Diff: 0.0, Sum: 0.0]
         [Termination Attempts: Min: 1, Avg: 1.5, Max: 2, Diff: 1, Sum: 6]
      [GC Worker Other (ms): Min: 0.0, Avg: 0.1, Max: 0.1, Diff: 0.0, Sum: 0.3]
      [GC Worker Total (ms): Min: 12.5, Avg: 12.6, Max: 12.7, Diff: 0.2, Sum: 50.6]
      [GC Worker End (ms): Min: 130402958.2, Avg: 130402958.2, Max: 130402958.2, Diff: 0.0]
   [Code Root Fixup: 0.0 ms]
   [Code Root Purge: 0.0 ms]
   [Clear CT: 0.1 ms]
   [Other: 0.7 ms]
      [Choose CSet: 0.0 ms]
      [Ref Proc: 0.3 ms]
      [Ref Enq: 0.0 ms]
      [Redirty Cards: 0.0 ms]
      [Humongous Register: 0.0 ms]
      [Humongous Reclaim: 0.0 ms]
      [Free CSet: 0.1 ms]
   [Eden: 109.0M(109.0M)->0.0B(137.0M) Survivors: 4096.0K->7168.0K Heap: 261.3M(1024.0M)->155.2M(1024.0M)]
 [Times: user=0.04 sys=0.01, real=0.01 secs] 
2019-11-24T11:58:38.101+0600: 131953.824: [GC pause (G1 Evacuation Pause) (young), 0.0490208 secs]
   [Parallel Time: 44.9 ms, GC Workers: 4]
      [GC Worker Start (ms): Min: 131953826.6, Avg: 131953826.7, Max: 131953826.8, Diff: 0.3]
      [Ext Root Scanning (ms): Min: 3.3, Avg: 5.7, Max: 12.5, Diff: 9.2, Sum: 22.7]
      [Update RS (ms): Min: 0.0, Avg: 1.7, Max: 3.0, Diff: 3.0, Sum: 6.7]
         [Processed Buffers: Min: 0, Avg: 11.2, Max: 19, Diff: 19, Sum: 45]
      [Scan RS (ms): Min: 0.0, Avg: 0.0, Max: 0.0, Diff: 0.0, Sum: 0.1]
      [Code Root Scanning (ms): Min: 0.0, Avg: 0.0, Max: 0.0, Diff: 0.0, Sum: 0.0]
      [Object Copy (ms): Min: 31.4, Avg: 36.4, Max: 38.3, Diff: 6.9, Sum: 145.6]
      [Termination (ms): Min: 0.0, Avg: 0.8, Max: 1.3, Diff: 1.3, Sum: 3.4]
         [Termination Attempts: Min: 1, Avg: 1.5, Max: 2, Diff: 1, Sum: 6]
      [GC Worker Other (ms): Min: 0.0, Avg: 0.0, Max: 0.0, Diff: 0.0, Sum: 0.1]
      [GC Worker Total (ms): Min: 44.5, Avg: 44.6, Max: 44.8, Diff: 0.3, Sum: 178.5]
      [GC Worker End (ms): Min: 131953871.3, Avg: 131953871.3, Max: 131953871.3, Diff: 0.0]
   [Code Root Fixup: 0.0 ms]
   [Code Root Purge: 0.0 ms]
   [Clear CT: 0.1 ms]
   [Other: 4.1 ms]
      [Choose CSet: 0.0 ms]
      [Ref Proc: 1.3 ms]
      [Ref Enq: 0.0 ms]
      [Redirty Cards: 0.0 ms]
      [Humongous Register: 1.9 ms]
      [Humongous Reclaim: 0.0 ms]
      [Free CSet: 0.2 ms]
   [Eden: 137.0M(137.0M)->0.0B(45.0M) Survivors: 7168.0K->6144.0K Heap: 292.2M(1024.0M)->154.8M(1024.0M)]
 [Times: user=0.03 sys=0.06, real=0.05 secs] 
2019-11-24T12:07:03.985+0600: 132459.705: [GC pause (G1 Evacuation Pause) (young), 0.0290177 secs]
   [Parallel Time: 23.8 ms, GC Workers: 4]
      [GC Worker Start (ms): Min: 132459707.7, Avg: 132459707.8, Max: 132459707.8, Diff: 0.1]
      [Ext Root Scanning (ms): Min: 3.8, Avg: 7.7, Max: 19.4, Diff: 15.6, Sum: 30.9]
      [Update RS (ms): Min: 0.0, Avg: 4.2, Max: 5.7, Diff: 5.7, Sum: 16.8]
         [Processed Buffers: Min: 0, Avg: 11.2, Max: 28, Diff: 28, Sum: 45]
      [Scan RS (ms): Min: 0.0, Avg: 0.0, Max: 0.0, Diff: 0.0, Sum: 0.0]
      [Code Root Scanning (ms): Min: 0.0, Avg: 0.0, Max: 0.0, Diff: 0.0, Sum: 0.0]
      [Object Copy (ms): Min: 3.1, Avg: 10.6, Max: 13.4, Diff: 10.3, Sum: 42.4]
      [Termination (ms): Min: 0.0, Avg: 0.8, Max: 1.1, Diff: 1.1, Sum: 3.3]
         [Termination Attempts: Min: 1, Avg: 1.2, Max: 2, Diff: 1, Sum: 5]
      [GC Worker Other (ms): Min: 0.0, Avg: 0.1, Max: 0.1, Diff: 0.1, Sum: 0.2]
      [GC Worker Total (ms): Min: 23.0, Avg: 23.4, Max: 23.7, Diff: 0.7, Sum: 93.7]
      [GC Worker End (ms): Min: 132459730.7, Avg: 132459731.2, Max: 132459731.4, Diff: 0.6]
   [Code Root Fixup: 0.0 ms]
   [Code Root Purge: 0.0 ms]
   [Clear CT: 0.1 ms]
   [Other: 5.1 ms]
      [Choose CSet: 0.0 ms]
      [Ref Proc: 1.9 ms]
      [Ref Enq: 0.0 ms]
      [Redirty Cards: 0.0 ms]
      [Humongous Register: 2.1 ms]
      [Humongous Reclaim: 0.0 ms]
      [Free CSet: 0.2 ms]
   [Eden: 45.0M(45.0M)->0.0B(46.0M) Survivors: 6144.0K->5120.0K Heap: 199.8M(1024.0M)->154.6M(1024.0M)]
 [Times: user=0.03 sys=0.04, real=0.03 secs] 
2019-11-24T12:15:42.100+0600: 132977.818: [GC pause (G1 Evacuation Pause) (young), 0.0191990 secs]
   [Parallel Time: 18.6 ms, GC Workers: 4]
      [GC Worker Start (ms): Min: 132977818.0, Avg: 132977818.0, Max: 132977818.1, Diff: 0.2]
      [Ext Root Scanning (ms): Min: 0.9, Avg: 1.1, Max: 1.2, Diff: 0.3, Sum: 4.5]
      [Update RS (ms): Min: 3.0, Avg: 3.1, Max: 3.2, Diff: 0.2, Sum: 12.3]
         [Processed Buffers: Min: 4, Avg: 13.2, Max: 21, Diff: 17, Sum: 53]
      [Scan RS (ms): Min: 0.0, Avg: 0.0, Max: 0.0, Diff: 0.0, Sum: 0.0]
      [Code Root Scanning (ms): Min: 0.0, Avg: 0.0, Max: 0.0, Diff: 0.0, Sum: 0.0]
      [Object Copy (ms): Min: 14.2, Avg: 14.3, Max: 14.3, Diff: 0.1, Sum: 57.0]
      [Termination (ms): Min: 0.1, Avg: 0.1, Max: 0.1, Diff: 0.0, Sum: 0.3]
         [Termination Attempts: Min: 2, Avg: 6.8, Max: 11, Diff: 9, Sum: 27]
      [GC Worker Other (ms): Min: 0.0, Avg: 0.0, Max: 0.0, Diff: 0.0, Sum: 0.0]
      [GC Worker Total (ms): Min: 18.4, Avg: 18.6, Max: 18.6, Diff: 0.1, Sum: 74.2]
      [GC Worker End (ms): Min: 132977836.6, Avg: 132977836.6, Max: 132977836.6, Diff: 0.0]
   [Code Root Fixup: 0.0 ms]
   [Code Root Purge: 0.0 ms]
   [Clear CT: 0.0 ms]
   [Other: 0.5 ms]
      [Choose CSet: 0.0 ms]
      [Ref Proc: 0.2 ms]
      [Ref Enq: 0.0 ms]
      [Redirty Cards: 0.0 ms]
      [Humongous Register: 0.1 ms]
      [Humongous Reclaim: 0.0 ms]
      [Free CSet: 0.1 ms]
   [Eden: 46.0M(46.0M)->0.0B(46.0M) Survivors: 5120.0K->5120.0K Heap: 200.6M(1024.0M)->154.6M(1024.0M)]
 [Times: user=0.03 sys=0.02, real=0.02 secs] 
2019-11-24T12:23:38.330+0600: 133454.047: [GC pause (G1 Evacuation Pause) (young), 0.0251950 secs]
   [Parallel Time: 20.8 ms, GC Workers: 4]
      [GC Worker Start (ms): Min: 133454051.0, Avg: 133454051.1, Max: 133454051.2, Diff: 0.2]
      [Ext Root Scanning (ms): Min: 2.9, Avg: 6.3, Max: 14.0, Diff: 11.1, Sum: 25.3]
      [Update RS (ms): Min: 0.0, Avg: 1.7, Max: 2.3, Diff: 2.3, Sum: 6.8]
         [Processed Buffers: Min: 0, Avg: 10.8, Max: 24, Diff: 24, Sum: 43]
      [Scan RS (ms): Min: 0.0, Avg: 0.0, Max: 0.0, Diff: 0.0, Sum: 0.0]
      [Code Root Scanning (ms): Min: 0.0, Avg: 0.0, Max: 0.0, Diff: 0.0, Sum: 0.0]
      [Object Copy (ms): Min: 6.5, Avg: 11.5, Max: 13.2, Diff: 6.8, Sum: 45.8]
      [Termination (ms): Min: 0.0, Avg: 0.0, Max: 0.0, Diff: 0.0, Sum: 0.1]
         [Termination Attempts: Min: 3, Avg: 3.2, Max: 4, Diff: 1, Sum: 13]
      [GC Worker Other (ms): Min: 0.1, Avg: 1.1, Max: 2.2, Diff: 2.1, Sum: 4.3]
      [GC Worker Total (ms): Min: 20.5, Avg: 20.6, Max: 20.7, Diff: 0.2, Sum: 82.4]
      [GC Worker End (ms): Min: 133454071.7, Avg: 133454071.7, Max: 133454071.7, Diff: 0.0]
   [Code Root Fixup: 0.0 ms]
   [Code Root Purge: 0.0 ms]
   [Clear CT: 0.1 ms]
   [Other: 4.4 ms]
      [Choose CSet: 0.0 ms]
      [Ref Proc: 0.3 ms]
      [Ref Enq: 0.0 ms]
      [Redirty Cards: 0.0 ms]
      [Humongous Register: 2.2 ms]
      [Humongous Reclaim: 0.0 ms]
      [Free CSet: 0.2 ms]
   [Eden: 46.0M(46.0M)->0.0B(45.0M) Survivors: 5120.0K->6144.0K Heap: 200.6M(1024.0M)->156.1M(1024.0M)]
 [Times: user=0.03 sys=0.05, real=0.02 secs] 
2019-11-24T12:31:59.394+0600: 133955.108: [GC pause (G1 Evacuation Pause) (young), 0.0296453 secs]
   [Parallel Time: 25.8 ms, GC Workers: 4]
      [GC Worker Start (ms): Min: 133955110.4, Avg: 133955110.5, Max: 133955110.5, Diff: 0.2]
      [Ext Root Scanning (ms): Min: 3.1, Avg: 7.2, Max: 17.8, Diff: 14.7, Sum: 28.9]
      [Update RS (ms): Min: 0.0, Avg: 2.3, Max: 3.2, Diff: 3.2, Sum: 9.2]
         [Processed Buffers: Min: 0, Avg: 11.2, Max: 21, Diff: 21, Sum: 45]
      [Scan RS (ms): Min: 0.0, Avg: 0.0, Max: 0.1, Diff: 0.1, Sum: 0.1]
      [Code Root Scanning (ms): Min: 0.0, Avg: 0.0, Max: 0.0, Diff: 0.0, Sum: 0.0]
      [Object Copy (ms): Min: 7.6, Avg: 15.0, Max: 17.6, Diff: 10.0, Sum: 59.9]
      [Termination (ms): Min: 0.0, Avg: 0.4, Max: 0.5, Diff: 0.5, Sum: 1.6]
         [Termination Attempts: Min: 1, Avg: 1.0, Max: 1, Diff: 0, Sum: 4]
      [GC Worker Other (ms): Min: 0.0, Avg: 0.7, Max: 1.5, Diff: 1.5, Sum: 2.7]
      [GC Worker Total (ms): Min: 25.5, Avg: 25.6, Max: 25.7, Diff: 0.2, Sum: 102.3]
      [GC Worker End (ms): Min: 133955136.0, Avg: 133955136.0, Max: 133955136.0, Diff: 0.1]
   [Code Root Fixup: 0.0 ms]
   [Code Root Purge: 0.0 ms]
   [Clear CT: 0.1 ms]
   [Other: 3.8 ms]
      [Choose CSet: 0.0 ms]
      [Ref Proc: 0.9 ms]
      [Ref Enq: 0.0 ms]
      [Redirty Cards: 0.1 ms]
      [Humongous Register: 2.0 ms]
      [Humongous Reclaim: 0.0 ms]
      [Free CSet: 0.3 ms]
   [Eden: 45.0M(45.0M)->0.0B(46.0M) Survivors: 6144.0K->5120.0K Heap: 201.1M(1024.0M)->155.7M(1024.0M)]
 [Times: user=0.03 sys=0.04, real=0.03 secs] 
2019-11-24T12:40:39.700+0600: 134475.411: [GC pause (G1 Evacuation Pause) (young), 0.0164890 secs]
   [Parallel Time: 15.6 ms, GC Workers: 4]
      [GC Worker Start (ms): Min: 134475411.7, Avg: 134475411.7, Max: 134475411.8, Diff: 0.1]
      [Ext Root Scanning (ms): Min: 0.8, Avg: 1.6, Max: 2.7, Diff: 2.0, Sum: 6.3]
      [Update RS (ms): Min: 2.5, Avg: 3.3, Max: 4.2, Diff: 1.7, Sum: 13.1]
         [Processed Buffers: Min: 2, Avg: 12.0, Max: 29, Diff: 27, Sum: 48]
      [Scan RS (ms): Min: 0.0, Avg: 0.0, Max: 0.0, Diff: 0.0, Sum: 0.0]
      [Code Root Scanning (ms): Min: 0.0, Avg: 0.0, Max: 0.0, Diff: 0.0, Sum: 0.0]
      [Object Copy (ms): Min: 8.6, Avg: 9.7, Max: 11.4, Diff: 2.9, Sum: 38.8]
      [Termination (ms): Min: 0.0, Avg: 0.7, Max: 1.3, Diff: 1.3, Sum: 2.9]
         [Termination Attempts: Min: 1, Avg: 2.0, Max: 3, Diff: 2, Sum: 8]
      [GC Worker Other (ms): Min: 0.0, Avg: 0.2, Max: 0.6, Diff: 0.5, Sum: 0.7]
      [GC Worker Total (ms): Min: 15.4, Avg: 15.4, Max: 15.5, Diff: 0.0, Sum: 61.7]
      [GC Worker End (ms): Min: 134475427.1, Avg: 134475427.2, Max: 134475427.2, Diff: 0.1]
   [Code Root Fixup: 0.0 ms]
   [Code Root Purge: 0.0 ms]
   [Clear CT: 0.1 ms]
   [Other: 0.8 ms]
      [Choose CSet: 0.0 ms]
      [Ref Proc: 0.2 ms]
      [Ref Enq: 0.0 ms]
      [Redirty Cards: 0.0 ms]
      [Humongous Register: 0.2 ms]
      [Humongous Reclaim: 0.0 ms]
      [Free CSet: 0.1 ms]
   [Eden: 46.0M(46.0M)->0.0B(46.0M) Survivors: 5120.0K->5120.0K Heap: 201.7M(1024.0M)->156.5M(1024.0M)]
 [Times: user=0.04 sys=0.01, real=0.01 secs] 
2019-11-24T12:49:18.617+0600: 134994.326: [GC pause (G1 Evacuation Pause) (young), 0.0284093 secs]
   [Parallel Time: 24.1 ms, GC Workers: 4]
      [GC Worker Start (ms): Min: 134994328.5, Avg: 134994328.6, Max: 134994328.7, Diff: 0.1]
      [Ext Root Scanning (ms): Min: 2.8, Avg: 5.4, Max: 11.7, Diff: 8.8, Sum: 21.4]
      [Update RS (ms): Min: 0.0, Avg: 4.6, Max: 6.5, Diff: 6.5, Sum: 18.6]
         [Processed Buffers: Min: 0, Avg: 12.2, Max: 28, Diff: 28, Sum: 49]
      [Scan RS (ms): Min: 0.0, Avg: 0.0, Max: 0.0, Diff: 0.0, Sum: 0.0]
      [Code Root Scanning (ms): Min: 0.0, Avg: 0.0, Max: 0.0, Diff: 0.0, Sum: 0.0]
      [Object Copy (ms): Min: 11.8, Avg: 13.3, Max: 14.3, Diff: 2.6, Sum: 53.2]
      [Termination (ms): Min: 0.0, Avg: 0.4, Max: 0.6, Diff: 0.6, Sum: 1.6]
         [Termination Attempts: Min: 1, Avg: 1.5, Max: 2, Diff: 1, Sum: 6]
      [GC Worker Other (ms): Min: 0.0, Avg: 0.2, Max: 0.6, Diff: 0.6, Sum: 0.7]
      [GC Worker Total (ms): Min: 23.8, Avg: 23.9, Max: 24.0, Diff: 0.2, Sum: 95.6]
      [GC Worker End (ms): Min: 134994352.5, Avg: 134994352.5, Max: 134994352.5, Diff: 0.0]
   [Code Root Fixup: 0.0 ms]
   [Code Root Purge: 0.0 ms]
   [Clear CT: 0.1 ms]
   [Other: 4.2 ms]
      [Choose CSet: 0.0 ms]
      [Ref Proc: 0.9 ms]
      [Ref Enq: 0.0 ms]
      [Redirty Cards: 0.0 ms]
      [Humongous Register: 2.3 ms]
      [Humongous Reclaim: 0.0 ms]
      [Free CSet: 0.3 ms]
   [Eden: 46.0M(46.0M)->0.0B(46.0M) Survivors: 5120.0K->5120.0K Heap: 202.5M(1024.0M)->156.5M(1024.0M)]
 [Times: user=0.03 sys=0.04, real=0.03 secs] 
el Time: 23.7 ms, GC Workers: 4]
      [GC Worker Start (ms): Min: 133421613.5, Avg: 133421613.6, Max: 133421613.7, Diff: 0.2]
      [Ext Root Scanning (ms): Min: 4.1, Avg: 7.4, Max: 16.7, Diff: 12.6, Sum: 29.7]
      [Update RS (ms): Min: 0.0, Avg: 2.0, Max: 2.9, Diff: 2.9, Sum: 8.0]
         [Processed Buffers: Min: 0, Avg: 10.2, Max: 25, Diff: 25, Sum: 41]
      [Scan RS (ms): Min: 0.0, Avg: 0.0, Max: 0.1, Diff: 0.1, Sum: 0.1]
      [Code Root Scanning (ms): Min: 0.0, Avg: 0.0, Max: 0.0, Diff: 0.0, Sum: 0.0]
      [Object Copy (ms): Min: 6.3, Avg: 13.6, Max: 16.4, Diff: 10.0, Sum: 54.2]
      [Termination (ms): Min: 0.0, Avg: 0.4, Max: 0.5, Diff: 0.5, Sum: 1.6]
         [Termination Attempts: Min: 1, Avg: 1.0, Max: 1, Diff: 0, Sum: 4]
      [GC Worker Other (ms): Min: 0.0, Avg: 0.1, Max: 0.1, Diff: 0.1, Sum: 0.3]
      [GC Worker Total (ms): Min: 23.4, Avg: 23.5, Max: 23.6, Diff: 0.2, Sum: 94.0]
      [GC Worker End (ms): Min: 133421637.1, Avg: 133421637.1, Max: 133421637.1, Diff: 0.0]
   [Code Root Fixup: 0.0 ms]
   [Code Root Purge: 0.0 ms]
   [Clear CT: 0.2 ms]
   [Other: 3.4 ms]
      [Choose CSet: 0.0 ms]
      [Ref Proc: 0.4 ms]
      [Ref Enq: 0.0 ms]
      [Redirty Cards: 0.0 ms]
      [Humongous Register: 1.8 ms]
      [Humongous Reclaim: 0.0 ms]
      [Free CSet: 0.3 ms]
   [Eden: 139.0M(139.0M)->0.0B(46.0M) Survivors: 5120.0K->5120.0K Heap: 289.4M(1024.0M)->150.9M(1024.0M)]
 [Times: user=0.02 sys=0.04, real=0.03 secs] 
2019-11-24T12:30:01.290+0600: 133841.471: [GC pause (G1 Evacuation Pause) (young), 0.0235147 secs]
   [Parallel Time: 19.9 ms, GC Workers: 4]
      [GC Worker Start (ms): Min: 133841474.6, Avg: 133841474.7, Max: 133841474.8, Diff: 0.2]
      [Ext Root Scanning (ms): Min: 5.3, Avg: 8.9, Max: 19.4, Diff: 14.1, Sum: 35.4]
      [Update RS (ms): Min: 0.0, Avg: 1.1, Max: 1.6, Diff: 1.6, Sum: 4.6]
         [Processed Buffers: Min: 0, Avg: 10.2, Max: 19, Diff: 19, Sum: 41]
      [Scan RS (ms): Min: 0.0, Avg: 0.0, Max: 0.0, Diff: 0.0, Sum: 0.0]
      [Code Root Scanning (ms): Min: 0.0, Avg: 0.0, Max: 0.0, Diff: 0.0, Sum: 0.0]
      [Object Copy (ms): Min: 0.0, Avg: 8.5, Max: 11.6, Diff: 11.6, Sum: 34.1]
      [Termination (ms): Min: 0.0, Avg: 0.7, Max: 1.0, Diff: 1.0, Sum: 3.0]
         [Termination Attempts: Min: 1, Avg: 1.5, Max: 2, Diff: 1, Sum: 6]
      [GC Worker Other (ms): Min: 0.0, Avg: 0.0, Max: 0.1, Diff: 0.0, Sum: 0.2]
      [GC Worker Total (ms): Min: 19.2, Avg: 19.3, Max: 19.4, Diff: 0.3, Sum: 77.2]
      [GC Worker End (ms): Min: 133841494.0, Avg: 133841494.0, Max: 133841494.1, Diff: 0.1]
   [Code Root Fixup: 0.0 ms]
   [Code Root Purge: 0.0 ms]
   [Clear CT: 0.0 ms]
   [Other: 3.6 ms]
      [Choose CSet: 0.0 ms]
      [Ref Proc: 0.3 ms]
      [Ref Enq: 0.0 ms]
      [Redirty Cards: 0.0 ms]
      [Humongous Register: 2.1 ms]
      [Humongous Reclaim: 0.0 ms]
      [Free CSet: 0.2 ms]
   [Eden: 46.0M(46.0M)->0.0B(47.0M) Survivors: 5120.0K->4096.0K Heap: 196.9M(1024.0M)->149.9M(1024.0M)]
 [Times: user=0.02 sys=0.03, real=0.02 secs] 
2019-11-24T12:37:04.307+0600: 134264.486: [GC pause (G1 Evacuation Pause) (young), 0.0126758 secs]
   [Parallel Time: 10.0 ms, GC Workers: 4]
      [GC Worker Start (ms): Min: 134264486.1, Avg: 134264486.1, Max: 134264486.3, Diff: 0.2]
      [Ext Root Scanning (ms): Min: 1.8, Avg: 2.4, Max: 2.9, Diff: 1.1, Sum: 9.7]
      [Update RS (ms): Min: 0.0, Avg: 0.3, Max: 0.7, Diff: 0.7, Sum: 1.1]
         [Processed Buffers: Min: 6, Avg: 9.2, Max: 11, Diff: 5, Sum: 37]
      [Scan RS (ms): Min: 0.0, Avg: 0.0, Max: 0.0, Diff: 0.0, Sum: 0.0]
      [Code Root Scanning (ms): Min: 0.0, Avg: 0.0, Max: 0.0, Diff: 0.0, Sum: 0.0]
      [Object Copy (ms): Min: 6.5, Avg: 6.9, Max: 7.4, Diff: 0.9, Sum: 27.5]
      [Termination (ms): Min: 0.0, Avg: 0.0, Max: 0.0, Diff: 0.0, Sum: 0.0]
         [Termination Attempts: Min: 1, Avg: 1.0, Max: 1, Diff: 0, Sum: 4]
      [GC Worker Other (ms): Min: 0.0, Avg: 0.0, Max: 0.1, Diff: 0.1, Sum: 0.2]
      [GC Worker Total (ms): Min: 9.5, Avg: 9.6, Max: 9.7, Diff: 0.2, Sum: 38.5]
      [GC Worker End (ms): Min: 134264495.8, Avg: 134264495.8, Max: 134264495.8, Diff: 0.0]
   [Code Root Fixup: 0.0 ms]
   [Code Root Purge: 0.0 ms]
   [Clear CT: 0.1 ms]
   [Other: 2.6 ms]
      [Choose CSet: 0.0 ms]
      [Ref Proc: 1.8 ms]
      [Ref Enq: 0.0 ms]
      [Redirty Cards: 0.1 ms]
      [Humongous Register: 0.1 ms]
      [Humongous Reclaim: 0.0 ms]
      [Free CSet: 0.0 ms]
   [Eden: 47.0M(47.0M)->0.0B(82.0M) Survivors: 4096.0K->4096.0K Heap: 196.9M(1024.0M)->149.4M(1024.0M)]
 [Times: user=0.02 sys=0.00, real=0.02 secs] 
2019-11-24T12:49:28.937+0600: 135009.112: [GC pause (G1 Evacuation Pause) (young), 0.0506297 secs]
   [Parallel Time: 37.9 ms, GC Workers: 4]
      [GC Worker Start (ms): Min: 135009116.7, Avg: 135009117.7, Max: 135009118.8, Diff: 2.1]
      [Ext Root Scanning (ms): Min: 5.3, Avg: 11.8, Max: 29.0, Diff: 23.7, Sum: 47.1]
      [Update RS (ms): Min: 0.0, Avg: 2.7, Max: 3.7, Diff: 3.7, Sum: 10.8]
         [Processed Buffers: Min: 0, Avg: 10.2, Max: 25, Diff: 25, Sum: 41]
      [Scan RS (ms): Min: 0.0, Avg: 0.0, Max: 0.1, Diff: 0.1, Sum: 0.1]
      [Code Root Scanning (ms): Min: 0.0, Avg: 0.0, Max: 0.0, Diff: 0.0, Sum: 0.0]
      [Object Copy (ms): Min: 8.0, Avg: 21.2, Max: 26.1, Diff: 18.1, Sum: 85.0]
      [Termination (ms): Min: 0.0, Avg: 0.7, Max: 1.1, Diff: 1.1, Sum: 2.9]
         [Termination Attempts: Min: 1, Avg: 1.0, Max: 1, Diff: 0, Sum: 4]
      [GC Worker Other (ms): Min: 0.0, Avg: 0.2, Max: 0.6, Diff: 0.5, Sum: 0.7]
      [GC Worker Total (ms): Min: 35.6, Avg: 36.6, Max: 37.8, Diff: 2.2, Sum: 146.6]
      [GC Worker End (ms): Min: 135009154.3, Avg: 135009154.4, Max: 135009154.5, Diff: 0.2]
   [Code Root Fixup: 0.0 ms]
   [Code Root Purge: 0.0 ms]
   [Clear CT: 0.1 ms]
   [Other: 12.6 ms]
      [Choose CSet: 0.0 ms]
      [Ref Proc: 7.0 ms]
      [Ref Enq: 0.0 ms]
      [Redirty Cards: 0.1 ms]
      [Humongous Register: 4.3 ms]
      [Humongous Reclaim: 0.0 ms]
      [Free CSet: 0.4 ms]
   [Eden: 82.0M(82.0M)->0.0B(46.0M) Survivors: 4096.0K->5120.0K Heap: 231.4M(1024.0M)->150.4M(1024.0M)]
 [Times: user=0.03 sys=0.05, real=0.05 secs] 
